Component: Arm Compiler for Embedded 6.19 Tool: armlink [5e73cb00]

==============================================================================

Section Cross References

    main.o(.text.main) refers to myfunctions.o(.text.clockInit) for clockInit
    main.o(.text.main) refers to usart.o(.text.serial_open) for serial_open
    main.o(.text.main) refers to timer.o(.text.updateTimer) for updateTimer
    main.o(.text.main) refers to staticstructure.o(.text.displaySetup) for displaySetup
    main.o(.text.main) refers to timer.o(.text.interruptPC13setup) for interruptPC13setup
    main.o(.text.main) refers to queue.o(.text.xQueueGenericCreate) for xQueueGenericCreate
    main.o(.text.main) refers to main.o(.bss.xCommandQueue) for xCommandQueue
    main.o(.text.main) refers to main.o(.bss.xDrawQueue) for xDrawQueue
    main.o(.text.main) refers to tasking.o(.text.TaskHandleUserInput) for TaskHandleUserInput
    main.o(.text.main) refers to tasks_1.o(.text.xTaskCreate) for xTaskCreate
    main.o(.text.main) refers to main.o(.rodata.str1.1) for .L.str.2
    main.o(.text.main) refers to tasking.o(.text.timeElapsed) for timeElapsed
    main.o(.text.main) refers to tasking.o(.text.floorStatus) for floorStatus
    main.o(.text.main) refers to main.o(.data.statusMessage) for statusMessage
    main.o(.text.main) refers to tasking.o(.text.status) for status
    main.o(.text.main) refers to tasking.o(.text.TaskProcessCommand) for TaskProcessCommand
    main.o(.text.main) refers to tasking.o(.text.draw) for draw
    main.o(.text.main) refers to tasks_1.o(.text.vTaskStartScheduler) for vTaskStartScheduler
    main.o(.ARM.exidx.text.main) refers to main.o(.text.main) for [Anonymous Symbol]
    main.o(.data.statusMessage) refers to main.o(.rodata.str1.1) for [Anonymous Symbol]
    cli.o(.text) refers (Special) to _printf_percent.o(.ARM.Collect$$_printf_percent$$00000000) for _printf_percent
    cli.o(.text) refers (Special) to _printf_d.o(.ARM.Collect$$_printf_percent$$00000009) for _printf_d
    cli.o(.text) refers (Special) to _printf_dec.o(.text) for _printf_int_dec
    cli.o(.text.CLI_Transmit) refers (Special) to _printf_percent.o(.ARM.Collect$$_printf_percent$$00000000) for _printf_percent
    cli.o(.text.CLI_Transmit) refers (Special) to _printf_d.o(.ARM.Collect$$_printf_percent$$00000009) for _printf_d
    cli.o(.text.CLI_Transmit) refers (Special) to _printf_dec.o(.text) for _printf_int_dec
    cli.o(.text.CLI_Transmit) refers to usart.o(.text.sendbyte) for sendbyte
    cli.o(.ARM.exidx.text.CLI_Transmit) refers (Special) to _printf_percent.o(.ARM.Collect$$_printf_percent$$00000000) for _printf_percent
    cli.o(.ARM.exidx.text.CLI_Transmit) refers (Special) to _printf_d.o(.ARM.Collect$$_printf_percent$$00000009) for _printf_d
    cli.o(.ARM.exidx.text.CLI_Transmit) refers (Special) to _printf_dec.o(.text) for _printf_int_dec
    cli.o(.ARM.exidx.text.CLI_Transmit) refers to cli.o(.text.CLI_Transmit) for [Anonymous Symbol]
    cli.o(.text.CLI_Receive) refers (Special) to _printf_percent.o(.ARM.Collect$$_printf_percent$$00000000) for _printf_percent
    cli.o(.text.CLI_Receive) refers (Special) to _printf_d.o(.ARM.Collect$$_printf_percent$$00000009) for _printf_d
    cli.o(.text.CLI_Receive) refers (Special) to _printf_dec.o(.text) for _printf_int_dec
    cli.o(.text.CLI_Receive) refers to usart.o(.text.sendbyte) for sendbyte
    cli.o(.text.CLI_Receive) refers to usart.o(.text.getbyte) for getbyte
    cli.o(.ARM.exidx.text.CLI_Receive) refers (Special) to _printf_percent.o(.ARM.Collect$$_printf_percent$$00000000) for _printf_percent
    cli.o(.ARM.exidx.text.CLI_Receive) refers (Special) to _printf_d.o(.ARM.Collect$$_printf_percent$$00000009) for _printf_d
    cli.o(.ARM.exidx.text.CLI_Receive) refers (Special) to _printf_dec.o(.text) for _printf_int_dec
    cli.o(.ARM.exidx.text.CLI_Receive) refers to cli.o(.text.CLI_Receive) for [Anonymous Symbol]
    cli.o(.text.display) refers (Special) to _printf_percent.o(.ARM.Collect$$_printf_percent$$00000000) for _printf_percent
    cli.o(.text.display) refers (Special) to _printf_d.o(.ARM.Collect$$_printf_percent$$00000009) for _printf_d
    cli.o(.text.display) refers (Special) to _printf_dec.o(.text) for _printf_int_dec
    cli.o(.text.display) refers to cli.o(.rodata.str1.1) for .L.str
    cli.o(.text.display) refers to noretval__2sprintf.o(.text) for __2sprintf
    cli.o(.text.display) refers to strlen.o(.text) for strlen
    cli.o(.text.display) refers to usart.o(.text.sendbyte) for sendbyte
    cli.o(.ARM.exidx.text.display) refers (Special) to _printf_percent.o(.ARM.Collect$$_printf_percent$$00000000) for _printf_percent
    cli.o(.ARM.exidx.text.display) refers (Special) to _printf_d.o(.ARM.Collect$$_printf_percent$$00000009) for _printf_d
    cli.o(.ARM.exidx.text.display) refers (Special) to _printf_dec.o(.text) for _printf_int_dec
    cli.o(.ARM.exidx.text.display) refers to cli.o(.text.display) for [Anonymous Symbol]
[...]
    [Anonymous Symbol]                       0x08000a14   Section        0  cmsis_os2.o(.text.SysTick_Handler)
    [Anonymous Symbol]                       0x08000a34   Section        0  system_stm32f10x.o(.text.SystemInit)
    [Anonymous Symbol]                       0x08000b44   Section        0  timer.o(.text.TIM3_IRQHandler)
    [Anonymous Symbol]                       0x08000b6c   Section        0  tasking.o(.text.TaskHandleUserInput)
    [Anonymous Symbol]                       0x08000c34   Section        0  tasking.o(.text.TaskProcessCommand)
    [Anonymous Symbol]                       0x08000c68   Section        0  usart.o(.text.USART2_IRQHandler)
    __tagsym$$used.1                         0x08000ca4   Number         0  clib_arm.o(.text._mutex_acquire)
    [Anonymous Symbol]                       0x08000ca4   Section        0  clib_arm.o(.text._mutex_acquire)
    __tagsym$$used.3                         0x08000cc8   Number         0  clib_arm.o(.text._mutex_free)
    [Anonymous Symbol]                       0x08000cc8   Section        0  clib_arm.o(.text._mutex_free)
    __tagsym$$used.0                         0x08000cf8   Number         0  clib_arm.o(.text._mutex_initialize)
    [Anonymous Symbol]                       0x08000cf8   Section        0  clib_arm.o(.text._mutex_initialize)
    __tagsym$$used.2                         0x08000d54   Number         0  clib_arm.o(.text._mutex_release)
    [Anonymous Symbol]                       0x08000d54   Section        0  clib_arm.o(.text._mutex_release)
    [Anonymous Symbol]                       0x08000d7c   Section        0  clib_arm.o(.text._platform_post_stackheap_init)
    [Anonymous Symbol]                       0x08000d80   Section        0  myfunctions.o(.text.characterToInt)
    [Anonymous Symbol]                       0x08000dc8   Section        0  cli.o(.text.clearScreenFromRow)
    [Anonymous Symbol]                       0x08000e5c   Section        0  myfunctions.o(.text.clockInit)
    [Anonymous Symbol]                       0x08000ef4   Section        0  cli.o(.text.convertToString)
    [Anonymous Symbol]                       0x08000f18   Section        0  myfunctions.o(.text.delay)
    [Anonymous Symbol]                       0x08000f44   Section        0  cli.o(.text.display)
    [Anonymous Symbol]                       0x08000f98   Section        0  staticstructure.o(.text.displayBox)
    [Anonymous Symbol]                       0x080010c8   Section        0  staticstructure.o(.text.displaySetup)
    [Anonymous Symbol]                       0x0800120c   Section        0  tasking.o(.text.draw)
    [Anonymous Symbol]                       0x08001298   Section        0  staticstructure.o(.text.drawFifth)
    [Anonymous Symbol]                       0x08001390   Section        0  staticstructure.o(.text.drawFirst)
    [Anonymous Symbol]                       0x08001488   Section        0  staticstructure.o(.text.drawForth)
    [Anonymous Symbol]                       0x08001580   Section        0  staticstructure.o(.text.drawSecond)
    [Anonymous Symbol]                       0x08001678   Section        0  staticstructure.o(.text.drawThird)
    [Anonymous Symbol]                       0x08001770   Section        0  tasking.o(.text.floorStatus)
    [Anonymous Symbol]                       0x080017c0   Section        0  staticstructure.o(.text.instructions)
    [Anonymous Symbol]                       0x08001910   Section        0  timer.o(.text.interruptPC13setup)
    [Anonymous Symbol]                       0x08001968   Section        0  main.o(.text.main)
    [Anonymous Symbol]                       0x08001a6c   Section        0  cli.o(.text.message)
    [Anonymous Symbol]                       0x08001a90   Section        0  tasking.o(.text.moveElevatorToFloor)
    [Anonymous Symbol]                       0x08001bfc   Section        0  myfunctions.o(.text.newMemory)
    [Anonymous Symbol]                       0x08001c1c   Section        0  tasking.o(.text.processCommand)
    prvAddCurrentTaskToDelayedList           0x08001d55   Thumb Code   158  tasks_1.o(.text.prvAddCurrentTaskToDelayedList)
    [Anonymous Symbol]                       0x08001d54   Section        0  tasks_1.o(.text.prvAddCurrentTaskToDelayedList)
    prvAddNewTaskToReadyList                 0x08001df5   Thumb Code   306  tasks_1.o(.text.prvAddNewTaskToReadyList)
    [Anonymous Symbol]                       0x08001df4   Section        0  tasks_1.o(.text.prvAddNewTaskToReadyList)
    prvIdleTask                              0x08001f29   Thumb Code   130  tasks_1.o(.text.prvIdleTask)
    [Anonymous Symbol]                       0x08001f28   Section        0  tasks_1.o(.text.prvIdleTask)
    prvPortStartFirstTask                    0x08001fad   Thumb Code    32  port_1.o(.text.prvPortStartFirstTask)
    [Anonymous Symbol]                       0x08001fac   Section        0  port_1.o(.text.prvPortStartFirstTask)
    prvProcessExpiredTimer                   0x08001fcd   Thumb Code   130  timers.o(.text.prvProcessExpiredTimer)
    [Anonymous Symbol]                       0x08001fcc   Section        0  timers.o(.text.prvProcessExpiredTimer)
    prvTaskExitError                         0x08002051   Thumb Code    34  port_1.o(.text.prvTaskExitError)
    [Anonymous Symbol]                       0x08002050   Section        0  port_1.o(.text.prvTaskExitError)
    prvTimerTask                             0x08002075   Thumb Code   562  timers.o(.text.prvTimerTask)
    [Anonymous Symbol]                       0x08002074   Section        0  timers.o(.text.prvTimerTask)
    prvUnlockQueue                           0x080022a9   Thumb Code   116  queue.o(.text.prvUnlockQueue)
    [Anonymous Symbol]                       0x080022a8   Section        0  queue.o(.text.prvUnlockQueue)
    [Anonymous Symbol]                       0x0800231c   Section        0  heap_4.o(.text.pvPortMalloc)
    [Anonymous Symbol]                       0x08002490   Section        0  tasks_1.o(.text.pvTaskIncrementMutexHeldCount)
    [Anonymous Symbol]                       0x080024a8   Section        0  port_1.o(.text.pxPortInitialiseStack)
    [Anonymous Symbol]                       0x080024c8   Section        0  cli.o(.text.sendPromptArrows)
    [Anonymous Symbol]                       0x08002504   Section        0  usart.o(.text.sendbyte)
    [Anonymous Symbol]                       0x08002520   Section        0  usart.o(.text.serial_close)
    [Anonymous Symbol]                       0x08002540   Section        0  usart.o(.text.serial_open)
    [Anonymous Symbol]                       0x080025c4   Section        0  cli.o(.text.setCursorPosition)
    [Anonymous Symbol]                       0x080025fc   Section        0  staticstructure.o(.text.setTextColor)
    [Anonymous Symbol]                       0x08002624   Section        0  tasking.o(.text.status)
    [Anonymous Symbol]                       0x08002674   Section        0  tasking.o(.text.timeElapsed)
    [Anonymous Symbol]                       0x080026d0   Section        0  timer.o(.text.updateTimer)
    [Anonymous Symbol]                       0x0800270c   Section        0  list.o(.text.uxListRemove)
    [Anonymous Symbol]                       0x08002730   Section        0  cmsis_os2.o(.text.vApplicationGetIdleTaskMemory)
    [Anonymous Symbol]                       0x0800274c   Section        0  cmsis_os2.o(.text.vApplicationGetTimerTaskMemory)
    [Anonymous Symbol]                       0x08002768   Section        0  cmsis_os2.o(.text.vApplicationStackOverflowHook)
    [Anonymous Symbol]                       0x0800276c   Section        0  list.o(.text.vListInitialise)
    [Anonymous Symbol]                       0x08002784   Section        0  list.o(.text.vListInitialiseItem)
    [Anonymous Symbol]                       0x0800278c   Section        0  list.o(.text.vListInsert)
    [Anonymous Symbol]                       0x080027c8   Section        0  port_1.o(.text.vPortEnterCritical)
    [Anonymous Symbol]                       0x080027e8   Section        0  port_1.o(.text.vPortExitCritical)
    [Anonymous Symbol]                       0x08002804   Section        0  heap_4.o(.text.vPortFree)
    [Anonymous Symbol]                       0x080028a4   Section        0  port_1.o(.text.vPortSetupTimerInterrupt)
    [Anonymous Symbol]                       0x080028d8   Section        0  queue.o(.text.vQueueDelete)
    [Anonymous Symbol]                       0x080028e8   Section        0  queue.o(.text.vQueueWaitForMessageRestricted)
    [Anonymous Symbol]                       0x08002930   Section        0  tasks_1.o(.text.vTaskDelay)
    [Anonymous Symbol]                       0x080029c0   Section        0  tasks_1.o(.text.vTaskInternalSetTimeOutState)
    [Anonymous Symbol]                       0x080029dc   Section        0  tasks_1.o(.text.vTaskMissedYield)
    [Anonymous Symbol]                       0x080029ec   Section        0  tasks_1.o(.text.vTaskPlaceOnEventList)
    [Anonymous Symbol]                       0x08002a0c   Section        0  tasks_1.o(.text.vTaskPlaceOnEventListRestricted)
    [Anonymous Symbol]                       0x08002a68   Section        0  tasks_1.o(.text.vTaskPriorityDisinheritAfterTimeout)
    [Anonymous Symbol]                       0x08002ae8   Section        0  tasks_1.o(.text.vTaskStartScheduler)
    [Anonymous Symbol]                       0x08002b7c   Section        0  tasks_1.o(.text.vTaskSuspendAll)
    __tagsym$$used.0                         0x08002b8c   Number         0  tasks_1.o(.text.vTaskSwitchContext)
    [Anonymous Symbol]                       0x08002b8c   Section        0  tasks_1.o(.text.vTaskSwitchContext)
    [Anonymous Symbol]                       0x08002c38   Section        0  port_1.o(.text.xPortStartScheduler)
    [Anonymous Symbol]                       0x08002c8c   Section        0  port_1.o(.text.xPortSysTickHandler)
    [Anonymous Symbol]                       0x08002cbc   Section        0  queue.o(.text.xQueueCreateMutex)
    [Anonymous Symbol]                       0x08002ce4   Section        0  queue.o(.text.xQueueCreateMutexStatic)
    [Anonymous Symbol]                       0x08002d5c   Section        0  queue.o(.text.xQueueGenericCreate)
    [Anonymous Symbol]                       0x08002de4   Section        0  queue.o(.text.xQueueGenericCreateStatic)
    [Anonymous Symbol]                       0x08002e64   Section        0  queue.o(.text.xQueueGenericSend)
    [Anonymous Symbol]                       0x08003008   Section        0  queue.o(.text.xQueueReceive)
    [Anonymous Symbol]                       0x08003154   Section        0  queue.o(.text.xQueueSemaphoreTake)
    [Anonymous Symbol]                       0x080032d4   Section        0  tasks_1.o(.text.xTaskCheckForTimeOut)
    [Anonymous Symbol]                       0x0800333c   Section        0  tasks_1.o(.text.xTaskCreate)
    [Anonymous Symbol]                       0x08003410   Section        0  tasks_1.o(.text.xTaskCreateStatic)
    [Anonymous Symbol]                       0x080034b8   Section        0  tasks_1.o(.text.xTaskGetSchedulerState)
    [Anonymous Symbol]                       0x080034e0   Section        0  tasks_1.o(.text.xTaskGetTickCount)
    [Anonymous Symbol]                       0x080034ec   Section        0  tasks_1.o(.text.xTaskIncrementTick)
    [Anonymous Symbol]                       0x08003684   Section        0  tasks_1.o(.text.xTaskPriorityDisinherit)
    [Anonymous Symbol]                       0x080036f4   Section        0  tasks_1.o(.text.xTaskPriorityInherit)
    [Anonymous Symbol]                       0x0800379c   Section        0  tasks_1.o(.text.xTaskRemoveFromEventList)
    [Anonymous Symbol]                       0x08003874   Section        0  tasks_1.o(.text.xTaskResumeAll)
    [Anonymous Symbol]                       0x080039e4   Section        0  timers.o(.text.xTimerCreateTimerTask)
    [Anonymous Symbol]                       0x08003a9c   Section        0  main.o(.rodata.str1.1)
    .L.str.2                                 0x08003abb   Data          13  main.o(.rodata.str1.1)
    .L.str                                   0x08003ac8   Data           9  cli.o(.rodata.str1.1)
    [Anonymous Symbol]                       0x08003ac8   Section        0  cli.o(.rodata.str1.1)
    .L.str.2                                 0x08003ad1   Data           4  cli.o(.rodata.str1.1)
    .L.str.4                                 0x08003ad1   Data           4  cli.o(.rodata.str1.1)
    .L.str                                   0x08003ad5   Data          31  timer.o(.rodata.str1.1)
    [Anonymous Symbol]                       0x08003ad5   Section        0  timer.o(.rodata.str1.1)
    .L.str.8                                 0x08003af4   Data          31  tasking.o(.rodata.str1.1)
    [Anonymous Symbol]                       0x08003af4   Section        0  tasking.o(.rodata.str1.1)
    .L.str.9                                 0x08003b13   Data          32  tasking.o(.rodata.str1.1)
    .L.str.5                                 0x08003b33   Data          31  tasking.o(.rodata.str1.1)
    .L.str.1                                 0x08003b52   Data           4  tasking.o(.rodata.str1.1)
    .L.str.17                                0x08003b56   Data          15  staticstructure.o(.rodata.str1.1)
    [Anonymous Symbol]                       0x08003b56   Section        0  staticstructure.o(.rodata.str1.1)
    .L.str.18                                0x08003b65   Data           8  staticstructure.o(.rodata.str1.1)
    .L.str.19                                0x08003b6d   Data           9  staticstructure.o(.rodata.str1.1)
    .L.str.14                                0x08003b76   Data          67  staticstructure.o(.rodata.str1.1)
    .L.str.7                                 0x08003bb9   Data          31  staticstructure.o(.rodata.str1.1)
    .L.str.8                                 0x08003bd8   Data          31  staticstructure.o(.rodata.str1.1)
    .L.str.9                                 0x08003bf7   Data          31  staticstructure.o(.rodata.str1.1)
    .L.str.10                                0x08003c16   Data          31  staticstructure.o(.rodata.str1.1)
    .L.str.11                                0x08003c35   Data          31  staticstructure.o(.rodata.str1.1)
    .L.str.6                                 0x08003c54   Data          42  staticstructure.o(.rodata.str1.1)
    .L.str.5                                 0x08003c7e   Data          37  staticstructure.o(.rodata.str1.1)
    .L.str.3                                 0x08003ca3   Data           2  staticstructure.o(.rodata.str1.1)
    .L.str.20                                0x08003ca5   Data          72  staticstructure.o(.rodata.str1.1)
    .L.str.21                                0x08003cbd   Data          48  staticstructure.o(.rodata.str1.1)
    .L.str.1                                 0x08003ceb   Data           2  staticstructure.o(.rodata.str1.1)
    .L.str                                   0x08003ced   Data          11  staticstructure.o(.rodata.str1.1)
    .L.str.4                                 0x08003cf8   Data          39  staticstructure.o(.rodata.str1.1)
    .L.str.16                                0x08003d1f   Data          11  staticstructure.o(.rodata.str1.1)
    .L.str.2                                 0x08003d2a   Data           2  staticstructure.o(.rodata.str1.1)
    uxCriticalNesting                        0x20000010   Data           4  port_1.o(.data.uxCriticalNesting)
    [Anonymous Symbol]                       0x20000010   Section        0  port_1.o(.data.uxCriticalNesting)
    .bss                                     0x20000018   Section       96  libspace.o(.bss)
    clib_mutex_cb                            0x20000084   Data         400  clib_arm.o(.bss.clib_mutex_cb)
    [Anonymous Symbol]                       0x20000084   Section        0  clib_arm.o(.bss.clib_mutex_cb)
    clib_mutex_id                            0x20000214   Data          20  clib_arm.o(.bss.clib_mutex_id)
    [Anonymous Symbol]                       0x20000214   Section        0  clib_arm.o(.bss.clib_mutex_id)
    cmdBuffer                                0x20000228   Data         128  tasking.o(.bss.cmdBuffer)
    [Anonymous Symbol]                       0x20000228   Section        0  tasking.o(.bss.cmdBuffer)
    cmdIndex                                 0x200002a8   Data           4  tasking.o(.bss.cmdIndex)
    [Anonymous Symbol]                       0x200002a8   Section        0  tasking.o(.bss.cmdIndex)
    prvCheckForValidListAndQueue.ucStaticTimerQueueStorage 0x200002ad   Data          80  timers.o(.bss.prvCheckForValidListAndQueue.ucStaticTimerQueueStorage)
    [Anonymous Symbol]                       0x200002ad   Section        0  timers.o(.bss.prvCheckForValidListAndQueue.ucStaticTimerQueueStorage)
    prvCheckForValidListAndQueue.xStaticTimerQueue 0x20000300   Data          80  timers.o(.bss.prvCheckForValidListAndQueue.xStaticTimerQueue)
    [Anonymous Symbol]                       0x20000300   Section        0  timers.o(.bss.prvCheckForValidListAndQueue.xStaticTimerQueue)
    prvSampleTimeNow.xLastTime               0x20000350   Data           4  timers.o(.bss.prvSampleTimeNow.xLastTime)
    [Anonymous Symbol]                       0x20000350   Section        0  timers.o(.bss.prvSampleTimeNow.xLastTime)
    __tagsym$$used.1                         0x20000354   Number         0  tasks_1.o(.bss.pxCurrentTCB)
    pxCurrentTimerList                       0x20000358   Data           4  timers.o(.bss.pxCurrentTimerList)
    [Anonymous Symbol]                       0x20000358   Section        0  timers.o(.bss.pxCurrentTimerList)
    pxDelayedTaskList                        0x2000035c   Data           4  tasks_1.o(.bss.pxDelayedTaskList)
    [Anonymous Symbol]                       0x2000035c   Section        0  tasks_1.o(.bss.pxDelayedTaskList)
    pxEnd                                    0x20000360   Data           4  heap_4.o(.bss.pxEnd)
    [Anonymous Symbol]                       0x20000360   Section        0  heap_4.o(.bss.pxEnd)
    pxOverflowDelayedTaskList                0x20000364   Data           4  tasks_1.o(.bss.pxOverflowDelayedTaskList)
    [Anonymous Symbol]                       0x20000364   Section        0  tasks_1.o(.bss.pxOverflowDelayedTaskList)
    pxOverflowTimerList                      0x20000368   Data           4  timers.o(.bss.pxOverflowTimerList)
    [Anonymous Symbol]                       0x20000368   Section        0  timers.o(.bss.pxOverflowTimerList)
    pxReadyTasksLists                        0x2000036c   Data        1120  tasks_1.o(.bss.pxReadyTasksLists)
    [Anonymous Symbol]                       0x2000036c   Section        0  tasks_1.o(.bss.pxReadyTasksLists)
    ucHeap                                   0x200007d0   Data        8192  heap_4.o(.bss.ucHeap)
    [Anonymous Symbol]                       0x200007d0   Section        0  heap_4.o(.bss.ucHeap)
    uxCurrentNumberOfTasks                   0x200027d0   Data           4  tasks_1.o(.bss.uxCurrentNumberOfTasks)
    [Anonymous Symbol]                       0x200027d0   Section        0  tasks_1.o(.bss.uxCurrentNumberOfTasks)
    uxDeletedTasksWaitingCleanUp             0x200027d4   Data           4  tasks_1.o(.bss.uxDeletedTasksWaitingCleanUp)
    [Anonymous Symbol]                       0x200027d4   Section        0  tasks_1.o(.bss.uxDeletedTasksWaitingCleanUp)
    uxSchedulerSuspended                     0x200027d8   Data           4  tasks_1.o(.bss.uxSchedulerSuspended)
    [Anonymous Symbol]                       0x200027d8   Section        0  tasks_1.o(.bss.uxSchedulerSuspended)
    uxTaskNumber                             0x200027dc   Data           4  tasks_1.o(.bss.uxTaskNumber)
    [Anonymous Symbol]                       0x200027dc   Section        0  tasks_1.o(.bss.uxTaskNumber)
    uxTopReadyPriority                       0x200027e0   Data           4  tasks_1.o(.bss.uxTopReadyPriority)
    [Anonymous Symbol]                       0x200027e0   Section        0  tasks_1.o(.bss.uxTopReadyPriority)
    vApplicationGetIdleTaskMemory.Idle_Stack 0x200027e4   Data         512  cmsis_os2.o(.bss.vApplicationGetIdleTaskMemory.Idle_Stack)
    [Anonymous Symbol]                       0x200027e4   Section        0  cmsis_os2.o(.bss.vApplicationGetIdleTaskMemory.Idle_Stack)
    vApplicationGetIdleTaskMemory.Idle_TCB   0x200029e4   Data          92  cmsis_os2.o(.bss.vApplicationGetIdleTaskMemory.Idle_TCB)
    [Anonymous Symbol]                       0x200029e4   Section        0  cmsis_os2.o(.bss.vApplicationGetIdleTaskMemory.Idle_TCB)
    vApplicationGetTimerTaskMemory.Timer_Stack 0x20002a40   Data         320  cmsis_os2.o(.bss.vApplicationGetTimerTaskMemory.Timer_Stack)
    [Anonymous Symbol]                       0x20002a40   Section        0  cmsis_os2.o(.bss.vApplicationGetTimerTaskMemory.Timer_Stack)
    vApplicationGetTimerTaskMemory.Timer_TCB 0x20002b80   Data          92  cmsis_os2.o(.bss.vApplicationGetTimerTaskMemory.Timer_TCB)
    [Anonymous Symbol]                       0x20002b80   Section        0  cmsis_os2.o(.bss.vApplicationGetTimerTaskMemory.Timer_TCB)
    xActiveTimerList1                        0x20002bdc   Data          20  timers.o(.bss.xActiveTimerList1)
    [Anonymous Symbol]                       0x20002bdc   Section        0  timers.o(.bss.xActiveTimerList1)
    xActiveTimerList2                        0x20002bf0   Data          20  timers.o(.bss.xActiveTimerList2)
    [Anonymous Symbol]                       0x20002bf0   Section        0  timers.o(.bss.xActiveTimerList2)
    xDelayedTaskList1                        0x20002c08   Data          20  tasks_1.o(.bss.xDelayedTaskList1)
    [Anonymous Symbol]                       0x20002c08   Section        0  tasks_1.o(.bss.xDelayedTaskList1)
    xDelayedTaskList2                        0x20002c1c   Data          20  tasks_1.o(.bss.xDelayedTaskList2)
    [Anonymous Symbol]                       0x20002c1c   Section        0  tasks_1.o(.bss.xDelayedTaskList2)
    xFreeBytesRemaining                      0x20002c34   Data           4  heap_4.o(.bss.xFreeBytesRemaining)
    [Anonymous Symbol]                       0x20002c34   Section        0  heap_4.o(.bss.xFreeBytesRemaining)
    xIdleTaskHandle                          0x20002c38   Data           4  tasks_1.o(.bss.xIdleTaskHandle)
    [Anonymous Symbol]                       0x20002c38   Section        0  tasks_1.o(.bss.xIdleTaskHandle)
    xMinimumEverFreeBytesRemaining           0x20002c3c   Data           4  heap_4.o(.bss.xMinimumEverFreeBytesRemaining)
    [Anonymous Symbol]                       0x20002c3c   Section        0  heap_4.o(.bss.xMinimumEverFreeBytesRemaining)
    xNextTaskUnblockTime                     0x20002c40   Data           4  tasks_1.o(.bss.xNextTaskUnblockTime)
    [Anonymous Symbol]                       0x20002c40   Section        0  tasks_1.o(.bss.xNextTaskUnblockTime)
    xNumOfOverflows                          0x20002c44   Data           4  tasks_1.o(.bss.xNumOfOverflows)
    [Anonymous Symbol]                       0x20002c44   Section        0  tasks_1.o(.bss.xNumOfOverflows)
    xNumberOfSuccessfulAllocations           0x20002c48   Data           4  heap_4.o(.bss.xNumberOfSuccessfulAllocations)
    [Anonymous Symbol]                       0x20002c48   Section        0  heap_4.o(.bss.xNumberOfSuccessfulAllocations)
    xNumberOfSuccessfulFrees                 0x20002c4c   Data           4  heap_4.o(.bss.xNumberOfSuccessfulFrees)
    [Anonymous Symbol]                       0x20002c4c   Section        0  heap_4.o(.bss.xNumberOfSuccessfulFrees)
    xPendedTicks                             0x20002c50   Data           4  tasks_1.o(.bss.xPendedTicks)
    [Anonymous Symbol]                       0x20002c50   Section        0  tasks_1.o(.bss.xPendedTicks)
    xPendingReadyList                        0x20002c54   Data          20  tasks_1.o(.bss.xPendingReadyList)
    [Anonymous Symbol]                       0x20002c54   Section        0  tasks_1.o(.bss.xPendingReadyList)
    xSchedulerRunning                        0x20002c68   Data           4  tasks_1.o(.bss.xSchedulerRunning)
    [Anonymous Symbol]                       0x20002c68   Section        0  tasks_1.o(.bss.xSchedulerRunning)
    xStart                                   0x20002c6c   Data           8  heap_4.o(.bss.xStart)
    [Anonymous Symbol]                       0x20002c6c   Section        0  heap_4.o(.bss.xStart)
    xSuspendedTaskList                       0x20002c74   Data          20  tasks_1.o(.bss.xSuspendedTaskList)
    [Anonymous Symbol]                       0x20002c74   Section        0  tasks_1.o(.bss.xSuspendedTaskList)
    xTasksWaitingTermination                 0x20002c88   Data          20  tasks_1.o(.bss.xTasksWaitingTermination)
    [Anonymous Symbol]                       0x20002c88   Section        0  tasks_1.o(.bss.xTasksWaitingTermination)
    xTickCount                               0x20002c9c   Data           4  tasks_1.o(.bss.xTickCount)
    [Anonymous Symbol]                       0x20002c9c   Section        0  tasks_1.o(.bss.xTickCount)
    xTimerQueue                              0x20002ca0   Data           4  timers.o(.bss.xTimerQueue)
    [Anonymous Symbol]                       0x20002ca0   Section        0  timers.o(.bss.xTimerQueue)
    xTimerTaskHandle                         0x20002ca4   Data           4  timers.o(.bss.xTimerTaskHandle)
    [Anonymous Symbol]                       0x20002ca4   Section        0  timers.o(.bss.xTimerTaskHandle)
    xYieldPending                            0x20002ca8   Data           4  tasks_1.o(.bss.xYieldPending)
    [Anonymous Symbol]                       0x20002ca8   Section        0  tasks_1.o(.bss.xYieldPending)
    Heap_Mem                                 0x20002cb0   Data         512  startup_stm32f10x_md.o(HEAP)
    HEAP                                     0x20002cb0   Section      512  startup_stm32f10x_md.o(HEAP)
    Stack_Mem                                0x20002eb0   Data        1024  startup_stm32f10x_md.o(STACK)
    STACK                                    0x20002eb0   Section     1024  startup_stm32f10x_md.o(STACK)
    __initial_sp                             0x200032b0   Data           0  startup_stm32f10x_md.o(STACK)

    Global Symbols

    Symbol Name                              Value     Ov Type        Size  Object(Section)

    BuildAttributes$$THM_ISAv4$P$D$K$B$S$PE$A:L22UL41UL21$X:L11$S22US41US21$IEEE1$IW$~IW$USESV6$~STKCKD$USESV7$~SHL$OTIME$ROPI$EBA8$UX$STANDARDLIB$REQ8$PRES8$EABIv2 0x00000000   Number         0  anon$$obj.o ABSOLUTE
    __fp_init_empty                          0x00000000   Number         0  fpinit_empty.o ABSOLUTE
    _printf_flags                            0x00000000   Number         0  printf_stubs.o ABSOLUTE
    _printf_return_value                     0x00000000   Number         0  printf_stubs.o ABSOLUTE
    _printf_sizespec                         0x00000000   Number         0  printf_stubs.o ABSOLUTE
    _printf_widthprec                        0x00000000   Number         0  printf_stubs.o ABSOLUTE
    __ARM_exceptions_init                     - Undefined Weak Reference
    __alloca_initialize                       - Undefined Weak Reference
    __arm_preinit_                            - Undefined Weak Reference
    __arm_relocate_pie_                       - Undefined Weak Reference
    __cpp_initialize__aeabi_                  - Undefined Weak Reference
    __cxa_finalize                            - Undefined Weak Reference
    __rt_locale                               - Undefined Weak Reference
    __sigvec_lookup                           - Undefined Weak Reference
    _atexit_init                              - Undefined Weak Reference
    _call_atexit_fns                          - Undefined Weak Reference
    _clock_init                               - Undefined Weak Reference
    _fp_trap_init                             - Undefined Weak Reference
    _fp_trap_shutdown                         - Undefined Weak Reference
    _get_lc_collate                           - Undefined Weak Reference
    _get_lc_ctype                             - Undefined Weak Reference
    _get_lc_monetary                          - Undefined Weak Reference
    _get_lc_numeric                           - Undefined Weak Reference
    _get_lc_time                              - Undefined Weak Reference
    _getenv_init                              - Undefined Weak Reference
    _handle_redirection                       - Undefined Weak Reference
    _init_alloc                               - Undefined Weak Reference
    _init_user_alloc                          - Undefined Weak Reference
    _initio                                   - Undefined Weak Reference
    _printf_mbtowc                            - Undefined Weak Reference
    _printf_post_padding                      - Undefined Weak Reference
    _printf_pre_padding                       - Undefined Weak Reference
    _printf_truncate_signed                   - Undefined Weak Reference
    _printf_truncate_unsigned                 - Undefined Weak Reference
    _rand_init                                - Undefined Weak Reference
    _signal_finish                            - Undefined Weak Reference
    _signal_init                              - Undefined Weak Reference
    _terminate_alloc                          - Undefined Weak Reference
    _terminate_user_alloc                     - Undefined Weak Reference
    _terminateio                              - Undefined Weak Reference
    __Vectors_Size                           0x000000ec   Number         0  startup_stm32f10x_md.o ABSOLUTE
    __Vectors                                0x08000000   Data           4  startup_stm32f10x_md.o(RESET)
    __Vectors_End                            0x080000ec   Data           0  startup_stm32f10x_md.o(RESET)
    __main                                   0x080000ed   Thumb Code     8  __main.o(!!!main)
    __scatterload                            0x080000f5   Thumb Code     0  __scatter.o(!!!scatter)
    __scatterload_rt2                        0x080000f5   Thumb Code    44  __scatter.o(!!!scatter)
    __scatterload_rt2_thumb_only             0x080000f5   Thumb Code     0  __scatter.o(!!!scatter)
    __scatterload_null                       0x08000103   Thumb Code     0  __scatter.o(!!!scatter)
    __scatterload_copy                       0x08000129   Thumb Code    26  __scatter_copy.o(!!handler_copy)
    __scatterload_zeroinit                   0x08000145   Thumb Code    28  __scatter_zi.o(!!handler_zi)
    _printf_d                                0x08000161   Thumb Code     0  _printf_d.o(.ARM.Collect$$_printf_percent$$00000009)
    _printf_percent                          0x08000161   Thumb Code     0  _printf_percent.o(.ARM.Collect$$_printf_percent$$00000000)
    _printf_u                                0x08000167   Thumb Code     0  _printf_u.o(.ARM.Collect$$_printf_percent$$0000000A)
    _printf_s                                0x0800016d   Thumb Code     0  _printf_s.o(.ARM.Collect$$_printf_percent$$00000014)
    _printf_percent_end                      0x08000173   Thumb Code     0  _printf_percent_end.o(.ARM.Collect$$_printf_percent$$00000017)
    __rt_lib_init                            0x08000177   Thumb Code     0  libinit.o(.ARM.Collect$$libinit$$00000000)
    __rt_lib_init_alloca_1                   0x08000179   Thumb Code     0  libinit2.o(.ARM.Collect$$libinit$$00000030)
    __rt_lib_init_argv_1                     0x08000179   Thumb Code     0  libinit2.o(.ARM.Collect$$libinit$$0000002E)
    __rt_lib_init_atexit_1                   0x08000179   Thumb Code     0  libinit2.o(.ARM.Collect$$libinit$$0000001D)
    __rt_lib_init_clock_1                    0x08000179   Thumb Code     0  libinit2.o(.ARM.Collect$$libinit$$00000023)
    __rt_lib_init_cpp_1                      0x08000179   Thumb Code     0  libinit2.o(.ARM.Collect$$libinit$$00000034)
    __rt_lib_init_exceptions_1               0x08000179   Thumb Code     0  libinit2.o(.ARM.Collect$$libinit$$00000032)
    __rt_lib_init_fp_1                       0x08000179   Thumb Code     0  libinit2.o(.ARM.Collect$$libinit$$00000002)
    __rt_lib_init_fp_trap_1                  0x08000179   Thumb Code     0  libinit2.o(.ARM.Collect$$libinit$$00000021)
    __rt_lib_init_getenv_1                   0x08000179   Thumb Code     0  libinit2.o(.ARM.Collect$$libinit$$00000025)
    __rt_lib_init_heap_1                     0x08000179   Thumb Code     0  libinit2.o(.ARM.Collect$$libinit$$0000000C)
    __rt_lib_init_lc_collate_1               0x08000179   Thumb Code     0  libinit2.o(.ARM.Collect$$libinit$$00000013)
    __rt_lib_init_lc_ctype_1                 0x08000179   Thumb Code     0  libinit2.o(.ARM.Collect$$libinit$$00000015)
    __rt_lib_init_lc_monetary_1              0x08000179   Thumb Code     0  libinit2.o(.ARM.Collect$$libinit$$00000017)
    __rt_lib_init_lc_numeric_1               0x08000179   Thumb Code     0  libinit2.o(.ARM.Collect$$libinit$$00000019)
    __rt_lib_init_lc_time_1                  0x08000179   Thumb Code     0  libinit2.o(.ARM.Collect$$libinit$$0000001B)
    __rt_lib_init_preinit_1                  0x08000179   Thumb Code     0  libinit2.o(.ARM.Collect$$libinit$$00000006)
    __rt_lib_init_rand_1                     0x08000179   Thumb Code     0  libinit2.o(.ARM.Collect$$libinit$$00000010)
    __rt_lib_init_relocate_pie_1             0x08000179   Thumb Code     0  libinit2.o(.ARM.Collect$$libinit$$00000004)
    __rt_lib_init_return                     0x08000179   Thumb Code     0  libinit2.o(.ARM.Collect$$libinit$$00000035)
    __rt_lib_init_signal_1                   0x08000179   Thumb Code     0  libinit2.o(.ARM.Collect$$libinit$$0000001F)
    __rt_lib_init_stdio_1                    0x08000179   Thumb Code     0  libinit2.o(.ARM.Collect$$libinit$$00000027)
    __rt_lib_init_user_alloc_1               0x08000179   Thumb Code     0  libinit2.o(.ARM.Collect$$libinit$$0000000E)
    __rt_lib_shutdown                        0x0800017b   Thumb Code     0  libshutdown.o(.ARM.Collect$$libshutdown$$00000000)
    __rt_lib_shutdown_cpp_1                  0x0800017d   Thumb Code     0  libshutdown2.o(.ARM.Collect$$libshutdown$$00000002)
    __rt_lib_shutdown_fp_trap_1              0x0800017d   Thumb Code     0  libshutdown2.o(.ARM.Collect$$libshutdown$$00000007)
    __rt_lib_shutdown_heap_1                 0x0800017d   Thumb Code     0  libshutdown2.o(.ARM.Collect$$libshutdown$$0000000F)
    __rt_lib_shutdown_return                 0x0800017d   Thumb Code     0  libshutdown2.o(.ARM.Collect$$libshutdown$$00000010)
    __rt_lib_shutdown_signal_1               0x0800017d   Thumb Code     0  libshutdown2.o(.ARM.Collect$$libshutdown$$0000000A)
    __rt_lib_shutdown_stdio_1                0x0800017d   Thumb Code     0  libshutdown2.o(.ARM.Collect$$libshutdown$$00000004)
    __rt_lib_shutdown_user_alloc_1           0x0800017d   Thumb Code     0  libshutdown2.o(.ARM.Collect$$libshutdown$$0000000C)
    __rt_entry                               0x0800017f   Thumb Code     0  __rtentry.o(.ARM.Collect$$rtentry$$00000000)
    __rt_entry_presh_1                       0x0800017f   Thumb Code     0  __rtentry2.o(.ARM.Collect$$rtentry$$00000002)
    __rt_entry_sh                            0x0800017f   Thumb Code     0  __rtentry4.o(.ARM.Collect$$rtentry$$00000004)
    __rt_entry_postsh_1                      0x08000185   Thumb Code     0  __rtentry2.o(.ARM.Collect$$rtentry$$00000008)
    __rt_entry_li                            0x0800018d   Thumb Code     0  __rtentry2.o(.ARM.Collect$$rtentry$$0000000A)
    __rt_entry_main                          0x08000191   Thumb Code     0  __rtentry2.o(.ARM.Collect$$rtentry$$0000000D)
    __rt_entry_postli_1                      0x08000191   Thumb Code     0  __rtentry2.o(.ARM.Collect$$rtentry$$0000000C)
    __rt_exit                                0x08000199   Thumb Code     0  rtexit.o(.ARM.Collect$$rtexit$$00000000)
    __rt_exit_ls                             0x0800019b   Thumb Code     0  rtexit2.o(.ARM.Collect$$rtexit$$00000003)
    __rt_exit_prels_1                        0x0800019b   Thumb Code     0  rtexit2.o(.ARM.Collect$$rtexit$$00000002)
    __rt_exit_exit                           0x0800019f   Thumb Code     0  rtexit2.o(.ARM.Collect$$rtexit$$00000004)
    Reset_Handler                            0x080001a5   Thumb Code     8  startup_stm32f10x_md.o(.text)
    NMI_Handler                              0x080001ad   Thumb Code     2  startup_stm32f10x_md.o(.text)
    HardFault_Handler                        0x080001af   Thumb Code     2  startup_stm32f10x_md.o(.text)
    MemManage_Handler                        0x080001b1   Thumb Code     2  startup_stm32f10x_md.o(.text)
    BusFault_Handler                         0x080001b3   Thumb Code     2  startup_stm32f10x_md.o(.text)
    UsageFault_Handler                       0x080001b5   Thumb Code     2  startup_stm32f10x_md.o(.text)
    DebugMon_Handler                         0x080001b9   Thumb Code     2  startup_stm32f10x_md.o(.text)
    ADC1_2_IRQHandler                        0x080001bf   Thumb Code     0  startup_stm32f10x_md.o(.text)
    CAN1_RX1_IRQHandler                      0x080001bf   Thumb Code     0  startup_stm32f10x_md.o(.text)
    CAN1_SCE_IRQHandler                      0x080001bf   Thumb Code     0  startup_stm32f10x_md.o(.text)
    DMA1_Channel1_IRQHandler                 0x080001bf   Thumb Code     0  startup_stm32f10x_md.o(.text)
    DMA1_Channel2_IRQHandler                 0x080001bf   Thumb Code     0  startup_stm32f10x_md.o(.text)
    DMA1_Channel3_IRQHandler                 0x080001bf   Thumb Code     0  startup_stm32f10x_md.o(.text)
    DMA1_Channel4_IRQHandler                 0x080001bf   Thumb Code     0  startup_stm32f10x_md.o(.text)
    DMA1_Channel5_IRQHandler                 0x080001bf   Thumb Code     0  startup_stm32f10x_md.o(.text)
    DMA1_Channel6_IRQHandler                 0x080001bf   Thumb Code     0  startup_stm32f10x_md.o(.text)
    DMA1_Channel7_IRQHandler                 0x080001bf   Thumb Code     0  startup_stm32f10x_md.o(.text)
    EXTI0_IRQHandler                         0x080001bf   Thumb Code     0  startup_stm32f10x_md.o(.text)
    EXTI1_IRQHandler                         0x080001bf   Thumb Code     0  startup_stm32f10x_md.o(.text)
    EXTI2_IRQHandler                         0x080001bf   Thumb Code     0  startup_stm32f10x_md.o(.text)
    EXTI3_IRQHandler                         0x080001bf   Thumb Code     0  startup_stm32f10x_md.o(.text)
    EXTI4_IRQHandler                         0x080001bf   Thumb Code     0  startup_stm32f10x_md.o(.text)
    EXTI9_5_IRQHandler                       0x080001bf   Thumb Code     0  startup_stm32f10x_md.o(.text)
    FLASH_IRQHandler                         0x080001bf   Thumb Code     0  startup_stm32f10x_md.o(.text)
    I2C1_ER_IRQHandler                       0x080001bf   Thumb Code     0  startup_stm32f10x_md.o(.text)
    I2C1_EV_IRQHandler                       0x080001bf   Thumb Code     0  startup_stm32f10x_md.o(.text)
    I2C2_ER_IRQHandler                       0x080001bf   Thumb Code     0  startup_stm32f10x_md.o(.text)
    I2C2_EV_IRQHandler                       0x080001bf   Thumb Code     0  startup_stm32f10x_md.o(.text)
    PVD_IRQHandler                           0x080001bf   Thumb Code     0  startup_stm32f10x_md.o(.text)
    RCC_IRQHandler                           0x080001bf   Thumb Code     0  startup_stm32f10x_md.o(.text)
    RTCAlarm_IRQHandler                      0x080001bf   Thumb Code     0  startup_stm32f10x_md.o(.text)
    RTC_IRQHandler                           0x080001bf   Thumb Code     0  startup_stm32f10x_md.o(.text)
    SPI1_IRQHandler                          0x080001bf   Thumb Code     0  startup_stm32f10x_md.o(.text)
    SPI2_IRQHandler                          0x080001bf   Thumb Code     0  startup_stm32f10x_md.o(.text)
    TAMPER_IRQHandler                        0x080001bf   Thumb Code     0  startup_stm32f10x_md.o(.text)
    TIM1_BRK_IRQHandler                      0x080001bf   Thumb Code     0  startup_stm32f10x_md.o(.text)
    TIM1_CC_IRQHandler                       0x080001bf   Thumb Code     0  startup_stm32f10x_md.o(.text)
    TIM1_TRG_COM_IRQHandler                  0x080001bf   Thumb Code     0  startup_stm32f10x_md.o(.text)
    TIM1_UP_IRQHandler                       0x080001bf   Thumb Code     0  startup_stm32f10x_md.o(.text)
    TIM2_IRQHandler                          0x080001bf   Thumb Code     0  startup_stm32f10x_md.o(.text)
    TIM4_IRQHandler                          0x080001bf   Thumb Code     0  startup_stm32f10x_md.o(.text)
    USART1_IRQHandler                        0x080001bf   Thumb Code     0  startup_stm32f10x_md.o(.text)
    USART3_IRQHandler                        0x080001bf   Thumb Code     0  startup_stm32f10x_md.o(.text)
    USBWakeUp_IRQHandler                     0x080001bf   Thumb Code     0  startup_stm32f10x_md.o(.text)
    USB_HP_CAN1_TX_IRQHandler                0x080001bf   Thumb Code     0  startup_stm32f10x_md.o(.text)
    USB_LP_CAN1_RX0_IRQHandler               0x080001bf   Thumb Code     0  startup_stm32f10x_md.o(.text)
    WWDG_IRQHandler                          0x080001bf   Thumb Code     0  startup_stm32f10x_md.o(.text)
    __user_initial_stackheap                 0x080001c1   Thumb Code     0  startup_stm32f10x_md.o(.text)
    __2sprintf                               0x080001e5   Thumb Code    34  noretval__2sprintf.o(.text)
    _printf_str                              0x0800020d   Thumb Code    82  _printf_str.o(.text)
    _printf_int_dec                          0x08000261   Thumb Code   104  _printf_dec.o(.text)
    __printf                                 0x080002d9   Thumb Code   184  __printf_ss.o(.text)
    strcpy                                   0x08000391   Thumb Code    72  strcpy.o(.text)
    strlen                                   0x080003d9   Thumb Code    62  strlen.o(.text)
    __aeabi_memcpy                           0x08000417   Thumb Code     0  rt_memcpy_v6.o(.text)
    __rt_memcpy                              0x08000417   Thumb Code   138  rt_memcpy_v6.o(.text)
    _memcpy_lastbytes                        0x0800047d   Thumb Code     0  rt_memcpy_v6.o(.text)
    __aeabi_memset4                          0x080004a1   Thumb Code    16  aeabi_memset4.o(.text)
    __aeabi_memset8                          0x080004a1   Thumb Code     0  aeabi_memset4.o(.text)
    __aeabi_memclr                           0x080004b1   Thumb Code     0  rt_memclr.o(.text)
    __rt_memclr                              0x080004b1   Thumb Code     0  rt_memclr.o(.text)
    _memset                                  0x080004b5   Thumb Code    64  rt_memclr.o(.text)
    strcmp                                   0x080004f5   Thumb Code   128  strcmpv7m.o(.text)
    __use_two_region_memory                  0x08000575   Thumb Code     2  heapauxi.o(.text)
    __rt_heap_escrow$2region                 0x08000577   Thumb Code     2  heapauxi.o(.text)
    __rt_heap_expand$2region                 0x08000579   Thumb Code     2  heapauxi.o(.text)
    _printf_int_common                       0x0800057b   Thumb Code   178  _printf_intcommon.o(.text)
    _printf_char_common                      0x08000637   Thumb Code    32  _printf_char_common.o(.text)
    _sputc                                   0x0800065d   Thumb Code    10  _sputc.o(.text)
    _printf_cs_common                        0x08000667   Thumb Code    20  _printf_char.o(.text)
    _printf_char                             0x0800067b   Thumb Code    16  _printf_char.o(.text)
    _printf_string                           0x0800068b   Thumb Code     8  _printf_char.o(.text)
    __aeabi_memcpy4                          0x08000693   Thumb Code     0  rt_memcpy_w.o(.text)
    __aeabi_memcpy8                          0x08000693   Thumb Code     0  rt_memcpy_w.o(.text)
    __rt_memcpy_w                            0x08000693   Thumb Code   100  rt_memcpy_w.o(.text)
    _memcpy_lastbytes_aligned                0x080006db   Thumb Code     0  rt_memcpy_w.o(.text)
    __aeabi_memclr4                          0x080006f7   Thumb Code     0  rt_memclr_w.o(.text)
    __aeabi_memclr8                          0x080006f7   Thumb Code     0  rt_memclr_w.o(.text)
    __rt_memclr_w                            0x080006f7   Thumb Code     0  rt_memclr_w.o(.text)
    _memset_w                                0x080006fb   Thumb Code    74  rt_memclr_w.o(.text)
    __user_setup_stackheap                   0x08000745   Thumb Code    74  sys_stackheap_outer.o(.text)
    exit                                     0x0800078f   Thumb Code    18  exit.o(.text)
    __user_libspace                          0x080007a1   Thumb Code     8  libspace.o(.text)
    __user_perproc_libspace                  0x080007a1   Thumb Code     0  libspace.o(.text)
    _sys_exit                                0x080007a9   Thumb Code     8  sys_exit.o(.text)
    __I$use$semihosting                      0x080007b5   Thumb Code     0  use_no_semi.o(.text)
    __use_no_semihosting_swi                 0x080007b5   Thumb Code     2  use_no_semi.o(.text)
    __semihosting_library_function           0x080007b7   Thumb Code     0  indicate_semi.o(.text)
    CLI_Transmit                             0x080007b9   Thumb Code    26  cli.o(.text.CLI_Transmit)
    EXTI15_10_IRQHandler                     0x080007d5   Thumb Code   108  timer.o(.text.EXTI15_10_IRQHandler)
    GPIO_ConfigurePin                        0x08000881   Thumb Code    44  myfunctions.o(.text.GPIO_ConfigurePin)
    PendSV_Handler                           0x080008b1   Thumb Code    68  port_1.o(.text.PendSV_Handler)
    RCC_EnableAFIOClock                      0x080008f5   Thumb Code    18  myfunctions.o(.text.RCC_EnableAFIOClock)
    RCC_EnableTimerClock                     0x08000909   Thumb Code    92  myfunctions.o(.text.RCC_EnableTimerClock)
    RCC_EnableUSARTClock                     0x08000965   Thumb Code    72  myfunctions.o(.text.RCC_EnableUSARTClock)
    RCC_SetGPIOClock                         0x080009ad   Thumb Code    40  myfunctions.o(.text.RCC_SetGPIOClock)
    SVC_Handler                              0x080009f1   Thumb Code    36  port_1.o(.text.SVC_Handler)
    SysTick_Handler                          0x08000a15   Thumb Code    30  cmsis_os2.o(.text.SysTick_Handler)
    SystemInit                               0x08000a35   Thumb Code   272  system_stm32f10x.o(.text.SystemInit)
    TIM3_IRQHandler                          0x08000b45   Thumb Code    40  timer.o(.text.TIM3_IRQHandler)
    TaskHandleUserInput                      0x08000b6d   Thumb Code   200  tasking.o(.text.TaskHandleUserInput)
    TaskProcessCommand                       0x08000c35   Thumb Code    52  tasking.o(.text.TaskProcessCommand)
    USART2_IRQHandler                        0x08000c69   Thumb Code    60  usart.o(.text.USART2_IRQHandler)
    _mutex_acquire                           0x08000ca5   Thumb Code    36  clib_arm.o(.text._mutex_acquire)
    _mutex_free                              0x08000cc9   Thumb Code    48  clib_arm.o(.text._mutex_free)
    _mutex_initialize                        0x08000cf9   Thumb Code    90  clib_arm.o(.text._mutex_initialize)
    _mutex_release                           0x08000d55   Thumb Code    38  clib_arm.o(.text._mutex_release)
    _platform_post_stackheap_init            0x08000d7d   Thumb Code     2  clib_arm.o(.text._platform_post_stackheap_init)
    characterToInt                           0x08000d81   Thumb Code    70  myfunctions.o(.text.characterToInt)
    clearScreenFromRow                       0x08000dc9   Thumb Code   146  cli.o(.text.clearScreenFromRow)
    clockInit                                0x08000e5d   Thumb Code   152  myfunctions.o(.text.clockInit)
    convertToString                          0x08000ef5   Thumb Code    32  cli.o(.text.convertToString)
    delay                                    0x08000f19   Thumb Code    42  myfunctions.o(.text.delay)
    display                                  0x08000f45   Thumb Code    84  cli.o(.text.display)
    displayBox                               0x08000f99   Thumb Code   302  staticstructure.o(.text.displayBox)
    displaySetup                             0x080010c9   Thumb Code   316  staticstructure.o(.text.displaySetup)
    draw                                     0x0800120d   Thumb Code   140  tasking.o(.text.draw)
    drawFifth                                0x08001299   Thumb Code   248  staticstructure.o(.text.drawFifth)
    drawFirst                                0x08001391   Thumb Code   248  staticstructure.o(.text.drawFirst)
    drawForth                                0x08001489   Thumb Code   248  staticstructure.o(.text.drawForth)
    drawSecond                               0x08001581   Thumb Code   248  staticstructure.o(.text.drawSecond)
    drawThird                                0x08001679   Thumb Code   248  staticstructure.o(.text.drawThird)
    floorStatus                              0x08001771   Thumb Code    68  tasking.o(.text.floorStatus)
    instructions                             0x080017c1   Thumb Code   216  staticstructure.o(.text.instructions)
    interruptPC13setup                       0x08001911   Thumb Code    86  timer.o(.text.interruptPC13setup)
    main                                     0x08001969   Thumb Code   236  main.o(.text.main)
    message                                  0x08001a6d   Thumb Code    34  cli.o(.text.message)
    moveElevatorToFloor                      0x08001a91   Thumb Code   236  tasking.o(.text.moveElevatorToFloor)
    newMemory                                0x08001bfd   Thumb Code    30  myfunctions.o(.text.newMemory)
    processCommand                           0x08001c1d   Thumb Code   152  tasking.o(.text.processCommand)
    pvPortMalloc                             0x0800231d   Thumb Code   372  heap_4.o(.text.pvPortMalloc)
    pvTaskIncrementMutexHeldCount            0x08002491   Thumb Code    24  tasks_1.o(.text.pvTaskIncrementMutexHeldCount)
    pxPortInitialiseStack                    0x080024a9   Thumb Code    32  port_1.o(.text.pxPortInitialiseStack)
    sendPromptArrows                         0x080024c9   Thumb Code    56  cli.o(.text.sendPromptArrows)
    sendbyte                                 0x08002505   Thumb Code    26  usart.o(.text.sendbyte)
    serial_close                             0x08002521   Thumb Code    32  usart.o(.text.serial_close)
    serial_open                              0x08002541   Thumb Code   130  usart.o(.text.serial_open)
    setCursorPosition                        0x080025c5   Thumb Code    56  cli.o(.text.setCursorPosition)
    setTextColor                             0x080025fd   Thumb Code    40  staticstructure.o(.text.setTextColor)
    status                                   0x08002625   Thumb Code    68  tasking.o(.text.status)
    timeElapsed                              0x08002675   Thumb Code    68  tasking.o(.text.timeElapsed)
    updateTimer                              0x080026d1   Thumb Code    60  timer.o(.text.updateTimer)
    uxListRemove                             0x0800270d   Thumb Code    36  list.o(.text.uxListRemove)
    vApplicationGetIdleTaskMemory            0x08002731   Thumb Code    26  cmsis_os2.o(.text.vApplicationGetIdleTaskMemory)
    vApplicationGetTimerTaskMemory           0x0800274d   Thumb Code    26  cmsis_os2.o(.text.vApplicationGetTimerTaskMemory)
    vApplicationStackOverflowHook            0x08002769   Thumb Code     2  cmsis_os2.o(.text.vApplicationStackOverflowHook)
    vListInitialise                          0x0800276d   Thumb Code    22  list.o(.text.vListInitialise)
    vListInitialiseItem                      0x08002785   Thumb Code     6  list.o(.text.vListInitialiseItem)
    vListInsert                              0x0800278d   Thumb Code    58  list.o(.text.vListInsert)
    vPortEnterCritical                       0x080027c9   Thumb Code    32  port_1.o(.text.vPortEnterCritical)
    vPortExitCritical                        0x080027e9   Thumb Code    26  port_1.o(.text.vPortExitCritical)
    vPortFree                                0x08002805   Thumb Code   158  heap_4.o(.text.vPortFree)
    vPortSetupTimerInterrupt                 0x080028a5   Thumb Code    52  port_1.o(.text.vPortSetupTimerInterrupt)
    vQueueDelete                             0x080028d9   Thumb Code    14  queue.o(.text.vQueueDelete)
    vQueueWaitForMessageRestricted           0x080028e9   Thumb Code    70  queue.o(.text.vQueueWaitForMessageRestricted)
    vTaskDelay                               0x08002931   Thumb Code   142  tasks_1.o(.text.vTaskDelay)
    vTaskInternalSetTimeOutState             0x080029c1   Thumb Code    26  tasks_1.o(.text.vTaskInternalSetTimeOutState)
    vTaskMissedYield                         0x080029dd   Thumb Code    14  tasks_1.o(.text.vTaskMissedYield)
    vTaskPlaceOnEventList                    0x080029ed   Thumb Code    32  tasks_1.o(.text.vTaskPlaceOnEventList)
    vTaskPlaceOnEventListRestricted          0x08002a0d   Thumb Code    90  tasks_1.o(.text.vTaskPlaceOnEventListRestricted)
    vTaskPriorityDisinheritAfterTimeout      0x08002a69   Thumb Code   128  tasks_1.o(.text.vTaskPriorityDisinheritAfterTimeout)
    vTaskStartScheduler                      0x08002ae9   Thumb Code   140  tasks_1.o(.text.vTaskStartScheduler)
    vTaskSuspendAll                          0x08002b7d   Thumb Code    16  tasks_1.o(.text.vTaskSuspendAll)
    vTaskSwitchContext                       0x08002b8d   Thumb Code   172  tasks_1.o(.text.vTaskSwitchContext)
    xPortStartScheduler                      0x08002c39   Thumb Code    84  port_1.o(.text.xPortStartScheduler)
    xPortSysTickHandler                      0x08002c8d   Thumb Code    46  port_1.o(.text.xPortSysTickHandler)
    xQueueCreateMutex                        0x08002cbd   Thumb Code    40  queue.o(.text.xQueueCreateMutex)
    xQueueCreateMutexStatic                  0x08002ce5   Thumb Code   120  queue.o(.text.xQueueCreateMutexStatic)
    xQueueGenericCreate                      0x08002d5d   Thumb Code   134  queue.o(.text.xQueueGenericCreate)
    xQueueGenericCreateStatic                0x08002de5   Thumb Code   128  queue.o(.text.xQueueGenericCreateStatic)
    xQueueGenericSend                        0x08002e65   Thumb Code   418  queue.o(.text.xQueueGenericSend)
    xQueueReceive                            0x08003009   Thumb Code   332  queue.o(.text.xQueueReceive)
    xQueueSemaphoreTake                      0x08003155   Thumb Code   382  queue.o(.text.xQueueSemaphoreTake)
    xTaskCheckForTimeOut                     0x080032d5   Thumb Code   104  tasks_1.o(.text.xTaskCheckForTimeOut)
    xTaskCreate                              0x0800333d   Thumb Code   210  tasks_1.o(.text.xTaskCreate)
    xTaskCreateStatic                        0x08003411   Thumb Code   168  tasks_1.o(.text.xTaskCreateStatic)
    xTaskGetSchedulerState                   0x080034b9   Thumb Code    38  tasks_1.o(.text.xTaskGetSchedulerState)
    xTaskGetTickCount                        0x080034e1   Thumb Code    12  tasks_1.o(.text.xTaskGetTickCount)
    xTaskIncrementTick                       0x080034ed   Thumb Code   406  tasks_1.o(.text.xTaskIncrementTick)
    xTaskPriorityDisinherit                  0x08003685   Thumb Code   112  tasks_1.o(.text.xTaskPriorityDisinherit)
    xTaskPriorityInherit                     0x080036f5   Thumb Code   166  tasks_1.o(.text.xTaskPriorityInherit)
    xTaskRemoveFromEventList                 0x0800379d   Thumb Code   216  tasks_1.o(.text.xTaskRemoveFromEventList)
    xTaskResumeAll                           0x08003875   Thumb Code   368  tasks_1.o(.text.xTaskResumeAll)
    xTimerCreateTimerTask                    0x080039e5   Thumb Code   176  timers.o(.text.xTimerCreateTimerTask)
    uxTopUsedPriority                        0x08003d2c   Data           4  tasks_1.o(.rodata.uxTopUsedPriority)
    Region$$Table$$Base                      0x08003d30   Number         0  anon$$obj.o(Region$$Table)
    Region$$Table$$Limit                     0x08003d50   Number         0  anon$$obj.o(Region$$Table)
    SystemCoreClock                          0x20000000   Data           4  system_stm32f10x.o(.data.SystemCoreClock)
    currentRow                               0x20000004   Data           1  main.o(.data.currentRow)
    floorNumber                              0x20000008   Data           4  main.o(.data.floorNumber)
    statusMessage                            0x2000000c   Data           4  main.o(.data.statusMessage)
    __libspace_start                         0x20000018   Data          96  libspace.o(.bss)
    __temporary_stack_top$libspace           0x20000078   Data           0  libspace.o(.bss)
    buttonPressed                            0x20000078   Data           1  main.o(.bss.buttonPressed)
    characterFlag                            0x2000007c   Data           4  main.o(.bss.characterFlag)
    characterReceived                        0x20000080   Data           1  main.o(.bss.characterReceived)
    currentColumn                            0x200002ac   Data           1  main.o(.bss.currentColumn)
    pxCurrentTCB                             0x20000354   Data           4  tasks_1.o(.bss.pxCurrentTCB)
    timeCounter                              0x200007cc   Data           4  main.o(.bss.timeCounter)
    xCommandQueue                            0x20002c04   Data           4  main.o(.bss.xCommandQueue)
    xDrawQueue                               0x20002c30   Data           4  main.o(.bss.xDrawQueue)



==============================================================================

Memory Map of the image

  Image Entry point : 0x080001a5

  Load Region LR_1 (Base: 0x08000000, Size: 0x00003d64, Max: 0xffffffff, ABSOLUTE)

    Execution Region ER_RO (Exec base: 0x08000000, Load base: 0x08000000, Size: 0x00003d50, Max: 0xffffffff, ABSOLUTE)

    Exec Addr    Load Addr    Size         Type   Attr      Idx    E Section Name        Object

    0x08000000   0x08000000   0x000000ec   Data   RO          435    RESET               startup_stm32f10x_md.o
    0x080000ec   0x080000ec   0x00000008   Code   RO          886  * !!!main             c_w.l(__main.o)
    0x080000f4   0x080000f4   0x00000034   Code   RO         1064    !!!scatter          c_w.l(__scatter.o)
    0x08000128   0x08000128   0x0000001a   Code   RO         1066    !!handler_copy      c_w.l(__scatter_copy.o)
    0x08000142   0x08000142   0x00000002   PAD
    0x08000144   0x08000144   0x0000001c   Code   RO         1068    !!handler_zi        c_w.l(__scatter_zi.o)
    0x08000160   0x08000160   0x00000000   Code   RO          871    .ARM.Collect$$_printf_percent$$00000000  c_w.l(_printf_percent.o)
    0x08000160   0x08000160   0x00000006   Code   RO          869    .ARM.Collect$$_printf_percent$$00000009  c_w.l(_printf_d.o)
    0x08000166   0x08000166   0x00000006   Code   RO          870    .ARM.Collect$$_printf_percent$$0000000A  c_w.l(_printf_u.o)
    0x0800016c   0x0800016c   0x00000006   Code   RO          868    .ARM.Collect$$_printf_percent$$00000014  c_w.l(_printf_s.o)
    0x08000172   0x08000172   0x00000004   Code   RO          897    .ARM.Collect$$_printf_percent$$00000017  c_w.l(_printf_percent_end.o)
    0x08000176   0x08000176   0x00000002   Code   RO          926    .ARM.Collect$$libinit$$00000000  c_w.l(libinit.o)
    0x08000178   0x08000178   0x00000000   Code   RO          933    .ARM.Collect$$libinit$$00000002  c_w.l(libinit2.o)
    0x08000178   0x08000178   0x00000000   Code   RO          935    .ARM.Collect$$libinit$$00000004  c_w.l(libinit2.o)
    0x08000178   0x08000178   0x00000000   Code   RO          937    .ARM.Collect$$libinit$$00000006  c_w.l(libinit2.o)
    0x08000178   0x08000178   0x00000000   Code   RO          940    .ARM.Collect$$libinit$$0000000C  c_w.l(libinit2.o)
    0x08000178   0x08000178   0x00000000   Code   RO          942    .ARM.Collect$$libinit$$0000000E  c_w.l(libinit2.o)
    0x08000178   0x08000178   0x00000000   Code   RO          944    .ARM.Collect$$libinit$$00000010  c_w.l(libinit2.o)
    0x08000178   0x08000178   0x00000000   Code   RO          947    .ARM.Collect$$libinit$$00000013  c_w.l(libinit2.o)
    0x08000178   0x08000178   0x00000000   Code   RO          949    .ARM.Collect$$libinit$$00000015  c_w.l(libinit2.o)
    0x08000178   0x08000178   0x00000000   Code   RO          951    .ARM.Collect$$libinit$$00000017  c_w.l(libinit2.o)
    0x08000178   0x08000178   0x00000000   Code   RO          953    .ARM.Collect$$libinit$$00000019  c_w.l(libinit2.o)
    0x08000178   0x08000178   0x00000000   Code   RO          955    .ARM.Collect$$libinit$$0000001B  c_w.l(libinit2.o)
    0x08000178   0x08000178   0x00000000   Code   RO          957    .ARM.Collect$$libinit$$0000001D  c_w.l(libinit2.o)
    0x08000178   0x08000178   0x00000000   Code   RO          959    .ARM.Collect$$libinit$$0000001F  c_w.l(libinit2.o)
    0x08000178   0x08000178   0x00000000   Code   RO          961    .ARM.Collect$$libinit$$00000021  c_w.l(libinit2.o)
    0x08000178   0x08000178   0x00000000   Code   RO          963    .ARM.Collect$$libinit$$00000023  c_w.l(libinit2.o)
    0x08000178   0x08000178   0x00000000   Code   RO          965    .ARM.Collect$$libinit$$00000025  c_w.l(libinit2.o)
    0x08000178   0x08000178   0x00000000   Code   RO          967    .ARM.Collect$$libinit$$00000027  c_w.l(libinit2.o)
    0x08000178   0x08000178   0x00000000   Code   RO          971    .ARM.Collect$$libinit$$0000002E  c_w.l(libinit2.o)
    0x08000178   0x08000178   0x00000000   Code   RO          973    .ARM.Collect$$libinit$$00000030  c_w.l(libinit2.o)
    0x08000178   0x08000178   0x00000000   Code   RO          975    .ARM.Collect$$libinit$$00000032  c_w.l(libinit2.o)
    0x08000178   0x08000178   0x00000000   Code   RO          977    .ARM.Collect$$libinit$$00000034  c_w.l(libinit2.o)
    0x08000178   0x08000178   0x00000002   Code   RO          978    .ARM.Collect$$libinit$$00000035  c_w.l(libinit2.o)
    0x0800017a   0x0800017a   0x00000002   Code   RO         1000    .ARM.Collect$$libshutdown$$00000000  c_w.l(libshutdown.o)
    0x0800017c   0x0800017c   0x00000000   Code   RO         1015    .ARM.Collect$$libshutdown$$00000002  c_w.l(libshutdown2.o)
    0x0800017c   0x0800017c   0x00000000   Code   RO         1017    .ARM.Collect$$libshutdown$$00000004  c_w.l(libshutdown2.o)
    0x0800017c   0x0800017c   0x00000000   Code   RO         1020    .ARM.Collect$$libshutdown$$00000007  c_w.l(libshutdown2.o)
    0x0800017c   0x0800017c   0x00000000   Code   RO         1023    .ARM.Collect$$libshutdown$$0000000A  c_w.l(libshutdown2.o)
    0x0800017c   0x0800017c   0x00000000   Code   RO         1025    .ARM.Collect$$libshutdown$$0000000C  c_w.l(libshutdown2.o)
    0x0800017c   0x0800017c   0x00000000   Code   RO         1028    .ARM.Collect$$libshutdown$$0000000F  c_w.l(libshutdown2.o)
    0x0800017c   0x0800017c   0x00000002   Code   RO         1029    .ARM.Collect$$libshutdown$$00000010  c_w.l(libshutdown2.o)
    0x0800017e   0x0800017e   0x00000000   Code   RO          888    .ARM.Collect$$rtentry$$00000000  c_w.l(__rtentry.o)
    0x0800017e   0x0800017e   0x00000000   Code   RO          903    .ARM.Collect$$rtentry$$00000002  c_w.l(__rtentry2.o)
    0x0800017e   0x0800017e   0x00000006   Code   RO          915    .ARM.Collect$$rtentry$$00000004  c_w.l(__rtentry4.o)
    0x08000184   0x08000184   0x00000008   Code   RO          904    .ARM.Collect$$rtentry$$00000008  c_w.l(__rtentry2.o)
    0x0800018c   0x0800018c   0x00000004   Code   RO          906    .ARM.Collect$$rtentry$$0000000A  c_w.l(__rtentry2.o)
    0x08000190   0x08000190   0x00000000   Code   RO          908    .ARM.Collect$$rtentry$$0000000C  c_w.l(__rtentry2.o)
    0x08000190   0x08000190   0x00000008   Code   RO          909    .ARM.Collect$$rtentry$$0000000D  c_w.l(__rtentry2.o)
    0x08000198   0x08000198   0x00000002   Code   RO          930    .ARM.Collect$$rtexit$$00000000  c_w.l(rtexit.o)
    0x0800019a   0x0800019a   0x00000000   Code   RO          980    .ARM.Collect$$rtexit$$00000002  c_w.l(rtexit2.o)
    0x0800019a   0x0800019a   0x00000004   Code   RO          981    .ARM.Collect$$rtexit$$00000003  c_w.l(rtexit2.o)
    0x0800019e   0x0800019e   0x00000006   Code   RO          982    .ARM.Collect$$rtexit$$00000004  c_w.l(rtexit2.o)
    0x080001a4   0x080001a4   0x00000040   Code   RO          436  * .text               startup_stm32f10x_md.o
    0x080001e4   0x080001e4   0x00000028   Code   RO          840    .text               c_w.l(noretval__2sprintf.o)
    0x0800020c   0x0800020c   0x00000052   Code   RO          844    .text               c_w.l(_printf_str.o)
    0x0800025e   0x0800025e   0x00000002   PAD
    0x08000260   0x08000260   0x00000078   Code   RO          846    .text               c_w.l(_printf_dec.o)
    0x080002d8   0x080002d8   0x000000b8   Code   RO          851    .text               c_w.l(__printf_ss.o)
    0x08000390   0x08000390   0x00000048   Code   RO          872    .text               c_w.l(strcpy.o)
    0x080003d8   0x080003d8   0x0000003e   Code   RO          874    .text               c_w.l(strlen.o)
    0x08000416   0x08000416   0x0000008a   Code   RO          876    .text               c_w.l(rt_memcpy_v6.o)
    0x080004a0   0x080004a0   0x00000010   Code   RO          878    .text               c_w.l(aeabi_memset4.o)
    0x080004b0   0x080004b0   0x00000044   Code   RO          880    .text               c_w.l(rt_memclr.o)
    0x080004f4   0x080004f4   0x00000080   Code   RO          882    .text               c_w.l(strcmpv7m.o)
    0x08000574   0x08000574   0x00000006   Code   RO          884    .text               c_w.l(heapauxi.o)
    0x0800057a   0x0800057a   0x000000b2   Code   RO          889    .text               c_w.l(_printf_intcommon.o)
    0x0800062c   0x0800062c   0x00000030   Code   RO          891    .text               c_w.l(_printf_char_common.o)
    0x0800065c   0x0800065c   0x0000000a   Code   RO          893    .text               c_w.l(_sputc.o)
    0x08000666   0x08000666   0x0000002c   Code   RO          895    .text               c_w.l(_printf_char.o)
    0x08000692   0x08000692   0x00000064   Code   RO          898    .text               c_w.l(rt_memcpy_w.o)
    0x080006f6   0x080006f6   0x0000004e   Code   RO          900    .text               c_w.l(rt_memclr_w.o)
    0x08000744   0x08000744   0x0000004a   Code   RO          919    .text               c_w.l(sys_stackheap_outer.o)
    0x0800078e   0x0800078e   0x00000012   Code   RO          921    .text               c_w.l(exit.o)
    0x080007a0   0x080007a0   0x00000008   Code   RO          927    .text               c_w.l(libspace.o)
    0x080007a8   0x080007a8   0x0000000c   Code   RO          990    .text               c_w.l(sys_exit.o)
    0x080007b4   0x080007b4   0x00000002   Code   RO         1005    .text               c_w.l(use_no_semi.o)
    0x080007b6   0x080007b6   0x00000000   Code   RO         1007    .text               c_w.l(indicate_semi.o)
    0x080007b6   0x080007b6   0x00000002   PAD
    0x080007b8   0x080007b8   0x0000001a   Code   RO           22    .text.CLI_Transmit  cli.o
    0x080007d2   0x080007d2   0x00000002   PAD
    0x080007d4   0x080007d4   0x000000ac   Code   RO          115    .text.EXTI15_10_IRQHandler  timer.o
    0x08000880   0x08000880   0x0000002c   Code   RO           83    .text.GPIO_ConfigurePin  myfunctions.o
    0x080008ac   0x080008ac   0x00000004   PAD
    0x080008b0   0x080008b0   0x00000044   Code   RO          530    .text.PendSV_Handler  port_1.o
    0x080008f4   0x080008f4   0x00000012   Code   RO           75    .text.RCC_EnableAFIOClock  myfunctions.o
    0x08000906   0x08000906   0x00000002   PAD
    0x08000908   0x08000908   0x0000005c   Code   RO           81    .text.RCC_EnableTimerClock  myfunctions.o
    0x08000964   0x08000964   0x00000048   Code   RO           79    .text.RCC_EnableUSARTClock  myfunctions.o
    0x080009ac   0x080009ac   0x00000038   Code   RO           73    .text.RCC_SetGPIOClock  myfunctions.o
    0x080009e4   0x080009e4   0x0000000c   PAD
    0x080009f0   0x080009f0   0x00000024   Code   RO          516    .text.SVC_Handler   port_1.o
    0x08000a14   0x08000a14   0x0000001e   Code   RO          242    .text.SysTick_Handler  cmsis_os2.o
    0x08000a32   0x08000a32   0x00000002   PAD
    0x08000a34   0x08000a34   0x00000110   Code   RO          443    .text.SystemInit    system_stm32f10x.o
    0x08000b44   0x08000b44   0x00000028   Code   RO          111    .text.TIM3_IRQHandler  timer.o
    0x08000b6c   0x08000b6c   0x000000c8   Code   RO          131    .text.TaskHandleUserInput  tasking.o
    0x08000c34   0x08000c34   0x00000034   Code   RO          135    .text.TaskProcessCommand  tasking.o
    0x08000c68   0x08000c68   0x0000003c   Code   RO           61    .text.USART2_IRQHandler  usart.o
    0x08000ca4   0x08000ca4   0x00000024   Code   RO          194    .text._mutex_acquire  clib_arm.o
    0x08000cc8   0x08000cc8   0x00000030   Code   RO          198    .text._mutex_free   clib_arm.o
    0x08000cf8   0x08000cf8   0x0000005a   Code   RO          192    .text._mutex_initialize  clib_arm.o
    0x08000d52   0x08000d52   0x00000002   PAD
    0x08000d54   0x08000d54   0x00000026   Code   RO          196    .text._mutex_release  clib_arm.o
    0x08000d7a   0x08000d7a   0x00000002   PAD
    0x08000d7c   0x08000d7c   0x00000002   Code   RO          188    .text._platform_post_stackheap_init  clib_arm.o
    0x08000d7e   0x08000d7e   0x00000002   PAD
    0x08000d80   0x08000d80   0x00000046   Code   RO           95    .text.characterToInt  myfunctions.o
    0x08000dc6   0x08000dc6   0x00000002   PAD
    0x08000dc8   0x08000dc8   0x00000092   Code   RO           40    .text.clearScreenFromRow  cli.o
    0x08000e5a   0x08000e5a   0x00000002   PAD
    0x08000e5c   0x08000e5c   0x00000098   Code   RO           71    .text.clockInit     myfunctions.o
    0x08000ef4   0x08000ef4   0x00000024   Code   RO           30    .text.convertToString  cli.o
    0x08000f18   0x08000f18   0x0000002a   Code   RO           85    .text.delay         myfunctions.o
    0x08000f42   0x08000f42   0x00000002   PAD
    0x08000f44   0x08000f44   0x00000054   Code   RO           26    .text.display       cli.o
    0x08000f98   0x08000f98   0x0000012e   Code   RO          154    .text.displayBox    staticstructure.o
    0x080010c6   0x080010c6   0x00000002   PAD
    0x080010c8   0x080010c8   0x00000144   Code   RO          176    .text.displaySetup  staticstructure.o
    0x0800120c   0x0800120c   0x0000008c   Code   RO          133    .text.draw          tasking.o
    0x08001298   0x08001298   0x000000f8   Code   RO          160    .text.drawFifth     staticstructure.o
    0x08001390   0x08001390   0x000000f8   Code   RO          168    .text.drawFirst     staticstructure.o
    0x08001488   0x08001488   0x000000f8   Code   RO          162    .text.drawForth     staticstructure.o
    0x08001580   0x08001580   0x000000f8   Code   RO          166    .text.drawSecond    staticstructure.o
    0x08001678   0x08001678   0x000000f8   Code   RO          164    .text.drawThird     staticstructure.o
    0x08001770   0x08001770   0x00000050   Code   RO          127    .text.floorStatus   tasking.o
    0x080017c0   0x080017c0   0x00000150   Code   RO          170    .text.instructions  staticstructure.o
    0x08001910   0x08001910   0x00000056   Code   RO          113    .text.interruptPC13setup  timer.o
    0x08001966   0x08001966   0x00000002   PAD
    0x08001968   0x08001968   0x00000104   Code   RO            2    .text.main          main.o
    0x08001a6c   0x08001a6c   0x00000022   Code   RO           32    .text.message       cli.o
    0x08001a8e   0x08001a8e   0x00000002   PAD
    0x08001a90   0x08001a90   0x0000016c   Code   RO          139    .text.moveElevatorToFloor  tasking.o
    0x08001bfc   0x08001bfc   0x0000001e   Code   RO           97    .text.newMemory     myfunctions.o
    0x08001c1a   0x08001c1a   0x00000002   PAD
    0x08001c1c   0x08001c1c   0x00000138   Code   RO          137    .text.processCommand  tasking.o
    0x08001d54   0x08001d54   0x0000009e   Code   RO          652    .text.prvAddCurrentTaskToDelayedList  tasks_1.o
    0x08001df2   0x08001df2   0x00000002   PAD
    0x08001df4   0x08001df4   0x00000132   Code   RO          642    .text.prvAddNewTaskToReadyList  tasks_1.o
    0x08001f26   0x08001f26   0x00000002   PAD
    0x08001f28   0x08001f28   0x00000082   Code   RO          676    .text.prvIdleTask   tasks_1.o
    0x08001faa   0x08001faa   0x00000002   PAD
    0x08001fac   0x08001fac   0x00000020   Code   RO          522    .text.prvPortStartFirstTask  port_1.o
    0x08001fcc   0x08001fcc   0x00000082   Code   RO          818    .text.prvProcessExpiredTimer  timers.o
    0x0800204e   0x0800204e   0x00000002   PAD
    0x08002050   0x08002050   0x00000022   Code   RO          514    .text.prvTaskExitError  port_1.o
    0x08002072   0x08002072   0x00000002   PAD
    0x08002074   0x08002074   0x00000232   Code   RO          780    .text.prvTimerTask  timers.o
    0x080022a6   0x080022a6   0x00000002   PAD
    0x080022a8   0x080022a8   0x00000074   Code   RO          598    .text.prvUnlockQueue  queue.o
    0x0800231c   0x0800231c   0x00000174   Code   RO          543    .text.pvPortMalloc  heap_4.o
    0x08002490   0x08002490   0x00000018   Code   RO          732    .text.pvTaskIncrementMutexHeldCount  tasks_1.o
    0x080024a8   0x080024a8   0x00000020   Code   RO          512    .text.pxPortInitialiseStack  port_1.o
    0x080024c8   0x080024c8   0x0000003c   Code   RO           38    .text.sendPromptArrows  cli.o
    0x08002504   0x08002504   0x0000001a   Code   RO           57    .text.sendbyte      usart.o
    0x0800251e   0x0800251e   0x00000002   PAD
    0x08002520   0x08002520   0x00000020   Code   RO           55    .text.serial_close  usart.o
    0x08002540   0x08002540   0x00000082   Code   RO           51    .text.serial_open   usart.o
    0x080025c2   0x080025c2   0x00000002   PAD
    0x080025c4   0x080025c4   0x00000038   Code   RO           28    .text.setCursorPosition  cli.o
    0x080025fc   0x080025fc   0x00000028   Code   RO          152    .text.setTextColor  staticstructure.o
    0x08002624   0x08002624   0x00000050   Code   RO          125    .text.status        tasking.o
    0x08002674   0x08002674   0x0000005c   Code   RO          129    .text.timeElapsed   tasking.o
    0x080026d0   0x080026d0   0x0000003c   Code   RO          107    .text.updateTimer   timer.o
    0x0800270c   0x0800270c   0x00000024   Code   RO          502    .text.uxListRemove  list.o
    0x08002730   0x08002730   0x0000001a   Code   RO          390    .text.vApplicationGetIdleTaskMemory  cmsis_os2.o
    0x0800274a   0x0800274a   0x00000002   PAD
    0x0800274c   0x0800274c   0x0000001a   Code   RO          392    .text.vApplicationGetTimerTaskMemory  cmsis_os2.o
    0x08002766   0x08002766   0x00000002   PAD
    0x08002768   0x08002768   0x00000002   Code   RO          388    .text.vApplicationStackOverflowHook  cmsis_os2.o
    0x0800276a   0x0800276a   0x00000002   PAD
    0x0800276c   0x0800276c   0x00000016   Code   RO          494    .text.vListInitialise  list.o
    0x08002782   0x08002782   0x00000002   PAD
    0x08002784   0x08002784   0x00000006   Code   RO          496    .text.vListInitialiseItem  list.o
    0x0800278a   0x0800278a   0x00000002   PAD
    0x0800278c   0x0800278c   0x0000003a   Code   RO          500    .text.vListInsert   list.o
    0x080027c6   0x080027c6   0x00000002   PAD
    0x080027c8   0x080027c8   0x00000020   Code   RO          526    .text.vPortEnterCritical  port_1.o
    0x080027e8   0x080027e8   0x0000001a   Code   RO          528    .text.vPortExitCritical  port_1.o
    0x08002802   0x08002802   0x00000002   PAD
    0x08002804   0x08002804   0x0000009e   Code   RO          545    .text.vPortFree     heap_4.o
    0x080028a2   0x080028a2   0x00000002   PAD
    0x080028a4   0x080028a4   0x00000034   Code   RO          520    .text.vPortSetupTimerInterrupt  port_1.o
    0x080028d8   0x080028d8   0x0000000e   Code   RO          618    .text.vQueueDelete  queue.o
    0x080028e6   0x080028e6   0x00000002   PAD
    0x080028e8   0x080028e8   0x00000046   Code   RO          630    .text.vQueueWaitForMessageRestricted  queue.o
    0x0800292e   0x0800292e   0x00000002   PAD
    0x08002930   0x08002930   0x0000008e   Code   RO          656    .text.vTaskDelay    tasks_1.o
    0x080029be   0x080029be   0x00000002   PAD
    0x080029c0   0x080029c0   0x0000001a   Code   RO          706    .text.vTaskInternalSetTimeOutState  tasks_1.o
    0x080029da   0x080029da   0x00000002   PAD
    0x080029dc   0x080029dc   0x0000000e   Code   RO          710    .text.vTaskMissedYield  tasks_1.o
    0x080029ea   0x080029ea   0x00000002   PAD
    0x080029ec   0x080029ec   0x00000020   Code   RO          694    .text.vTaskPlaceOnEventList  tasks_1.o
    0x08002a0c   0x08002a0c   0x0000005a   Code   RO          698    .text.vTaskPlaceOnEventListRestricted  tasks_1.o
    0x08002a66   0x08002a66   0x00000002   PAD
    0x08002a68   0x08002a68   0x00000080   Code   RO          728    .text.vTaskPriorityDisinheritAfterTimeout  tasks_1.o
    0x08002ae8   0x08002ae8   0x00000094   Code   RO          674    .text.vTaskStartScheduler  tasks_1.o
    0x08002b7c   0x08002b7c   0x00000010   Code   RO          650    .text.vTaskSuspendAll  tasks_1.o
    0x08002b8c   0x08002b8c   0x000000ac   Code   RO          668    .text.vTaskSwitchContext  tasks_1.o
    0x08002c38   0x08002c38   0x00000054   Code   RO          518    .text.xPortStartScheduler  port_1.o
    0x08002c8c   0x08002c8c   0x0000002e   Code   RO          532    .text.xPortSysTickHandler  port_1.o
    0x08002cba   0x08002cba   0x00000002   PAD
    0x08002cbc   0x08002cbc   0x00000028   Code   RO          578    .text.xQueueCreateMutex  queue.o
    0x08002ce4   0x08002ce4   0x00000078   Code   RO          580    .text.xQueueCreateMutexStatic  queue.o
    0x08002d5c   0x08002d5c   0x00000086   Code   RO          576    .text.xQueueGenericCreate  queue.o
    0x08002de2   0x08002de2   0x00000002   PAD
    0x08002de4   0x08002de4   0x00000080   Code   RO          574    .text.xQueueGenericCreateStatic  queue.o
    0x08002e64   0x08002e64   0x000001a2   Code   RO          588    .text.xQueueGenericSend  queue.o
    0x08003006   0x08003006   0x00000002   PAD
    0x08003008   0x08003008   0x0000014c   Code   RO          604    .text.xQueueReceive  queue.o
    0x08003154   0x08003154   0x0000017e   Code   RO          592    .text.xQueueSemaphoreTake  queue.o
    0x080032d2   0x080032d2   0x00000002   PAD
    0x080032d4   0x080032d4   0x00000068   Code   RO          708    .text.xTaskCheckForTimeOut  tasks_1.o
    0x0800333c   0x0800333c   0x000000d2   Code   RO          644    .text.xTaskCreate   tasks_1.o
    0x0800340e   0x0800340e   0x00000002   PAD
    0x08003410   0x08003410   0x000000a8   Code   RO          640    .text.xTaskCreateStatic  tasks_1.o
    0x080034b8   0x080034b8   0x00000026   Code   RO          722    .text.xTaskGetSchedulerState  tasks_1.o
    0x080034de   0x080034de   0x00000002   PAD
    0x080034e0   0x080034e0   0x0000000c   Code   RO          682    .text.xTaskGetTickCount  tasks_1.o
    0x080034ec   0x080034ec   0x00000196   Code   RO          680    .text.xTaskIncrementTick  tasks_1.o
    0x08003682   0x08003682   0x00000002   PAD
    0x08003684   0x08003684   0x00000070   Code   RO          726    .text.xTaskPriorityDisinherit  tasks_1.o
    0x080036f4   0x080036f4   0x000000a6   Code   RO          724    .text.xTaskPriorityInherit  tasks_1.o
    0x0800379a   0x0800379a   0x00000002   PAD
    0x0800379c   0x0800379c   0x000000d8   Code   RO          700    .text.xTaskRemoveFromEventList  tasks_1.o
    0x08003874   0x08003874   0x00000170   Code   RO          654    .text.xTaskResumeAll  tasks_1.o
    0x080039e4   0x080039e4   0x000000b8   Code   RO          778    .text.xTimerCreateTimerTask  timers.o
    0x08003a9c   0x08003a9c   0x0000002c   Data   RO            5    .rodata.str1.1      main.o
    0x08003ac8   0x08003ac8   0x0000000d   Data   RO           42    .rodata.str1.1      cli.o
    0x08003ad5   0x08003ad5   0x0000001f   Data   RO          117    .rodata.str1.1      timer.o
    0x08003af4   0x08003af4   0x00000062   Data   RO          141    .rodata.str1.1      tasking.o
    0x08003b56   0x08003b56   0x000001d6   Data   RO          178    .rodata.str1.1      staticstructure.o
    0x08003d2c   0x08003d2c   0x00000004   Data   RO          749    .rodata.uxTopUsedPriority  tasks_1.o
    0x08003d30   0x08003d30   0x00000020   Data   RO         1063    Region$$Table       anon$$obj.o


    Execution Region ER_RW (Exec base: 0x20000000, Load base: 0x08003d50, Size: 0x00000014, Max: 0xffffffff, ABSOLUTE)

    Exec Addr    Load Addr    Size         Type   Attr      Idx    E Section Name        Object

    0x20000000   0x08003d50   0x00000004   Data   RW          447    .data.SystemCoreClock  system_stm32f10x.o
    0x20000004   0x08003d54   0x00000001   Data   RW            7    .data.currentRow    main.o
    0x20000005   0x08003d55   0x00000003   PAD
    0x20000008   0x08003d58   0x00000004   Data   RW            4    .data.floorNumber   main.o
    0x2000000c   0x08003d5c   0x00000004   Data   RW            6    .data.statusMessage  main.o
    0x20000010   0x08003d60   0x00000004   Data   RW          534    .data.uxCriticalNesting  port_1.o


    Execution Region ER_ZI (Exec base: 0x20000018, Load base: 0x08003d64, Size: 0x00003298, Max: 0xffffffff, ABSOLUTE)

    Exec Addr    Load Addr    Size         Type   Attr      Idx    E Section Name        Object

    0x20000018        -       0x00000060   Zero   RW          928    .bss                c_w.l(libspace.o)
    0x20000078        -       0x00000001   Zero   RW            9    .bss.buttonPressed  main.o
    0x20000079   0x08003d64   0x00000003   PAD
    0x2000007c        -       0x00000004   Zero   RW           12    .bss.characterFlag  main.o
    0x20000080        -       0x00000001   Zero   RW           13    .bss.characterReceived  main.o
    0x20000081   0x08003d64   0x00000003   PAD
    0x20000084        -       0x00000190   Zero   RW          203    .bss.clib_mutex_cb  clib_arm.o
    0x20000214        -       0x00000014   Zero   RW          202    .bss.clib_mutex_id  clib_arm.o
    0x20000228        -       0x00000080   Zero   RW          142    .bss.cmdBuffer      tasking.o
    0x200002a8        -       0x00000004   Zero   RW          143    .bss.cmdIndex       tasking.o
    0x200002ac        -       0x00000001   Zero   RW            8    .bss.currentColumn  main.o
    0x200002ad        -       0x00000050   Zero   RW          828    .bss.prvCheckForValidListAndQueue.ucStaticTimerQueueStorage  timers.o
    0x200002fd   0x08003d64   0x00000003   PAD
    0x20000300        -       0x00000050   Zero   RW          827    .bss.prvCheckForValidListAndQueue.xStaticTimerQueue  timers.o
    0x20000350        -       0x00000004   Zero   RW          824    .bss.prvSampleTimeNow.xLastTime  timers.o
    0x20000354        -       0x00000004   Zero   RW          748    .bss.pxCurrentTCB   tasks_1.o
    0x20000358        -       0x00000004   Zero   RW          822    .bss.pxCurrentTimerList  timers.o
    0x2000035c        -       0x00000004   Zero   RW          756    .bss.pxDelayedTaskList  tasks_1.o
    0x20000360        -       0x00000004   Zero   RW          557    .bss.pxEnd          heap_4.o
    0x20000364        -       0x00000004   Zero   RW          757    .bss.pxOverflowDelayedTaskList  tasks_1.o
    0x20000368        -       0x00000004   Zero   RW          823    .bss.pxOverflowTimerList  timers.o
    0x2000036c        -       0x00000460   Zero   RW          759    .bss.pxReadyTasksLists  tasks_1.o
    0x200007cc        -       0x00000004   Zero   RW           14    .bss.timeCounter    main.o
    0x200007d0        -       0x00002000   Zero   RW          563    .bss.ucHeap         heap_4.o
    0x200027d0        -       0x00000004   Zero   RW          753    .bss.uxCurrentNumberOfTasks  tasks_1.o
    0x200027d4        -       0x00000004   Zero   RW          752    .bss.uxDeletedTasksWaitingCleanUp  tasks_1.o
    0x200027d8        -       0x00000004   Zero   RW          761    .bss.uxSchedulerSuspended  tasks_1.o
    0x200027dc        -       0x00000004   Zero   RW          750    .bss.uxTaskNumber   tasks_1.o
    0x200027e0        -       0x00000004   Zero   RW          760    .bss.uxTopReadyPriority  tasks_1.o
    0x200027e4        -       0x00000200   Zero   RW          396    .bss.vApplicationGetIdleTaskMemory.Idle_Stack  cmsis_os2.o
    0x200029e4        -       0x0000005c   Zero   RW          395    .bss.vApplicationGetIdleTaskMemory.Idle_TCB  cmsis_os2.o
    0x20002a40        -       0x00000140   Zero   RW          398    .bss.vApplicationGetTimerTaskMemory.Timer_Stack  cmsis_os2.o
    0x20002b80        -       0x0000005c   Zero   RW          397    .bss.vApplicationGetTimerTaskMemory.Timer_TCB  cmsis_os2.o
    0x20002bdc        -       0x00000014   Zero   RW          825    .bss.xActiveTimerList1  timers.o
    0x20002bf0        -       0x00000014   Zero   RW          826    .bss.xActiveTimerList2  timers.o
    0x20002c04        -       0x00000004   Zero   RW           10    .bss.xCommandQueue  main.o
    0x20002c08        -       0x00000014   Zero   RW          768    .bss.xDelayedTaskList1  tasks_1.o
    0x20002c1c        -       0x00000014   Zero   RW          769    .bss.xDelayedTaskList2  tasks_1.o
    0x20002c30        -       0x00000004   Zero   RW           11    .bss.xDrawQueue     main.o
    0x20002c34        -       0x00000004   Zero   RW          558    .bss.xFreeBytesRemaining  heap_4.o
    0x20002c38        -       0x00000004   Zero   RW          764    .bss.xIdleTaskHandle  tasks_1.o
    0x20002c3c        -       0x00000004   Zero   RW          560    .bss.xMinimumEverFreeBytesRemaining  heap_4.o
    0x20002c40        -       0x00000004   Zero   RW          765    .bss.xNextTaskUnblockTime  tasks_1.o
    0x20002c44        -       0x00000004   Zero   RW          767    .bss.xNumOfOverflows  tasks_1.o
    0x20002c48        -       0x00000004   Zero   RW          561    .bss.xNumberOfSuccessfulAllocations  heap_4.o
    0x20002c4c        -       0x00000004   Zero   RW          562    .bss.xNumberOfSuccessfulFrees  heap_4.o
    0x20002c50        -       0x00000004   Zero   RW          766    .bss.xPendedTicks   tasks_1.o
    0x20002c54        -       0x00000014   Zero   RW          763    .bss.xPendingReadyList  tasks_1.o
    0x20002c68        -       0x00000004   Zero   RW          754    .bss.xSchedulerRunning  tasks_1.o
    0x20002c6c        -       0x00000008   Zero   RW          559    .bss.xStart         heap_4.o
    0x20002c74        -       0x00000014   Zero   RW          758    .bss.xSuspendedTaskList  tasks_1.o
    0x20002c88        -       0x00000014   Zero   RW          751    .bss.xTasksWaitingTermination  tasks_1.o
    0x20002c9c        -       0x00000004   Zero   RW          755    .bss.xTickCount     tasks_1.o
    0x20002ca0        -       0x00000004   Zero   RW          820    .bss.xTimerQueue    timers.o
    0x20002ca4        -       0x00000004   Zero   RW          821    .bss.xTimerTaskHandle  timers.o
    0x20002ca8        -       0x00000004   Zero   RW          762    .bss.xYieldPending  tasks_1.o
    0x20002cac   0x08003d64   0x00000004   PAD
    0x20002cb0        -       0x00000200   Zero   RW          434    HEAP                startup_stm32f10x_md.o
    0x20002eb0        -       0x00000400   Zero   RW          433    STACK               startup_stm32f10x_md.o


==============================================================================

Image component sizes


      Code (inc. data)   RO Data    RW Data    ZI Data      Debug   Object Name

       442          8         13          0          0       4626   cli.o
       214          0          0          0        420       4116   clib_arm.o
        84          0          0          0       1016      59042   cmsis_os2.o
       530          0          0          0       8220       5275   heap_4.o
       122          0          0          0          0       2362   list.o
       260         24         44          9         19       1362   main.o
       576         20          0          0          0       5219   myfunctions.o
       442         12          0          4          0       2937   port_1.o
      1754          0          0          0          0      21401   queue.o
        64         26        236          0       1536        860   startup_stm32f10x_md.o
      2242        128        470          0          0       7252   staticstructure.o
       272          0          0          4          0       2812   system_stm32f10x.o
      1320        336         98          0        132       3684   tasking.o
      3186          8          4          0       1280      36429   tasks_1.o
       358         64         31          0          0       4950   timer.o
       876         18          0          0        220      14290   timers.o
       248          0          0          0          0       4898   usart.o

    ----------------------------------------------------------------------
     13092        656        928         20      12856     181515   Object Totals
         0          0         32          0          0          0   (incl. Generated)
       102         12          0          3         13          0   (incl. Padding)

    ----------------------------------------------------------------------

      Code (inc. data)   RO Data    RW Data    ZI Data      Debug   Library Member Name

         8          0          0          0          0         68   __main.o
       184          0          0          0          0         84   __printf_ss.o
         0          0          0          0          0          0   __rtentry.o
        20          0          0          0          0          0   __rtentry2.o
         6          0          0          0          0          0   __rtentry4.o
        52          8          0          0          0          0   __scatter.o
        26          0          0          0          0          0   __scatter_copy.o
        28          0          0          0          0          0   __scatter_zi.o
        44          0          0          0          0        108   _printf_char.o
        48          6          0          0          0         96   _printf_char_common.o
         6          0          0          0          0          0   _printf_d.o
       120         16          0          0          0         92   _printf_dec.o
       178          0          0          0          0         88   _printf_intcommon.o
         0          0          0          0          0          0   _printf_percent.o
         4          0          0          0          0          0   _printf_percent_end.o
         6          0          0          0          0          0   _printf_s.o
        82          0          0          0          0         80   _printf_str.o
         6          0          0          0          0          0   _printf_u.o
        10          0          0          0          0         68   _sputc.o
        16          0          0          0          0         68   aeabi_memset4.o
        18          0          0          0          0         80   exit.o
         6          0          0          0          0        152   heapauxi.o
         0          0          0          0          0          0   indicate_semi.o
         2          0          0          0          0          0   libinit.o
         2          0          0          0          0          0   libinit2.o
         2          0          0          0          0          0   libshutdown.o
         2          0          0          0          0          0   libshutdown2.o
         8          4          0          0         96         68   libspace.o
        40          6          0          0          0         84   noretval__2sprintf.o
        68          0          0          0          0         68   rt_memclr.o
        78          0          0          0          0         80   rt_memclr_w.o
       138          0          0          0          0         68   rt_memcpy_v6.o
       100          0          0          0          0         80   rt_memcpy_w.o
         2          0          0          0          0          0   rtexit.o
        10          0          0          0          0          0   rtexit2.o
       128          0          0          0          0         68   strcmpv7m.o
        72          0          0          0          0         80   strcpy.o
        62          0          0          0          0         76   strlen.o
        12          4          0          0          0         68   sys_exit.o
        74          0          0          0          0         80   sys_stackheap_outer.o
         2          0          0          0          0         68   use_no_semi.o

    ----------------------------------------------------------------------
      1676         44          0          0         96       1872   Library Totals
         6          0          0          0          0          0   (incl. Padding)

    ----------------------------------------------------------------------

      Code (inc. data)   RO Data    RW Data    ZI Data      Debug   Library Name

      1670         44          0          0         96       1872   c_w.l

    ----------------------------------------------------------------------
      1676         44          0          0         96       1872   Library Totals

    ----------------------------------------------------------------------

==============================================================================


      Code (inc. data)   RO Data    RW Data    ZI Data      Debug   

     14768        700        928         20      12952     182147   Grand Totals
     14768        700        928         20      12952     182147   ELF Image Totals
     14768        700        928         20          0          0   ROM Totals

==============================================================================

    Total RO  Size (Code + RO Data)                15696 (  15.33kB)
    Total RW  Size (RW Data + ZI Data)             12972 (  12.67kB)
    Total ROM Size (Code + RO Data + RW Data)      15716 (  15.35kB)

==============================================================================

