Component: Arm Compiler for Embedded 6.19 Tool: armlink [5e73cb00]

==============================================================================

Section Cross References

    main.o(.text) refers (Special) to _printf_percent.o(.ARM.Collect$$_printf_percent$$00000000) for _printf_percent
    main.o(.text) refers (Special) to _printf_s.o(.ARM.Collect$$_printf_percent$$00000014) for _printf_s
    main.o(.text) refers (Special) to _printf_u.o(.ARM.Collect$$_printf_percent$$0000000A) for _printf_u
    main.o(.text) refers (Special) to _printf_dec.o(.text) for _printf_int_dec
    main.o(.text) refers (Special) to _printf_str.o(.text) for _printf_str
    main.o(.text.main) refers (Special) to _printf_percent.o(.ARM.Collect$$_printf_percent$$00000000) for _printf_percent
    main.o(.text.main) refers (Special) to _printf_s.o(.ARM.Collect$$_printf_percent$$00000014) for _printf_s
    main.o(.text.main) refers (Special) to _printf_u.o(.ARM.Collect$$_printf_percent$$0000000A) for _printf_u
    main.o(.text.main) refers (Special) to _printf_dec.o(.text) for _printf_int_dec
    main.o(.text.main) refers (Special) to _printf_str.o(.text) for _printf_str
    main.o(.text.main) refers to myfunctions.o(.text.clockInit) for clockInit
    main.o(.text.main) refers to usart.o(.text.serial_open) for serial_open
    main.o(.text.main) refers to timer.o(.text.updateTimer) for updateTimer
    main.o(.text.main) refers to staticstructure.o(.text.displaySetup) for displaySetup
    main.o(.text.main) refers to myfunctions.o(.text.RCC_SetGPIOClock) for RCC_SetGPIOClock
    main.o(.text.main) refers to queue.o(.text.xQueueGenericCreate) for xQueueGenericCreate
    main.o(.text.main) refers to main.o(.bss.xCommandQueue) for xCommandQueue
    main.o(.text.main) refers to main.o(.text.TaskHandleUserInput) for TaskHandleUserInput
    main.o(.text.main) refers to tasks_1.o(.text.xTaskCreate) for xTaskCreate
    main.o(.text.main) refers to main.o(.text.timeElapsed) for timeElapsed
    main.o(.text.main) refers to main.o(.text.floorStatus) for floorStatus
    main.o(.text.main) refers to main.o(.data.statusMessage) for statusMessage
    main.o(.text.main) refers to main.o(.text.status) for status
    main.o(.text.main) refers to tasks_1.o(.text.vTaskStartScheduler) for vTaskStartScheduler
    main.o(.ARM.exidx.text.main) refers (Special) to _printf_percent.o(.ARM.Collect$$_printf_percent$$00000000) for _printf_percent
    main.o(.ARM.exidx.text.main) refers (Special) to _printf_s.o(.ARM.Collect$$_printf_percent$$00000014) for _printf_s
    main.o(.ARM.exidx.text.main) refers (Special) to _printf_u.o(.ARM.Collect$$_printf_percent$$0000000A) for _printf_u
    main.o(.ARM.exidx.text.main) refers (Special) to _printf_dec.o(.text) for _printf_int_dec
    main.o(.ARM.exidx.text.main) refers (Special) to _printf_str.o(.text) for _printf_str
    main.o(.ARM.exidx.text.main) refers to main.o(.text.main) for [Anonymous Symbol]
    main.o(.text.TaskHandleUserInput) refers (Special) to _printf_percent.o(.ARM.Collect$$_printf_percent$$00000000) for _printf_percent
    main.o(.text.TaskHandleUserInput) refers (Special) to _printf_s.o(.ARM.Collect$$_printf_percent$$00000014) for _printf_s
    main.o(.text.TaskHandleUserInput) refers (Special) to _printf_u.o(.ARM.Collect$$_printf_percent$$0000000A) for _printf_u
    main.o(.text.TaskHandleUserInput) refers (Special) to _printf_dec.o(.text) for _printf_int_dec
    main.o(.text.TaskHandleUserInput) refers (Special) to _printf_str.o(.text) for _printf_str
    main.o(.text.TaskHandleUserInput) refers to main.o(.data.currentRow) for currentRow
    main.o(.text.TaskHandleUserInput) refers to main.o(.bss.currentColumn) for currentColumn
    main.o(.text.TaskHandleUserInput) refers to main.o(.rodata.str1.1) for .L.str.9
    main.o(.text.TaskHandleUserInput) refers to cli.o(.text.display) for display
    main.o(.text.TaskHandleUserInput) refers to cli.o(.text.message) for message
    main.o(.text.TaskHandleUserInput) refers to main.o(.bss.characterFlag) for characterFlag
    main.o(.text.TaskHandleUserInput) refers to myfunctions.o(.text.delay) for delay
    main.o(.text.TaskHandleUserInput) refers to main.o(.data.statusMessage) for statusMessage
    main.o(.text.TaskHandleUserInput) refers to main.o(.data.floorNumber) for floorNumber
    main.o(.text.TaskHandleUserInput) refers to main.o(.bss.cmdIndex) for cmdIndex
    main.o(.text.TaskHandleUserInput) refers to tasks_1.o(.text.vTaskDelay) for vTaskDelay
    main.o(.text.TaskHandleUserInput) refers to main.o(.bss.characterReceived) for characterReceived
    main.o(.text.TaskHandleUserInput) refers to aeabi_memset4.o(.text) for __aeabi_memset4
    main.o(.text.TaskHandleUserInput) refers to cli.o(.text.setCursorPosition) for setCursorPosition
    main.o(.text.TaskHandleUserInput) refers to main.o(.bss.cmdBuffer) for cmdBuffer
    main.o(.text.TaskHandleUserInput) refers to memcmp.o(.text) for memcmp
[...]
    .ARM.Collect$$libshutdown$$00000004      0x0800017c   Section        0  libshutdown2.o(.ARM.Collect$$libshutdown$$00000004)
    .ARM.Collect$$libshutdown$$00000007      0x0800017c   Section        0  libshutdown2.o(.ARM.Collect$$libshutdown$$00000007)
    .ARM.Collect$$libshutdown$$0000000A      0x0800017c   Section        0  libshutdown2.o(.ARM.Collect$$libshutdown$$0000000A)
    .ARM.Collect$$libshutdown$$0000000C      0x0800017c   Section        0  libshutdown2.o(.ARM.Collect$$libshutdown$$0000000C)
    .ARM.Collect$$libshutdown$$0000000F      0x0800017c   Section        0  libshutdown2.o(.ARM.Collect$$libshutdown$$0000000F)
    .ARM.Collect$$libshutdown$$00000010      0x0800017c   Section        2  libshutdown2.o(.ARM.Collect$$libshutdown$$00000010)
    .ARM.Collect$$rtentry$$00000000          0x0800017e   Section        0  __rtentry.o(.ARM.Collect$$rtentry$$00000000)
    .ARM.Collect$$rtentry$$00000002          0x0800017e   Section        0  __rtentry2.o(.ARM.Collect$$rtentry$$00000002)
    .ARM.Collect$$rtentry$$00000004          0x0800017e   Section        6  __rtentry4.o(.ARM.Collect$$rtentry$$00000004)
    .ARM.Collect$$rtentry$$00000008          0x08000184   Section        8  __rtentry2.o(.ARM.Collect$$rtentry$$00000008)
    .ARM.Collect$$rtentry$$0000000A          0x0800018c   Section        4  __rtentry2.o(.ARM.Collect$$rtentry$$0000000A)
    .ARM.Collect$$rtentry$$0000000C          0x08000190   Section        0  __rtentry2.o(.ARM.Collect$$rtentry$$0000000C)
    .ARM.Collect$$rtentry$$0000000D          0x08000190   Section        8  __rtentry2.o(.ARM.Collect$$rtentry$$0000000D)
    .ARM.Collect$$rtexit$$00000000           0x08000198   Section        2  rtexit.o(.ARM.Collect$$rtexit$$00000000)
    .ARM.Collect$$rtexit$$00000002           0x0800019a   Section        0  rtexit2.o(.ARM.Collect$$rtexit$$00000002)
    .ARM.Collect$$rtexit$$00000003           0x0800019a   Section        4  rtexit2.o(.ARM.Collect$$rtexit$$00000003)
    .ARM.Collect$$rtexit$$00000004           0x0800019e   Section        6  rtexit2.o(.ARM.Collect$$rtexit$$00000004)
    .text                                    0x080001a4   Section       64  startup_stm32f10x_md.o(.text)
    .text                                    0x080001e4   Section        0  noretval__2sprintf.o(.text)
    .text                                    0x0800020c   Section        0  _printf_str.o(.text)
    .text                                    0x08000260   Section        0  _printf_dec.o(.text)
    .text                                    0x080002d8   Section        0  __printf_ss.o(.text)
    .text                                    0x08000390   Section        0  memcmp.o(.text)
    .text                                    0x080003e8   Section        0  strlen.o(.text)
    .text                                    0x08000426   Section      138  rt_memcpy_v6.o(.text)
    .text                                    0x080004b0   Section       16  aeabi_memset4.o(.text)
    .text                                    0x080004c0   Section       68  rt_memclr.o(.text)
    .text                                    0x08000504   Section        0  heapauxi.o(.text)
    .text                                    0x0800050a   Section        0  _printf_intcommon.o(.text)
    _printf_input_char                       0x080005bd   Thumb Code    10  _printf_char_common.o(.text)
    .text                                    0x080005bc   Section        0  _printf_char_common.o(.text)
    .text                                    0x080005ec   Section        0  _sputc.o(.text)
    .text                                    0x080005f6   Section        0  _printf_char.o(.text)
    .text                                    0x08000622   Section      100  rt_memcpy_w.o(.text)
    .text                                    0x08000686   Section       78  rt_memclr_w.o(.text)
    .text                                    0x080006d4   Section       74  sys_stackheap_outer.o(.text)
    .text                                    0x0800071e   Section        0  exit.o(.text)
    .text                                    0x08000730   Section        8  libspace.o(.text)
    .text                                    0x08000738   Section        0  sys_exit.o(.text)
    .text                                    0x08000744   Section        2  use_no_semi.o(.text)
    .text                                    0x08000746   Section        0  indicate_semi.o(.text)
    [Anonymous Symbol]                       0x08000748   Section        0  cli.o(.text.CLI_Transmit)
    [Anonymous Symbol]                       0x08000764   Section        0  myfunctions.o(.text.GPIO_ConfigurePin)
    [Anonymous Symbol]                       0x08000790   Section        0  port_1.o(.text.PendSV_Handler)
    pxCurrentTCBConst                        0x080007d0   Number         0  port_1.o(.text.PendSV_Handler)
    [Anonymous Symbol]                       0x080007d4   Section        0  myfunctions.o(.text.RCC_EnableTimerClock)
    [Anonymous Symbol]                       0x08000830   Section        0  myfunctions.o(.text.RCC_EnableUSARTClock)
    [Anonymous Symbol]                       0x08000878   Section        0  myfunctions.o(.text.RCC_SetGPIOClock)
    [Anonymous Symbol]                       0x080008b0   Section        0  port_1.o(.text.SVC_Handler)
    pxCurrentTCBConst2                       0x080008d0   Number         0  port_1.o(.text.SVC_Handler)
    [Anonymous Symbol]                       0x080008d4   Section        0  cmsis_os2.o(.text.SysTick_Handler)
    [Anonymous Symbol]                       0x080008f4   Section        0  system_stm32f10x.o(.text.SystemInit)
    [Anonymous Symbol]                       0x08000a04   Section        0  timer.o(.text.TIM3_IRQHandler)
    TaskHandleUserInput                      0x08000a2d   Thumb Code   460  main.o(.text.TaskHandleUserInput)
    [Anonymous Symbol]                       0x08000a2c   Section        0  main.o(.text.TaskHandleUserInput)
    [Anonymous Symbol]                       0x08000c18   Section        0  usart.o(.text.USART2_IRQHandler)
    __tagsym$$used.1                         0x08000c54   Number         0  clib_arm.o(.text._mutex_acquire)
    [Anonymous Symbol]                       0x08000c54   Section        0  clib_arm.o(.text._mutex_acquire)
    __tagsym$$used.3                         0x08000c78   Number         0  clib_arm.o(.text._mutex_free)
    [Anonymous Symbol]                       0x08000c78   Section        0  clib_arm.o(.text._mutex_free)
    __tagsym$$used.0                         0x08000ca8   Number         0  clib_arm.o(.text._mutex_initialize)
    [Anonymous Symbol]                       0x08000ca8   Section        0  clib_arm.o(.text._mutex_initialize)
    __tagsym$$used.2                         0x08000d04   Number         0  clib_arm.o(.text._mutex_release)
    [Anonymous Symbol]                       0x08000d04   Section        0  clib_arm.o(.text._mutex_release)
    [Anonymous Symbol]                       0x08000d2c   Section        0  clib_arm.o(.text._platform_post_stackheap_init)
    [Anonymous Symbol]                       0x08000d30   Section        0  myfunctions.o(.text.clockInit)
    [Anonymous Symbol]                       0x08000dc8   Section        0  cli.o(.text.convertToString)
    [Anonymous Symbol]                       0x08000dec   Section        0  myfunctions.o(.text.delay)
    [Anonymous Symbol]                       0x08000e18   Section        0  cli.o(.text.display)
    [Anonymous Symbol]                       0x08000e6c   Section        0  staticstructure.o(.text.displayBox)
    [Anonymous Symbol]                       0x08000f9c   Section        0  staticstructure.o(.text.displaySetup)
    [Anonymous Symbol]                       0x080010e0   Section        0  staticstructure.o(.text.drawFifth)
    [Anonymous Symbol]                       0x080011d8   Section        0  staticstructure.o(.text.drawFirst)
    [Anonymous Symbol]                       0x080012d0   Section        0  staticstructure.o(.text.drawForth)
    [Anonymous Symbol]                       0x080013c8   Section        0  staticstructure.o(.text.drawSecond)
    [Anonymous Symbol]                       0x080014c0   Section        0  staticstructure.o(.text.drawThird)
    [Anonymous Symbol]                       0x080015b8   Section        0  main.o(.text.floorStatus)
    [Anonymous Symbol]                       0x08001608   Section        0  staticstructure.o(.text.instructions)
    [Anonymous Symbol]                       0x08001754   Section        0  main.o(.text.main)
    [Anonymous Symbol]                       0x08001820   Section        0  cli.o(.text.message)
    prvAddCurrentTaskToDelayedList           0x08001845   Thumb Code   158  tasks_1.o(.text.prvAddCurrentTaskToDelayedList)
    [Anonymous Symbol]                       0x08001844   Section        0  tasks_1.o(.text.prvAddCurrentTaskToDelayedList)
    prvAddNewTaskToReadyList                 0x080018e5   Thumb Code   306  tasks_1.o(.text.prvAddNewTaskToReadyList)
    [Anonymous Symbol]                       0x080018e4   Section        0  tasks_1.o(.text.prvAddNewTaskToReadyList)
    prvIdleTask                              0x08001a19   Thumb Code   130  tasks_1.o(.text.prvIdleTask)
    [Anonymous Symbol]                       0x08001a18   Section        0  tasks_1.o(.text.prvIdleTask)
    prvPortStartFirstTask                    0x08001a9d   Thumb Code    32  port_1.o(.text.prvPortStartFirstTask)
    [Anonymous Symbol]                       0x08001a9c   Section        0  port_1.o(.text.prvPortStartFirstTask)
    prvProcessExpiredTimer                   0x08001abd   Thumb Code   130  timers.o(.text.prvProcessExpiredTimer)
    [Anonymous Symbol]                       0x08001abc   Section        0  timers.o(.text.prvProcessExpiredTimer)
    prvTaskExitError                         0x08001b41   Thumb Code    34  port_1.o(.text.prvTaskExitError)
    [Anonymous Symbol]                       0x08001b40   Section        0  port_1.o(.text.prvTaskExitError)
    prvTimerTask                             0x08001b65   Thumb Code   562  timers.o(.text.prvTimerTask)
    [Anonymous Symbol]                       0x08001b64   Section        0  timers.o(.text.prvTimerTask)
    prvUnlockQueue                           0x08001d99   Thumb Code   116  queue.o(.text.prvUnlockQueue)
    [Anonymous Symbol]                       0x08001d98   Section        0  queue.o(.text.prvUnlockQueue)
    [Anonymous Symbol]                       0x08001e0c   Section        0  heap_4.o(.text.pvPortMalloc)
    [Anonymous Symbol]                       0x08001f80   Section        0  tasks_1.o(.text.pvTaskIncrementMutexHeldCount)
    [Anonymous Symbol]                       0x08001f98   Section        0  port_1.o(.text.pxPortInitialiseStack)
    [Anonymous Symbol]                       0x08001fb8   Section        0  usart.o(.text.sendbyte)
    [Anonymous Symbol]                       0x08001fd4   Section        0  usart.o(.text.serial_open)
    [Anonymous Symbol]                       0x08002058   Section        0  cli.o(.text.setCursorPosition)
    [Anonymous Symbol]                       0x08002090   Section        0  staticstructure.o(.text.setTextColor)
    [Anonymous Symbol]                       0x080020b8   Section        0  main.o(.text.status)
    [Anonymous Symbol]                       0x08002108   Section        0  main.o(.text.timeElapsed)
    [Anonymous Symbol]                       0x08002164   Section        0  timer.o(.text.updateTimer)
    [Anonymous Symbol]                       0x080021a0   Section        0  list.o(.text.uxListRemove)
    [Anonymous Symbol]                       0x080021c4   Section        0  cmsis_os2.o(.text.vApplicationGetIdleTaskMemory)
    [Anonymous Symbol]                       0x080021e0   Section        0  cmsis_os2.o(.text.vApplicationGetTimerTaskMemory)
    [Anonymous Symbol]                       0x080021fc   Section        0  cmsis_os2.o(.text.vApplicationStackOverflowHook)
    [Anonymous Symbol]                       0x08002200   Section        0  list.o(.text.vListInitialise)
    [Anonymous Symbol]                       0x08002218   Section        0  list.o(.text.vListInitialiseItem)
    [Anonymous Symbol]                       0x08002220   Section        0  list.o(.text.vListInsert)
    [Anonymous Symbol]                       0x0800225c   Section        0  port_1.o(.text.vPortEnterCritical)
    [Anonymous Symbol]                       0x0800227c   Section        0  port_1.o(.text.vPortExitCritical)
    [Anonymous Symbol]                       0x08002298   Section        0  heap_4.o(.text.vPortFree)
    [Anonymous Symbol]                       0x08002338   Section        0  port_1.o(.text.vPortSetupTimerInterrupt)
    [Anonymous Symbol]                       0x0800236c   Section        0  queue.o(.text.vQueueDelete)
    [Anonymous Symbol]                       0x0800237c   Section        0  queue.o(.text.vQueueWaitForMessageRestricted)
    [Anonymous Symbol]                       0x080023c4   Section        0  tasks_1.o(.text.vTaskDelay)
    [Anonymous Symbol]                       0x08002454   Section        0  tasks_1.o(.text.vTaskInternalSetTimeOutState)
    [Anonymous Symbol]                       0x08002470   Section        0  tasks_1.o(.text.vTaskMissedYield)
    [Anonymous Symbol]                       0x08002480   Section        0  tasks_1.o(.text.vTaskPlaceOnEventList)
    [Anonymous Symbol]                       0x080024a0   Section        0  tasks_1.o(.text.vTaskPlaceOnEventListRestricted)
    [Anonymous Symbol]                       0x080024fc   Section        0  tasks_1.o(.text.vTaskPriorityDisinheritAfterTimeout)
    [Anonymous Symbol]                       0x0800257c   Section        0  tasks_1.o(.text.vTaskStartScheduler)
    [Anonymous Symbol]                       0x08002610   Section        0  tasks_1.o(.text.vTaskSuspendAll)
    __tagsym$$used.0                         0x08002620   Number         0  tasks_1.o(.text.vTaskSwitchContext)
    [Anonymous Symbol]                       0x08002620   Section        0  tasks_1.o(.text.vTaskSwitchContext)
    [Anonymous Symbol]                       0x080026cc   Section        0  port_1.o(.text.xPortStartScheduler)
    [Anonymous Symbol]                       0x08002720   Section        0  port_1.o(.text.xPortSysTickHandler)
    [Anonymous Symbol]                       0x08002750   Section        0  queue.o(.text.xQueueCreateMutex)
    [Anonymous Symbol]                       0x08002778   Section        0  queue.o(.text.xQueueCreateMutexStatic)
    [Anonymous Symbol]                       0x080027f0   Section        0  queue.o(.text.xQueueGenericCreate)
    [Anonymous Symbol]                       0x08002878   Section        0  queue.o(.text.xQueueGenericCreateStatic)
    [Anonymous Symbol]                       0x080028f8   Section        0  queue.o(.text.xQueueGenericSend)
    [Anonymous Symbol]                       0x08002a9c   Section        0  queue.o(.text.xQueueReceive)
    [Anonymous Symbol]                       0x08002be8   Section        0  queue.o(.text.xQueueSemaphoreTake)
    [Anonymous Symbol]                       0x08002d68   Section        0  tasks_1.o(.text.xTaskCheckForTimeOut)
    [Anonymous Symbol]                       0x08002dd0   Section        0  tasks_1.o(.text.xTaskCreate)
    [Anonymous Symbol]                       0x08002ea4   Section        0  tasks_1.o(.text.xTaskCreateStatic)
    [Anonymous Symbol]                       0x08002f4c   Section        0  tasks_1.o(.text.xTaskGetSchedulerState)
    [Anonymous Symbol]                       0x08002f74   Section        0  tasks_1.o(.text.xTaskGetTickCount)
    [Anonymous Symbol]                       0x08002f80   Section        0  tasks_1.o(.text.xTaskIncrementTick)
    [Anonymous Symbol]                       0x08003118   Section        0  tasks_1.o(.text.xTaskPriorityDisinherit)
    [Anonymous Symbol]                       0x08003188   Section        0  tasks_1.o(.text.xTaskPriorityInherit)
    [Anonymous Symbol]                       0x08003230   Section        0  tasks_1.o(.text.xTaskRemoveFromEventList)
    [Anonymous Symbol]                       0x08003308   Section        0  tasks_1.o(.text.xTaskResumeAll)
    [Anonymous Symbol]                       0x08003478   Section        0  timers.o(.text.xTimerCreateTimerTask)
    .L.str.9                                 0x08003530   Data           4  main.o(.rodata.str1.1)
    [Anonymous Symbol]                       0x08003530   Section        0  main.o(.rodata.str1.1)
    .L.str.14                                0x08003534   Data          12  main.o(.rodata.str1.1)
    .L.str.10                                0x08003545   Data           4  main.o(.rodata.str1.1)
    .L.str.6                                 0x08003549   Data           4  main.o(.rodata.str1.1)
    .L.str                                   0x0800354d   Data           9  cli.o(.rodata.str1.1)
    [Anonymous Symbol]                       0x0800354d   Section        0  cli.o(.rodata.str1.1)
    .L.str.17                                0x08003556   Data          15  staticstructure.o(.rodata.str1.1)
    [Anonymous Symbol]                       0x08003556   Section        0  staticstructure.o(.rodata.str1.1)
    .L.str.18                                0x08003565   Data           8  staticstructure.o(.rodata.str1.1)
    .L.str.19                                0x0800356d   Data           9  staticstructure.o(.rodata.str1.1)
    .L.str.7                                 0x08003576   Data          31  staticstructure.o(.rodata.str1.1)
    .L.str.8                                 0x08003595   Data          31  staticstructure.o(.rodata.str1.1)
    .L.str.9                                 0x080035b4   Data          31  staticstructure.o(.rodata.str1.1)
    .L.str.10                                0x080035d3   Data          31  staticstructure.o(.rodata.str1.1)
    .L.str.11                                0x080035f2   Data          31  staticstructure.o(.rodata.str1.1)
    .L.str.6                                 0x08003611   Data          42  staticstructure.o(.rodata.str1.1)
    .L.str.5                                 0x0800363b   Data          37  staticstructure.o(.rodata.str1.1)
    .L.str.3                                 0x08003660   Data           2  staticstructure.o(.rodata.str1.1)
    .L.str.20                                0x08003662   Data          72  staticstructure.o(.rodata.str1.1)
    .L.str.21                                0x0800367a   Data          48  staticstructure.o(.rodata.str1.1)
    .L.str.1                                 0x080036a8   Data           2  staticstructure.o(.rodata.str1.1)
    .L.str                                   0x080036aa   Data          11  staticstructure.o(.rodata.str1.1)
    .L.str.4                                 0x080036b5   Data          39  staticstructure.o(.rodata.str1.1)
    .L.str.16                                0x080036dc   Data          11  staticstructure.o(.rodata.str1.1)
    .L.str.2                                 0x080036e7   Data           2  staticstructure.o(.rodata.str1.1)
    uxCriticalNesting                        0x20000010   Data           4  port_1.o(.data.uxCriticalNesting)
    [Anonymous Symbol]                       0x20000010   Section        0  port_1.o(.data.uxCriticalNesting)
    .bss                                     0x20000018   Section       96  libspace.o(.bss)
    clib_mutex_cb                            0x20000080   Data         400  clib_arm.o(.bss.clib_mutex_cb)
    [Anonymous Symbol]                       0x20000080   Section        0  clib_arm.o(.bss.clib_mutex_cb)
    clib_mutex_id                            0x20000210   Data          20  clib_arm.o(.bss.clib_mutex_id)
    [Anonymous Symbol]                       0x20000210   Section        0  clib_arm.o(.bss.clib_mutex_id)
    cmdBuffer                                0x20000224   Data         128  main.o(.bss.cmdBuffer)
    [Anonymous Symbol]                       0x20000224   Section        0  main.o(.bss.cmdBuffer)
    cmdIndex                                 0x200002a4   Data           4  main.o(.bss.cmdIndex)
    [Anonymous Symbol]                       0x200002a4   Section        0  main.o(.bss.cmdIndex)
    prvCheckForValidListAndQueue.ucStaticTimerQueueStorage 0x200002a9   Data          80  timers.o(.bss.prvCheckForValidListAndQueue.ucStaticTimerQueueStorage)
    [Anonymous Symbol]                       0x200002a9   Section        0  timers.o(.bss.prvCheckForValidListAndQueue.ucStaticTimerQueueStorage)
    prvCheckForValidListAndQueue.xStaticTimerQueue 0x200002fc   Data          80  timers.o(.bss.prvCheckForValidListAndQueue.xStaticTimerQueue)
    [Anonymous Symbol]                       0x200002fc   Section        0  timers.o(.bss.prvCheckForValidListAndQueue.xStaticTimerQueue)
    prvSampleTimeNow.xLastTime               0x2000034c   Data           4  timers.o(.bss.prvSampleTimeNow.xLastTime)
    [Anonymous Symbol]                       0x2000034c   Section        0  timers.o(.bss.prvSampleTimeNow.xLastTime)
    __tagsym$$used.1                         0x20000350   Number         0  tasks_1.o(.bss.pxCurrentTCB)
    pxCurrentTimerList                       0x20000354   Data           4  timers.o(.bss.pxCurrentTimerList)
    [Anonymous Symbol]                       0x20000354   Section        0  timers.o(.bss.pxCurrentTimerList)
    pxDelayedTaskList                        0x20000358   Data           4  tasks_1.o(.bss.pxDelayedTaskList)
    [Anonymous Symbol]                       0x20000358   Section        0  tasks_1.o(.bss.pxDelayedTaskList)
    pxEnd                                    0x2000035c   Data           4  heap_4.o(.bss.pxEnd)
    [Anonymous Symbol]                       0x2000035c   Section        0  heap_4.o(.bss.pxEnd)
    pxOverflowDelayedTaskList                0x20000360   Data           4  tasks_1.o(.bss.pxOverflowDelayedTaskList)
    [Anonymous Symbol]                       0x20000360   Section        0  tasks_1.o(.bss.pxOverflowDelayedTaskList)
    pxOverflowTimerList                      0x20000364   Data           4  timers.o(.bss.pxOverflowTimerList)
    [Anonymous Symbol]                       0x20000364   Section        0  timers.o(.bss.pxOverflowTimerList)
    pxReadyTasksLists                        0x20000368   Data        1120  tasks_1.o(.bss.pxReadyTasksLists)
    [Anonymous Symbol]                       0x20000368   Section        0  tasks_1.o(.bss.pxReadyTasksLists)
    ucHeap                                   0x200007cc   Data        8192  heap_4.o(.bss.ucHeap)
    [Anonymous Symbol]                       0x200007cc   Section        0  heap_4.o(.bss.ucHeap)
    uxCurrentNumberOfTasks                   0x200027cc   Data           4  tasks_1.o(.bss.uxCurrentNumberOfTasks)
    [Anonymous Symbol]                       0x200027cc   Section        0  tasks_1.o(.bss.uxCurrentNumberOfTasks)
    uxDeletedTasksWaitingCleanUp             0x200027d0   Data           4  tasks_1.o(.bss.uxDeletedTasksWaitingCleanUp)
    [Anonymous Symbol]                       0x200027d0   Section        0  tasks_1.o(.bss.uxDeletedTasksWaitingCleanUp)
    uxSchedulerSuspended                     0x200027d4   Data           4  tasks_1.o(.bss.uxSchedulerSuspended)
    [Anonymous Symbol]                       0x200027d4   Section        0  tasks_1.o(.bss.uxSchedulerSuspended)
    uxTaskNumber                             0x200027d8   Data           4  tasks_1.o(.bss.uxTaskNumber)
    [Anonymous Symbol]                       0x200027d8   Section        0  tasks_1.o(.bss.uxTaskNumber)
    uxTopReadyPriority                       0x200027dc   Data           4  tasks_1.o(.bss.uxTopReadyPriority)
    [Anonymous Symbol]                       0x200027dc   Section        0  tasks_1.o(.bss.uxTopReadyPriority)
    vApplicationGetIdleTaskMemory.Idle_Stack 0x200027e0   Data         512  cmsis_os2.o(.bss.vApplicationGetIdleTaskMemory.Idle_Stack)
    [Anonymous Symbol]                       0x200027e0   Section        0  cmsis_os2.o(.bss.vApplicationGetIdleTaskMemory.Idle_Stack)
    vApplicationGetIdleTaskMemory.Idle_TCB   0x200029e0   Data          92  cmsis_os2.o(.bss.vApplicationGetIdleTaskMemory.Idle_TCB)
    [Anonymous Symbol]                       0x200029e0   Section        0  cmsis_os2.o(.bss.vApplicationGetIdleTaskMemory.Idle_TCB)
    vApplicationGetTimerTaskMemory.Timer_Stack 0x20002a3c   Data         320  cmsis_os2.o(.bss.vApplicationGetTimerTaskMemory.Timer_Stack)
    [Anonymous Symbol]                       0x20002a3c   Section        0  cmsis_os2.o(.bss.vApplicationGetTimerTaskMemory.Timer_Stack)
    vApplicationGetTimerTaskMemory.Timer_TCB 0x20002b7c   Data          92  cmsis_os2.o(.bss.vApplicationGetTimerTaskMemory.Timer_TCB)
    [Anonymous Symbol]                       0x20002b7c   Section        0  cmsis_os2.o(.bss.vApplicationGetTimerTaskMemory.Timer_TCB)
    xActiveTimerList1                        0x20002bd8   Data          20  timers.o(.bss.xActiveTimerList1)
    [Anonymous Symbol]                       0x20002bd8   Section        0  timers.o(.bss.xActiveTimerList1)
    xActiveTimerList2                        0x20002bec   Data          20  timers.o(.bss.xActiveTimerList2)
    [Anonymous Symbol]                       0x20002bec   Section        0  timers.o(.bss.xActiveTimerList2)
    xCommandQueue                            0x20002c00   Data           4  main.o(.bss.xCommandQueue)
    [Anonymous Symbol]                       0x20002c00   Section        0  main.o(.bss.xCommandQueue)
    xDelayedTaskList1                        0x20002c04   Data          20  tasks_1.o(.bss.xDelayedTaskList1)
    [Anonymous Symbol]                       0x20002c04   Section        0  tasks_1.o(.bss.xDelayedTaskList1)
    xDelayedTaskList2                        0x20002c18   Data          20  tasks_1.o(.bss.xDelayedTaskList2)
    [Anonymous Symbol]                       0x20002c18   Section        0  tasks_1.o(.bss.xDelayedTaskList2)
    xFreeBytesRemaining                      0x20002c2c   Data           4  heap_4.o(.bss.xFreeBytesRemaining)
    [Anonymous Symbol]                       0x20002c2c   Section        0  heap_4.o(.bss.xFreeBytesRemaining)
    xIdleTaskHandle                          0x20002c30   Data           4  tasks_1.o(.bss.xIdleTaskHandle)
    [Anonymous Symbol]                       0x20002c30   Section        0  tasks_1.o(.bss.xIdleTaskHandle)
    xMinimumEverFreeBytesRemaining           0x20002c34   Data           4  heap_4.o(.bss.xMinimumEverFreeBytesRemaining)
    [Anonymous Symbol]                       0x20002c34   Section        0  heap_4.o(.bss.xMinimumEverFreeBytesRemaining)
    xNextTaskUnblockTime                     0x20002c38   Data           4  tasks_1.o(.bss.xNextTaskUnblockTime)
    [Anonymous Symbol]                       0x20002c38   Section        0  tasks_1.o(.bss.xNextTaskUnblockTime)
    xNumOfOverflows                          0x20002c3c   Data           4  tasks_1.o(.bss.xNumOfOverflows)
    [Anonymous Symbol]                       0x20002c3c   Section        0  tasks_1.o(.bss.xNumOfOverflows)
    xNumberOfSuccessfulAllocations           0x20002c40   Data           4  heap_4.o(.bss.xNumberOfSuccessfulAllocations)
    [Anonymous Symbol]                       0x20002c40   Section        0  heap_4.o(.bss.xNumberOfSuccessfulAllocations)
    xNumberOfSuccessfulFrees                 0x20002c44   Data           4  heap_4.o(.bss.xNumberOfSuccessfulFrees)
    [Anonymous Symbol]                       0x20002c44   Section        0  heap_4.o(.bss.xNumberOfSuccessfulFrees)
    xPendedTicks                             0x20002c48   Data           4  tasks_1.o(.bss.xPendedTicks)
    [Anonymous Symbol]                       0x20002c48   Section        0  tasks_1.o(.bss.xPendedTicks)
    xPendingReadyList                        0x20002c4c   Data          20  tasks_1.o(.bss.xPendingReadyList)
    [Anonymous Symbol]                       0x20002c4c   Section        0  tasks_1.o(.bss.xPendingReadyList)
    xSchedulerRunning                        0x20002c60   Data           4  tasks_1.o(.bss.xSchedulerRunning)
    [Anonymous Symbol]                       0x20002c60   Section        0  tasks_1.o(.bss.xSchedulerRunning)
    xStart                                   0x20002c64   Data           8  heap_4.o(.bss.xStart)
    [Anonymous Symbol]                       0x20002c64   Section        0  heap_4.o(.bss.xStart)
    xSuspendedTaskList                       0x20002c6c   Data          20  tasks_1.o(.bss.xSuspendedTaskList)
    [Anonymous Symbol]                       0x20002c6c   Section        0  tasks_1.o(.bss.xSuspendedTaskList)
    xTasksWaitingTermination                 0x20002c80   Data          20  tasks_1.o(.bss.xTasksWaitingTermination)
    [Anonymous Symbol]                       0x20002c80   Section        0  tasks_1.o(.bss.xTasksWaitingTermination)
    xTickCount                               0x20002c94   Data           4  tasks_1.o(.bss.xTickCount)
    [Anonymous Symbol]                       0x20002c94   Section        0  tasks_1.o(.bss.xTickCount)
    xTimerQueue                              0x20002c98   Data           4  timers.o(.bss.xTimerQueue)
    [Anonymous Symbol]                       0x20002c98   Section        0  timers.o(.bss.xTimerQueue)
    xTimerTaskHandle                         0x20002c9c   Data           4  timers.o(.bss.xTimerTaskHandle)
    [Anonymous Symbol]                       0x20002c9c   Section        0  timers.o(.bss.xTimerTaskHandle)
    xYieldPending                            0x20002ca0   Data           4  tasks_1.o(.bss.xYieldPending)
    [Anonymous Symbol]                       0x20002ca0   Section        0  tasks_1.o(.bss.xYieldPending)
    Heap_Mem                                 0x20002ca8   Data         512  startup_stm32f10x_md.o(HEAP)
    HEAP                                     0x20002ca8   Section      512  startup_stm32f10x_md.o(HEAP)
    Stack_Mem                                0x20002ea8   Data        1024  startup_stm32f10x_md.o(STACK)
    STACK                                    0x20002ea8   Section     1024  startup_stm32f10x_md.o(STACK)
    __initial_sp                             0x200032a8   Data           0  startup_stm32f10x_md.o(STACK)

    Global Symbols

    Symbol Name                              Value     Ov Type        Size  Object(Section)

    BuildAttributes$$THM_ISAv4$P$D$K$B$S$PE$A:L22UL41UL21$X:L11$S22US41US21$IEEE1$IW$~IW$USESV6$~STKCKD$USESV7$~SHL$OTIME$ROPI$EBA8$UX$STANDARDLIB$REQ8$PRES8$EABIv2 0x00000000   Number         0  anon$$obj.o ABSOLUTE
    __fp_init_empty                          0x00000000   Number         0  fpinit_empty.o ABSOLUTE
    _printf_flags                            0x00000000   Number         0  printf_stubs.o ABSOLUTE
    _printf_return_value                     0x00000000   Number         0  printf_stubs.o ABSOLUTE
    _printf_sizespec                         0x00000000   Number         0  printf_stubs.o ABSOLUTE
    _printf_widthprec                        0x00000000   Number         0  printf_stubs.o ABSOLUTE
    __ARM_exceptions_init                     - Undefined Weak Reference
    __alloca_initialize                       - Undefined Weak Reference
    __arm_preinit_                            - Undefined Weak Reference
    __arm_relocate_pie_                       - Undefined Weak Reference
    __cpp_initialize__aeabi_                  - Undefined Weak Reference
    __cxa_finalize                            - Undefined Weak Reference
    __rt_locale                               - Undefined Weak Reference
    __sigvec_lookup                           - Undefined Weak Reference
    _atexit_init                              - Undefined Weak Reference
    _call_atexit_fns                          - Undefined Weak Reference
    _clock_init                               - Undefined Weak Reference
    _fp_trap_init                             - Undefined Weak Reference
    _fp_trap_shutdown                         - Undefined Weak Reference
    _get_lc_collate                           - Undefined Weak Reference
    _get_lc_ctype                             - Undefined Weak Reference
    _get_lc_monetary                          - Undefined Weak Reference
    _get_lc_numeric                           - Undefined Weak Reference
    _get_lc_time                              - Undefined Weak Reference
    _getenv_init                              - Undefined Weak Reference
    _handle_redirection                       - Undefined Weak Reference
    _init_alloc                               - Undefined Weak Reference
    _init_user_alloc                          - Undefined Weak Reference
    _initio                                   - Undefined Weak Reference
    _printf_mbtowc                            - Undefined Weak Reference
    _printf_post_padding                      - Undefined Weak Reference
    _printf_pre_padding                       - Undefined Weak Reference
    _printf_truncate_signed                   - Undefined Weak Reference
    _printf_truncate_unsigned                 - Undefined Weak Reference
    _rand_init                                - Undefined Weak Reference
    _signal_finish                            - Undefined Weak Reference
    _signal_init                              - Undefined Weak Reference
    _terminate_alloc                          - Undefined Weak Reference
    _terminate_user_alloc                     - Undefined Weak Reference
    _terminateio                              - Undefined Weak Reference
    __Vectors_Size                           0x000000ec   Number         0  startup_stm32f10x_md.o ABSOLUTE
    __Vectors                                0x08000000   Data           4  startup_stm32f10x_md.o(RESET)
    __Vectors_End                            0x080000ec   Data           0  startup_stm32f10x_md.o(RESET)
    __main                                   0x080000ed   Thumb Code     8  __main.o(!!!main)
    __scatterload                            0x080000f5   Thumb Code     0  __scatter.o(!!!scatter)
    __scatterload_rt2                        0x080000f5   Thumb Code    44  __scatter.o(!!!scatter)
    __scatterload_rt2_thumb_only             0x080000f5   Thumb Code     0  __scatter.o(!!!scatter)
    __scatterload_null                       0x08000103   Thumb Code     0  __scatter.o(!!!scatter)
    __scatterload_copy                       0x08000129   Thumb Code    26  __scatter_copy.o(!!handler_copy)
    __scatterload_zeroinit                   0x08000145   Thumb Code    28  __scatter_zi.o(!!handler_zi)
    _printf_d                                0x08000161   Thumb Code     0  _printf_d.o(.ARM.Collect$$_printf_percent$$00000009)
    _printf_percent                          0x08000161   Thumb Code     0  _printf_percent.o(.ARM.Collect$$_printf_percent$$00000000)
    _printf_u                                0x08000167   Thumb Code     0  _printf_u.o(.ARM.Collect$$_printf_percent$$0000000A)
    _printf_s                                0x0800016d   Thumb Code     0  _printf_s.o(.ARM.Collect$$_printf_percent$$00000014)
    _printf_percent_end                      0x08000173   Thumb Code     0  _printf_percent_end.o(.ARM.Collect$$_printf_percent$$00000017)
    __rt_lib_init                            0x08000177   Thumb Code     0  libinit.o(.ARM.Collect$$libinit$$00000000)
    __rt_lib_init_alloca_1                   0x08000179   Thumb Code     0  libinit2.o(.ARM.Collect$$libinit$$00000030)
    __rt_lib_init_argv_1                     0x08000179   Thumb Code     0  libinit2.o(.ARM.Collect$$libinit$$0000002E)
    __rt_lib_init_atexit_1                   0x08000179   Thumb Code     0  libinit2.o(.ARM.Collect$$libinit$$0000001D)
    __rt_lib_init_clock_1                    0x08000179   Thumb Code     0  libinit2.o(.ARM.Collect$$libinit$$00000023)
    __rt_lib_init_cpp_1                      0x08000179   Thumb Code     0  libinit2.o(.ARM.Collect$$libinit$$00000034)
    __rt_lib_init_exceptions_1               0x08000179   Thumb Code     0  libinit2.o(.ARM.Collect$$libinit$$00000032)
    __rt_lib_init_fp_1                       0x08000179   Thumb Code     0  libinit2.o(.ARM.Collect$$libinit$$00000002)
    __rt_lib_init_fp_trap_1                  0x08000179   Thumb Code     0  libinit2.o(.ARM.Collect$$libinit$$00000021)
    __rt_lib_init_getenv_1                   0x08000179   Thumb Code     0  libinit2.o(.ARM.Collect$$libinit$$00000025)
    __rt_lib_init_heap_1                     0x08000179   Thumb Code     0  libinit2.o(.ARM.Collect$$libinit$$0000000C)
    __rt_lib_init_lc_collate_1               0x08000179   Thumb Code     0  libinit2.o(.ARM.Collect$$libinit$$00000013)
    __rt_lib_init_lc_ctype_1                 0x08000179   Thumb Code     0  libinit2.o(.ARM.Collect$$libinit$$00000015)
    __rt_lib_init_lc_monetary_1              0x08000179   Thumb Code     0  libinit2.o(.ARM.Collect$$libinit$$00000017)
    __rt_lib_init_lc_numeric_1               0x08000179   Thumb Code     0  libinit2.o(.ARM.Collect$$libinit$$00000019)
    __rt_lib_init_lc_time_1                  0x08000179   Thumb Code     0  libinit2.o(.ARM.Collect$$libinit$$0000001B)
    __rt_lib_init_preinit_1                  0x08000179   Thumb Code     0  libinit2.o(.ARM.Collect$$libinit$$00000006)
    __rt_lib_init_rand_1                     0x08000179   Thumb Code     0  libinit2.o(.ARM.Collect$$libinit$$00000010)
    __rt_lib_init_relocate_pie_1             0x08000179   Thumb Code     0  libinit2.o(.ARM.Collect$$libinit$$00000004)
    __rt_lib_init_return                     0x08000179   Thumb Code     0  libinit2.o(.ARM.Collect$$libinit$$00000035)
    __rt_lib_init_signal_1                   0x08000179   Thumb Code     0  libinit2.o(.ARM.Collect$$libinit$$0000001F)
    __rt_lib_init_stdio_1                    0x08000179   Thumb Code     0  libinit2.o(.ARM.Collect$$libinit$$00000027)
    __rt_lib_init_user_alloc_1               0x08000179   Thumb Code     0  libinit2.o(.ARM.Collect$$libinit$$0000000E)
    __rt_lib_shutdown                        0x0800017b   Thumb Code     0  libshutdown.o(.ARM.Collect$$libshutdown$$00000000)
    __rt_lib_shutdown_cpp_1                  0x0800017d   Thumb Code     0  libshutdown2.o(.ARM.Collect$$libshutdown$$00000002)
    __rt_lib_shutdown_fp_trap_1              0x0800017d   Thumb Code     0  libshutdown2.o(.ARM.Collect$$libshutdown$$00000007)
    __rt_lib_shutdown_heap_1                 0x0800017d   Thumb Code     0  libshutdown2.o(.ARM.Collect$$libshutdown$$0000000F)
    __rt_lib_shutdown_return                 0x0800017d   Thumb Code     0  libshutdown2.o(.ARM.Collect$$libshutdown$$00000010)
    __rt_lib_shutdown_signal_1               0x0800017d   Thumb Code     0  libshutdown2.o(.ARM.Collect$$libshutdown$$0000000A)
    __rt_lib_shutdown_stdio_1                0x0800017d   Thumb Code     0  libshutdown2.o(.ARM.Collect$$libshutdown$$00000004)
    __rt_lib_shutdown_user_alloc_1           0x0800017d   Thumb Code     0  libshutdown2.o(.ARM.Collect$$libshutdown$$0000000C)
    __rt_entry                               0x0800017f   Thumb Code     0  __rtentry.o(.ARM.Collect$$rtentry$$00000000)
    __rt_entry_presh_1                       0x0800017f   Thumb Code     0  __rtentry2.o(.ARM.Collect$$rtentry$$00000002)
    __rt_entry_sh                            0x0800017f   Thumb Code     0  __rtentry4.o(.ARM.Collect$$rtentry$$00000004)
    __rt_entry_postsh_1                      0x08000185   Thumb Code     0  __rtentry2.o(.ARM.Collect$$rtentry$$00000008)
    __rt_entry_li                            0x0800018d   Thumb Code     0  __rtentry2.o(.ARM.Collect$$rtentry$$0000000A)
    __rt_entry_main                          0x08000191   Thumb Code     0  __rtentry2.o(.ARM.Collect$$rtentry$$0000000D)
    __rt_entry_postli_1                      0x08000191   Thumb Code     0  __rtentry2.o(.ARM.Collect$$rtentry$$0000000C)
    __rt_exit                                0x08000199   Thumb Code     0  rtexit.o(.ARM.Collect$$rtexit$$00000000)
    __rt_exit_ls                             0x0800019b   Thumb Code     0  rtexit2.o(.ARM.Collect$$rtexit$$00000003)
    __rt_exit_prels_1                        0x0800019b   Thumb Code     0  rtexit2.o(.ARM.Collect$$rtexit$$00000002)
    __rt_exit_exit                           0x0800019f   Thumb Code     0  rtexit2.o(.ARM.Collect$$rtexit$$00000004)
    Reset_Handler                            0x080001a5   Thumb Code     8  startup_stm32f10x_md.o(.text)
    NMI_Handler                              0x080001ad   Thumb Code     2  startup_stm32f10x_md.o(.text)
    HardFault_Handler                        0x080001af   Thumb Code     2  startup_stm32f10x_md.o(.text)
    MemManage_Handler                        0x080001b1   Thumb Code     2  startup_stm32f10x_md.o(.text)
    BusFault_Handler                         0x080001b3   Thumb Code     2  startup_stm32f10x_md.o(.text)
    UsageFault_Handler                       0x080001b5   Thumb Code     2  startup_stm32f10x_md.o(.text)
    DebugMon_Handler                         0x080001b9   Thumb Code     2  startup_stm32f10x_md.o(.text)
    ADC1_2_IRQHandler                        0x080001bf   Thumb Code     0  startup_stm32f10x_md.o(.text)
    CAN1_RX1_IRQHandler                      0x080001bf   Thumb Code     0  startup_stm32f10x_md.o(.text)
    CAN1_SCE_IRQHandler                      0x080001bf   Thumb Code     0  startup_stm32f10x_md.o(.text)
    DMA1_Channel1_IRQHandler                 0x080001bf   Thumb Code     0  startup_stm32f10x_md.o(.text)
    DMA1_Channel2_IRQHandler                 0x080001bf   Thumb Code     0  startup_stm32f10x_md.o(.text)
    DMA1_Channel3_IRQHandler                 0x080001bf   Thumb Code     0  startup_stm32f10x_md.o(.text)
    DMA1_Channel4_IRQHandler                 0x080001bf   Thumb Code     0  startup_stm32f10x_md.o(.text)
    DMA1_Channel5_IRQHandler                 0x080001bf   Thumb Code     0  startup_stm32f10x_md.o(.text)
    DMA1_Channel6_IRQHandler                 0x080001bf   Thumb Code     0  startup_stm32f10x_md.o(.text)
    DMA1_Channel7_IRQHandler                 0x080001bf   Thumb Code     0  startup_stm32f10x_md.o(.text)
    EXTI0_IRQHandler                         0x080001bf   Thumb Code     0  startup_stm32f10x_md.o(.text)
    EXTI15_10_IRQHandler                     0x080001bf   Thumb Code     0  startup_stm32f10x_md.o(.text)
    EXTI1_IRQHandler                         0x080001bf   Thumb Code     0  startup_stm32f10x_md.o(.text)
    EXTI2_IRQHandler                         0x080001bf   Thumb Code     0  startup_stm32f10x_md.o(.text)
    EXTI3_IRQHandler                         0x080001bf   Thumb Code     0  startup_stm32f10x_md.o(.text)
    EXTI4_IRQHandler                         0x080001bf   Thumb Code     0  startup_stm32f10x_md.o(.text)
    EXTI9_5_IRQHandler                       0x080001bf   Thumb Code     0  startup_stm32f10x_md.o(.text)
    FLASH_IRQHandler                         0x080001bf   Thumb Code     0  startup_stm32f10x_md.o(.text)
    I2C1_ER_IRQHandler                       0x080001bf   Thumb Code     0  startup_stm32f10x_md.o(.text)
    I2C1_EV_IRQHandler                       0x080001bf   Thumb Code     0  startup_stm32f10x_md.o(.text)
    I2C2_ER_IRQHandler                       0x080001bf   Thumb Code     0  startup_stm32f10x_md.o(.text)
    I2C2_EV_IRQHandler                       0x080001bf   Thumb Code     0  startup_stm32f10x_md.o(.text)
    PVD_IRQHandler                           0x080001bf   Thumb Code     0  startup_stm32f10x_md.o(.text)
    RCC_IRQHandler                           0x080001bf   Thumb Code     0  startup_stm32f10x_md.o(.text)
    RTCAlarm_IRQHandler                      0x080001bf   Thumb Code     0  startup_stm32f10x_md.o(.text)
    RTC_IRQHandler                           0x080001bf   Thumb Code     0  startup_stm32f10x_md.o(.text)
    SPI1_IRQHandler                          0x080001bf   Thumb Code     0  startup_stm32f10x_md.o(.text)
    SPI2_IRQHandler                          0x080001bf   Thumb Code     0  startup_stm32f10x_md.o(.text)
    TAMPER_IRQHandler                        0x080001bf   Thumb Code     0  startup_stm32f10x_md.o(.text)
    TIM1_BRK_IRQHandler                      0x080001bf   Thumb Code     0  startup_stm32f10x_md.o(.text)
    TIM1_CC_IRQHandler                       0x080001bf   Thumb Code     0  startup_stm32f10x_md.o(.text)
    TIM1_TRG_COM_IRQHandler                  0x080001bf   Thumb Code     0  startup_stm32f10x_md.o(.text)
    TIM1_UP_IRQHandler                       0x080001bf   Thumb Code     0  startup_stm32f10x_md.o(.text)
    TIM2_IRQHandler                          0x080001bf   Thumb Code     0  startup_stm32f10x_md.o(.text)
    TIM4_IRQHandler                          0x080001bf   Thumb Code     0  startup_stm32f10x_md.o(.text)
    USART1_IRQHandler                        0x080001bf   Thumb Code     0  startup_stm32f10x_md.o(.text)
    USART3_IRQHandler                        0x080001bf   Thumb Code     0  startup_stm32f10x_md.o(.text)
    USBWakeUp_IRQHandler                     0x080001bf   Thumb Code     0  startup_stm32f10x_md.o(.text)
    USB_HP_CAN1_TX_IRQHandler                0x080001bf   Thumb Code     0  startup_stm32f10x_md.o(.text)
    USB_LP_CAN1_RX0_IRQHandler               0x080001bf   Thumb Code     0  startup_stm32f10x_md.o(.text)
    WWDG_IRQHandler                          0x080001bf   Thumb Code     0  startup_stm32f10x_md.o(.text)
    __user_initial_stackheap                 0x080001c1   Thumb Code     0  startup_stm32f10x_md.o(.text)
    __2sprintf                               0x080001e5   Thumb Code    34  noretval__2sprintf.o(.text)
    _printf_str                              0x0800020d   Thumb Code    82  _printf_str.o(.text)
    _printf_int_dec                          0x08000261   Thumb Code   104  _printf_dec.o(.text)
    __printf                                 0x080002d9   Thumb Code   184  __printf_ss.o(.text)
    memcmp                                   0x08000391   Thumb Code    88  memcmp.o(.text)
    strlen                                   0x080003e9   Thumb Code    62  strlen.o(.text)
    __aeabi_memcpy                           0x08000427   Thumb Code     0  rt_memcpy_v6.o(.text)
    __rt_memcpy                              0x08000427   Thumb Code   138  rt_memcpy_v6.o(.text)
    _memcpy_lastbytes                        0x0800048d   Thumb Code     0  rt_memcpy_v6.o(.text)
    __aeabi_memset4                          0x080004b1   Thumb Code    16  aeabi_memset4.o(.text)
    __aeabi_memset8                          0x080004b1   Thumb Code     0  aeabi_memset4.o(.text)
    __aeabi_memclr                           0x080004c1   Thumb Code     0  rt_memclr.o(.text)
    __rt_memclr                              0x080004c1   Thumb Code     0  rt_memclr.o(.text)
    _memset                                  0x080004c5   Thumb Code    64  rt_memclr.o(.text)
    __use_two_region_memory                  0x08000505   Thumb Code     2  heapauxi.o(.text)
    __rt_heap_escrow$2region                 0x08000507   Thumb Code     2  heapauxi.o(.text)
    __rt_heap_expand$2region                 0x08000509   Thumb Code     2  heapauxi.o(.text)
    _printf_int_common                       0x0800050b   Thumb Code   178  _printf_intcommon.o(.text)
    _printf_char_common                      0x080005c7   Thumb Code    32  _printf_char_common.o(.text)
    _sputc                                   0x080005ed   Thumb Code    10  _sputc.o(.text)
    _printf_cs_common                        0x080005f7   Thumb Code    20  _printf_char.o(.text)
    _printf_char                             0x0800060b   Thumb Code    16  _printf_char.o(.text)
    _printf_string                           0x0800061b   Thumb Code     8  _printf_char.o(.text)
    __aeabi_memcpy4                          0x08000623   Thumb Code     0  rt_memcpy_w.o(.text)
    __aeabi_memcpy8                          0x08000623   Thumb Code     0  rt_memcpy_w.o(.text)
    __rt_memcpy_w                            0x08000623   Thumb Code   100  rt_memcpy_w.o(.text)
    _memcpy_lastbytes_aligned                0x0800066b   Thumb Code     0  rt_memcpy_w.o(.text)
    __aeabi_memclr4                          0x08000687   Thumb Code     0  rt_memclr_w.o(.text)
    __aeabi_memclr8                          0x08000687   Thumb Code     0  rt_memclr_w.o(.text)
    __rt_memclr_w                            0x08000687   Thumb Code     0  rt_memclr_w.o(.text)
    _memset_w                                0x0800068b   Thumb Code    74  rt_memclr_w.o(.text)
    __user_setup_stackheap                   0x080006d5   Thumb Code    74  sys_stackheap_outer.o(.text)
    exit                                     0x0800071f   Thumb Code    18  exit.o(.text)
    __user_libspace                          0x08000731   Thumb Code     8  libspace.o(.text)
    __user_perproc_libspace                  0x08000731   Thumb Code     0  libspace.o(.text)
    _sys_exit                                0x08000739   Thumb Code     8  sys_exit.o(.text)
    __I$use$semihosting                      0x08000745   Thumb Code     0  use_no_semi.o(.text)
    __use_no_semihosting_swi                 0x08000745   Thumb Code     2  use_no_semi.o(.text)
    __semihosting_library_function           0x08000747   Thumb Code     0  indicate_semi.o(.text)
    CLI_Transmit                             0x08000749   Thumb Code    26  cli.o(.text.CLI_Transmit)
    GPIO_ConfigurePin                        0x08000765   Thumb Code    44  myfunctions.o(.text.GPIO_ConfigurePin)
    PendSV_Handler                           0x08000791   Thumb Code    68  port_1.o(.text.PendSV_Handler)
    RCC_EnableTimerClock                     0x080007d5   Thumb Code    92  myfunctions.o(.text.RCC_EnableTimerClock)
    RCC_EnableUSARTClock                     0x08000831   Thumb Code    72  myfunctions.o(.text.RCC_EnableUSARTClock)
    RCC_SetGPIOClock                         0x08000879   Thumb Code    40  myfunctions.o(.text.RCC_SetGPIOClock)
    SVC_Handler                              0x080008b1   Thumb Code    36  port_1.o(.text.SVC_Handler)
    SysTick_Handler                          0x080008d5   Thumb Code    30  cmsis_os2.o(.text.SysTick_Handler)
    SystemInit                               0x080008f5   Thumb Code   272  system_stm32f10x.o(.text.SystemInit)
    TIM3_IRQHandler                          0x08000a05   Thumb Code    40  timer.o(.text.TIM3_IRQHandler)
    USART2_IRQHandler                        0x08000c19   Thumb Code    60  usart.o(.text.USART2_IRQHandler)
    _mutex_acquire                           0x08000c55   Thumb Code    36  clib_arm.o(.text._mutex_acquire)
    _mutex_free                              0x08000c79   Thumb Code    48  clib_arm.o(.text._mutex_free)
    _mutex_initialize                        0x08000ca9   Thumb Code    90  clib_arm.o(.text._mutex_initialize)
    _mutex_release                           0x08000d05   Thumb Code    38  clib_arm.o(.text._mutex_release)
    _platform_post_stackheap_init            0x08000d2d   Thumb Code     2  clib_arm.o(.text._platform_post_stackheap_init)
    clockInit                                0x08000d31   Thumb Code   152  myfunctions.o(.text.clockInit)
    convertToString                          0x08000dc9   Thumb Code    32  cli.o(.text.convertToString)
    delay                                    0x08000ded   Thumb Code    42  myfunctions.o(.text.delay)
    display                                  0x08000e19   Thumb Code    84  cli.o(.text.display)
    displayBox                               0x08000e6d   Thumb Code   302  staticstructure.o(.text.displayBox)
    displaySetup                             0x08000f9d   Thumb Code   316  staticstructure.o(.text.displaySetup)
    drawFifth                                0x080010e1   Thumb Code   248  staticstructure.o(.text.drawFifth)
    drawFirst                                0x080011d9   Thumb Code   248  staticstructure.o(.text.drawFirst)
    drawForth                                0x080012d1   Thumb Code   248  staticstructure.o(.text.drawForth)
    drawSecond                               0x080013c9   Thumb Code   248  staticstructure.o(.text.drawSecond)
    drawThird                                0x080014c1   Thumb Code   248  staticstructure.o(.text.drawThird)
    floorStatus                              0x080015b9   Thumb Code    68  main.o(.text.floorStatus)
    instructions                             0x08001609   Thumb Code   208  staticstructure.o(.text.instructions)
    main                                     0x08001755   Thumb Code   164  main.o(.text.main)
    message                                  0x08001821   Thumb Code    34  cli.o(.text.message)
    pvPortMalloc                             0x08001e0d   Thumb Code   372  heap_4.o(.text.pvPortMalloc)
    pvTaskIncrementMutexHeldCount            0x08001f81   Thumb Code    24  tasks_1.o(.text.pvTaskIncrementMutexHeldCount)
    pxPortInitialiseStack                    0x08001f99   Thumb Code    32  port_1.o(.text.pxPortInitialiseStack)
    sendbyte                                 0x08001fb9   Thumb Code    26  usart.o(.text.sendbyte)
    serial_open                              0x08001fd5   Thumb Code   130  usart.o(.text.serial_open)
    setCursorPosition                        0x08002059   Thumb Code    56  cli.o(.text.setCursorPosition)
    setTextColor                             0x08002091   Thumb Code    40  staticstructure.o(.text.setTextColor)
    status                                   0x080020b9   Thumb Code    68  main.o(.text.status)
    timeElapsed                              0x08002109   Thumb Code    68  main.o(.text.timeElapsed)
    updateTimer                              0x08002165   Thumb Code    60  timer.o(.text.updateTimer)
    uxListRemove                             0x080021a1   Thumb Code    36  list.o(.text.uxListRemove)
    vApplicationGetIdleTaskMemory            0x080021c5   Thumb Code    26  cmsis_os2.o(.text.vApplicationGetIdleTaskMemory)
    vApplicationGetTimerTaskMemory           0x080021e1   Thumb Code    26  cmsis_os2.o(.text.vApplicationGetTimerTaskMemory)
    vApplicationStackOverflowHook            0x080021fd   Thumb Code     2  cmsis_os2.o(.text.vApplicationStackOverflowHook)
    vListInitialise                          0x08002201   Thumb Code    22  list.o(.text.vListInitialise)
    vListInitialiseItem                      0x08002219   Thumb Code     6  list.o(.text.vListInitialiseItem)
    vListInsert                              0x08002221   Thumb Code    58  list.o(.text.vListInsert)
    vPortEnterCritical                       0x0800225d   Thumb Code    32  port_1.o(.text.vPortEnterCritical)
    vPortExitCritical                        0x0800227d   Thumb Code    26  port_1.o(.text.vPortExitCritical)
    vPortFree                                0x08002299   Thumb Code   158  heap_4.o(.text.vPortFree)
    vPortSetupTimerInterrupt                 0x08002339   Thumb Code    52  port_1.o(.text.vPortSetupTimerInterrupt)
    vQueueDelete                             0x0800236d   Thumb Code    14  queue.o(.text.vQueueDelete)
    vQueueWaitForMessageRestricted           0x0800237d   Thumb Code    70  queue.o(.text.vQueueWaitForMessageRestricted)
    vTaskDelay                               0x080023c5   Thumb Code   142  tasks_1.o(.text.vTaskDelay)
    vTaskInternalSetTimeOutState             0x08002455   Thumb Code    26  tasks_1.o(.text.vTaskInternalSetTimeOutState)
    vTaskMissedYield                         0x08002471   Thumb Code    14  tasks_1.o(.text.vTaskMissedYield)
    vTaskPlaceOnEventList                    0x08002481   Thumb Code    32  tasks_1.o(.text.vTaskPlaceOnEventList)
    vTaskPlaceOnEventListRestricted          0x080024a1   Thumb Code    90  tasks_1.o(.text.vTaskPlaceOnEventListRestricted)
    vTaskPriorityDisinheritAfterTimeout      0x080024fd   Thumb Code   128  tasks_1.o(.text.vTaskPriorityDisinheritAfterTimeout)
    vTaskStartScheduler                      0x0800257d   Thumb Code   140  tasks_1.o(.text.vTaskStartScheduler)
    vTaskSuspendAll                          0x08002611   Thumb Code    16  tasks_1.o(.text.vTaskSuspendAll)
    vTaskSwitchContext                       0x08002621   Thumb Code   172  tasks_1.o(.text.vTaskSwitchContext)
    xPortStartScheduler                      0x080026cd   Thumb Code    84  port_1.o(.text.xPortStartScheduler)
    xPortSysTickHandler                      0x08002721   Thumb Code    46  port_1.o(.text.xPortSysTickHandler)
    xQueueCreateMutex                        0x08002751   Thumb Code    40  queue.o(.text.xQueueCreateMutex)
    xQueueCreateMutexStatic                  0x08002779   Thumb Code   120  queue.o(.text.xQueueCreateMutexStatic)
    xQueueGenericCreate                      0x080027f1   Thumb Code   134  queue.o(.text.xQueueGenericCreate)
    xQueueGenericCreateStatic                0x08002879   Thumb Code   128  queue.o(.text.xQueueGenericCreateStatic)
    xQueueGenericSend                        0x080028f9   Thumb Code   418  queue.o(.text.xQueueGenericSend)
    xQueueReceive                            0x08002a9d   Thumb Code   332  queue.o(.text.xQueueReceive)
    xQueueSemaphoreTake                      0x08002be9   Thumb Code   382  queue.o(.text.xQueueSemaphoreTake)
    xTaskCheckForTimeOut                     0x08002d69   Thumb Code   104  tasks_1.o(.text.xTaskCheckForTimeOut)
    xTaskCreate                              0x08002dd1   Thumb Code   210  tasks_1.o(.text.xTaskCreate)
    xTaskCreateStatic                        0x08002ea5   Thumb Code   168  tasks_1.o(.text.xTaskCreateStatic)
    xTaskGetSchedulerState                   0x08002f4d   Thumb Code    38  tasks_1.o(.text.xTaskGetSchedulerState)
    xTaskGetTickCount                        0x08002f75   Thumb Code    12  tasks_1.o(.text.xTaskGetTickCount)
    xTaskIncrementTick                       0x08002f81   Thumb Code   406  tasks_1.o(.text.xTaskIncrementTick)
    xTaskPriorityDisinherit                  0x08003119   Thumb Code   112  tasks_1.o(.text.xTaskPriorityDisinherit)
    xTaskPriorityInherit                     0x08003189   Thumb Code   166  tasks_1.o(.text.xTaskPriorityInherit)
    xTaskRemoveFromEventList                 0x08003231   Thumb Code   216  tasks_1.o(.text.xTaskRemoveFromEventList)
    xTaskResumeAll                           0x08003309   Thumb Code   368  tasks_1.o(.text.xTaskResumeAll)
    xTimerCreateTimerTask                    0x08003479   Thumb Code   176  timers.o(.text.xTimerCreateTimerTask)
    uxTopUsedPriority                        0x080036ec   Data           4  tasks_1.o(.rodata.uxTopUsedPriority)
    Region$$Table$$Base                      0x080036f0   Number         0  anon$$obj.o(Region$$Table)
    Region$$Table$$Limit                     0x08003710   Number         0  anon$$obj.o(Region$$Table)
    SystemCoreClock                          0x20000000   Data           4  system_stm32f10x.o(.data.SystemCoreClock)
    currentRow                               0x20000004   Data           1  main.o(.data.currentRow)
    floorNumber                              0x20000008   Data           4  main.o(.data.floorNumber)
    statusMessage                            0x2000000c   Data           4  main.o(.data.statusMessage)
    __libspace_start                         0x20000018   Data          96  libspace.o(.bss)
    __temporary_stack_top$libspace           0x20000078   Data           0  libspace.o(.bss)
    characterFlag                            0x20000078   Data           4  main.o(.bss.characterFlag)
    characterReceived                        0x2000007c   Data           1  main.o(.bss.characterReceived)
    currentColumn                            0x200002a8   Data           1  main.o(.bss.currentColumn)
    pxCurrentTCB                             0x20000350   Data           4  tasks_1.o(.bss.pxCurrentTCB)
    timeCounter                              0x200007c8   Data           4  main.o(.bss.timeCounter)



==============================================================================

Memory Map of the image

  Image Entry point : 0x080001a5

  Load Region LR_1 (Base: 0x08000000, Size: 0x00003724, Max: 0xffffffff, ABSOLUTE)

    Execution Region ER_RO (Exec base: 0x08000000, Load base: 0x08000000, Size: 0x00003710, Max: 0xffffffff, ABSOLUTE)

    Exec Addr    Load Addr    Size         Type   Attr      Idx    E Section Name        Object

    0x08000000   0x08000000   0x000000ec   Data   RO          413    RESET               startup_stm32f10x_md.o
    0x080000ec   0x080000ec   0x00000008   Code   RO          862  * !!!main             c_w.l(__main.o)
    0x080000f4   0x080000f4   0x00000034   Code   RO         1040    !!!scatter          c_w.l(__scatter.o)
    0x08000128   0x08000128   0x0000001a   Code   RO         1042    !!handler_copy      c_w.l(__scatter_copy.o)
    0x08000142   0x08000142   0x00000002   PAD
    0x08000144   0x08000144   0x0000001c   Code   RO         1044    !!handler_zi        c_w.l(__scatter_zi.o)
    0x08000160   0x08000160   0x00000000   Code   RO          849    .ARM.Collect$$_printf_percent$$00000000  c_w.l(_printf_percent.o)
    0x08000160   0x08000160   0x00000006   Code   RO          847    .ARM.Collect$$_printf_percent$$00000009  c_w.l(_printf_d.o)
    0x08000166   0x08000166   0x00000006   Code   RO          848    .ARM.Collect$$_printf_percent$$0000000A  c_w.l(_printf_u.o)
    0x0800016c   0x0800016c   0x00000006   Code   RO          846    .ARM.Collect$$_printf_percent$$00000014  c_w.l(_printf_s.o)
    0x08000172   0x08000172   0x00000004   Code   RO          873    .ARM.Collect$$_printf_percent$$00000017  c_w.l(_printf_percent_end.o)
    0x08000176   0x08000176   0x00000002   Code   RO          902    .ARM.Collect$$libinit$$00000000  c_w.l(libinit.o)
    0x08000178   0x08000178   0x00000000   Code   RO          909    .ARM.Collect$$libinit$$00000002  c_w.l(libinit2.o)
    0x08000178   0x08000178   0x00000000   Code   RO          911    .ARM.Collect$$libinit$$00000004  c_w.l(libinit2.o)
    0x08000178   0x08000178   0x00000000   Code   RO          913    .ARM.Collect$$libinit$$00000006  c_w.l(libinit2.o)
    0x08000178   0x08000178   0x00000000   Code   RO          916    .ARM.Collect$$libinit$$0000000C  c_w.l(libinit2.o)
    0x08000178   0x08000178   0x00000000   Code   RO          918    .ARM.Collect$$libinit$$0000000E  c_w.l(libinit2.o)
    0x08000178   0x08000178   0x00000000   Code   RO          920    .ARM.Collect$$libinit$$00000010  c_w.l(libinit2.o)
    0x08000178   0x08000178   0x00000000   Code   RO          923    .ARM.Collect$$libinit$$00000013  c_w.l(libinit2.o)
    0x08000178   0x08000178   0x00000000   Code   RO          925    .ARM.Collect$$libinit$$00000015  c_w.l(libinit2.o)
    0x08000178   0x08000178   0x00000000   Code   RO          927    .ARM.Collect$$libinit$$00000017  c_w.l(libinit2.o)
    0x08000178   0x08000178   0x00000000   Code   RO          929    .ARM.Collect$$libinit$$00000019  c_w.l(libinit2.o)
    0x08000178   0x08000178   0x00000000   Code   RO          931    .ARM.Collect$$libinit$$0000001B  c_w.l(libinit2.o)
    0x08000178   0x08000178   0x00000000   Code   RO          933    .ARM.Collect$$libinit$$0000001D  c_w.l(libinit2.o)
    0x08000178   0x08000178   0x00000000   Code   RO          935    .ARM.Collect$$libinit$$0000001F  c_w.l(libinit2.o)
    0x08000178   0x08000178   0x00000000   Code   RO          937    .ARM.Collect$$libinit$$00000021  c_w.l(libinit2.o)
    0x08000178   0x08000178   0x00000000   Code   RO          939    .ARM.Collect$$libinit$$00000023  c_w.l(libinit2.o)
    0x08000178   0x08000178   0x00000000   Code   RO          941    .ARM.Collect$$libinit$$00000025  c_w.l(libinit2.o)
    0x08000178   0x08000178   0x00000000   Code   RO          943    .ARM.Collect$$libinit$$00000027  c_w.l(libinit2.o)
    0x08000178   0x08000178   0x00000000   Code   RO          947    .ARM.Collect$$libinit$$0000002E  c_w.l(libinit2.o)
    0x08000178   0x08000178   0x00000000   Code   RO          949    .ARM.Collect$$libinit$$00000030  c_w.l(libinit2.o)
    0x08000178   0x08000178   0x00000000   Code   RO          951    .ARM.Collect$$libinit$$00000032  c_w.l(libinit2.o)
    0x08000178   0x08000178   0x00000000   Code   RO          953    .ARM.Collect$$libinit$$00000034  c_w.l(libinit2.o)
    0x08000178   0x08000178   0x00000002   Code   RO          954    .ARM.Collect$$libinit$$00000035  c_w.l(libinit2.o)
    0x0800017a   0x0800017a   0x00000002   Code   RO          976    .ARM.Collect$$libshutdown$$00000000  c_w.l(libshutdown.o)
    0x0800017c   0x0800017c   0x00000000   Code   RO          991    .ARM.Collect$$libshutdown$$00000002  c_w.l(libshutdown2.o)
    0x0800017c   0x0800017c   0x00000000   Code   RO          993    .ARM.Collect$$libshutdown$$00000004  c_w.l(libshutdown2.o)
    0x0800017c   0x0800017c   0x00000000   Code   RO          996    .ARM.Collect$$libshutdown$$00000007  c_w.l(libshutdown2.o)
    0x0800017c   0x0800017c   0x00000000   Code   RO          999    .ARM.Collect$$libshutdown$$0000000A  c_w.l(libshutdown2.o)
    0x0800017c   0x0800017c   0x00000000   Code   RO         1001    .ARM.Collect$$libshutdown$$0000000C  c_w.l(libshutdown2.o)
    0x0800017c   0x0800017c   0x00000000   Code   RO         1004    .ARM.Collect$$libshutdown$$0000000F  c_w.l(libshutdown2.o)
    0x0800017c   0x0800017c   0x00000002   Code   RO         1005    .ARM.Collect$$libshutdown$$00000010  c_w.l(libshutdown2.o)
    0x0800017e   0x0800017e   0x00000000   Code   RO          864    .ARM.Collect$$rtentry$$00000000  c_w.l(__rtentry.o)
    0x0800017e   0x0800017e   0x00000000   Code   RO          879    .ARM.Collect$$rtentry$$00000002  c_w.l(__rtentry2.o)
    0x0800017e   0x0800017e   0x00000006   Code   RO          891    .ARM.Collect$$rtentry$$00000004  c_w.l(__rtentry4.o)
    0x08000184   0x08000184   0x00000008   Code   RO          880    .ARM.Collect$$rtentry$$00000008  c_w.l(__rtentry2.o)
    0x0800018c   0x0800018c   0x00000004   Code   RO          882    .ARM.Collect$$rtentry$$0000000A  c_w.l(__rtentry2.o)
    0x08000190   0x08000190   0x00000000   Code   RO          884    .ARM.Collect$$rtentry$$0000000C  c_w.l(__rtentry2.o)
    0x08000190   0x08000190   0x00000008   Code   RO          885    .ARM.Collect$$rtentry$$0000000D  c_w.l(__rtentry2.o)
    0x08000198   0x08000198   0x00000002   Code   RO          906    .ARM.Collect$$rtexit$$00000000  c_w.l(rtexit.o)
    0x0800019a   0x0800019a   0x00000000   Code   RO          956    .ARM.Collect$$rtexit$$00000002  c_w.l(rtexit2.o)
    0x0800019a   0x0800019a   0x00000004   Code   RO          957    .ARM.Collect$$rtexit$$00000003  c_w.l(rtexit2.o)
    0x0800019e   0x0800019e   0x00000006   Code   RO          958    .ARM.Collect$$rtexit$$00000004  c_w.l(rtexit2.o)
    0x080001a4   0x080001a4   0x00000040   Code   RO          414  * .text               startup_stm32f10x_md.o
    0x080001e4   0x080001e4   0x00000028   Code   RO          818    .text               c_w.l(noretval__2sprintf.o)
    0x0800020c   0x0800020c   0x00000052   Code   RO          822    .text               c_w.l(_printf_str.o)
    0x0800025e   0x0800025e   0x00000002   PAD
    0x08000260   0x08000260   0x00000078   Code   RO          824    .text               c_w.l(_printf_dec.o)
    0x080002d8   0x080002d8   0x000000b8   Code   RO          829    .text               c_w.l(__printf_ss.o)
    0x08000390   0x08000390   0x00000058   Code   RO          850    .text               c_w.l(memcmp.o)
    0x080003e8   0x080003e8   0x0000003e   Code   RO          852    .text               c_w.l(strlen.o)
    0x08000426   0x08000426   0x0000008a   Code   RO          854    .text               c_w.l(rt_memcpy_v6.o)
    0x080004b0   0x080004b0   0x00000010   Code   RO          856    .text               c_w.l(aeabi_memset4.o)
    0x080004c0   0x080004c0   0x00000044   Code   RO          858    .text               c_w.l(rt_memclr.o)
    0x08000504   0x08000504   0x00000006   Code   RO          860    .text               c_w.l(heapauxi.o)
    0x0800050a   0x0800050a   0x000000b2   Code   RO          865    .text               c_w.l(_printf_intcommon.o)
    0x080005bc   0x080005bc   0x00000030   Code   RO          867    .text               c_w.l(_printf_char_common.o)
    0x080005ec   0x080005ec   0x0000000a   Code   RO          869    .text               c_w.l(_sputc.o)
    0x080005f6   0x080005f6   0x0000002c   Code   RO          871    .text               c_w.l(_printf_char.o)
    0x08000622   0x08000622   0x00000064   Code   RO          874    .text               c_w.l(rt_memcpy_w.o)
    0x08000686   0x08000686   0x0000004e   Code   RO          876    .text               c_w.l(rt_memclr_w.o)
    0x080006d4   0x080006d4   0x0000004a   Code   RO          895    .text               c_w.l(sys_stackheap_outer.o)
    0x0800071e   0x0800071e   0x00000012   Code   RO          897    .text               c_w.l(exit.o)
    0x08000730   0x08000730   0x00000008   Code   RO          903    .text               c_w.l(libspace.o)
    0x08000738   0x08000738   0x0000000c   Code   RO          966    .text               c_w.l(sys_exit.o)
    0x08000744   0x08000744   0x00000002   Code   RO          981    .text               c_w.l(use_no_semi.o)
    0x08000746   0x08000746   0x00000000   Code   RO          983    .text               c_w.l(indicate_semi.o)
    0x08000746   0x08000746   0x00000002   PAD
    0x08000748   0x08000748   0x0000001a   Code   RO           41    .text.CLI_Transmit  cli.o
    0x08000762   0x08000762   0x00000002   PAD
    0x08000764   0x08000764   0x0000002c   Code   RO           98    .text.GPIO_ConfigurePin  myfunctions.o
    0x08000790   0x08000790   0x00000044   Code   RO          508    .text.PendSV_Handler  port_1.o
    0x080007d4   0x080007d4   0x0000005c   Code   RO           96    .text.RCC_EnableTimerClock  myfunctions.o
    0x08000830   0x08000830   0x00000048   Code   RO           94    .text.RCC_EnableUSARTClock  myfunctions.o
    0x08000878   0x08000878   0x00000038   Code   RO           88    .text.RCC_SetGPIOClock  myfunctions.o
    0x080008b0   0x080008b0   0x00000024   Code   RO          494    .text.SVC_Handler   port_1.o
    0x080008d4   0x080008d4   0x0000001e   Code   RO          220    .text.SysTick_Handler  cmsis_os2.o
    0x080008f2   0x080008f2   0x00000002   PAD
    0x080008f4   0x080008f4   0x00000110   Code   RO          421    .text.SystemInit    system_stm32f10x.o
    0x08000a04   0x08000a04   0x00000028   Code   RO          120    .text.TIM3_IRQHandler  timer.o
    0x08000a2c   0x08000a2c   0x000001ec   Code   RO            4    .text.TaskHandleUserInput  main.o
    0x08000c18   0x08000c18   0x0000003c   Code   RO           76    .text.USART2_IRQHandler  usart.o
    0x08000c54   0x08000c54   0x00000024   Code   RO          172    .text._mutex_acquire  clib_arm.o
    0x08000c78   0x08000c78   0x00000030   Code   RO          176    .text._mutex_free   clib_arm.o
    0x08000ca8   0x08000ca8   0x0000005a   Code   RO          170    .text._mutex_initialize  clib_arm.o
    0x08000d02   0x08000d02   0x00000002   PAD
    0x08000d04   0x08000d04   0x00000026   Code   RO          174    .text._mutex_release  clib_arm.o
    0x08000d2a   0x08000d2a   0x00000002   PAD
    0x08000d2c   0x08000d2c   0x00000002   Code   RO          166    .text._platform_post_stackheap_init  clib_arm.o
    0x08000d2e   0x08000d2e   0x00000002   PAD
    0x08000d30   0x08000d30   0x00000098   Code   RO           86    .text.clockInit     myfunctions.o
    0x08000dc8   0x08000dc8   0x00000024   Code   RO           49    .text.convertToString  cli.o
    0x08000dec   0x08000dec   0x0000002a   Code   RO          100    .text.delay         myfunctions.o
    0x08000e16   0x08000e16   0x00000002   PAD
    0x08000e18   0x08000e18   0x00000054   Code   RO           45    .text.display       cli.o
    0x08000e6c   0x08000e6c   0x0000012e   Code   RO          132    .text.displayBox    staticstructure.o
    0x08000f9a   0x08000f9a   0x00000002   PAD
    0x08000f9c   0x08000f9c   0x00000144   Code   RO          154    .text.displaySetup  staticstructure.o
    0x080010e0   0x080010e0   0x000000f8   Code   RO          138    .text.drawFifth     staticstructure.o
    0x080011d8   0x080011d8   0x000000f8   Code   RO          146    .text.drawFirst     staticstructure.o
    0x080012d0   0x080012d0   0x000000f8   Code   RO          140    .text.drawForth     staticstructure.o
    0x080013c8   0x080013c8   0x000000f8   Code   RO          144    .text.drawSecond    staticstructure.o
    0x080014c0   0x080014c0   0x000000f8   Code   RO          142    .text.drawThird     staticstructure.o
    0x080015b8   0x080015b8   0x00000050   Code   RO            8    .text.floorStatus   main.o
    0x08001608   0x08001608   0x0000014c   Code   RO          148    .text.instructions  staticstructure.o
    0x08001754   0x08001754   0x000000cc   Code   RO            2    .text.main          main.o
    0x08001820   0x08001820   0x00000022   Code   RO           51    .text.message       cli.o
    0x08001842   0x08001842   0x00000002   PAD
    0x08001844   0x08001844   0x0000009e   Code   RO          630    .text.prvAddCurrentTaskToDelayedList  tasks_1.o
    0x080018e2   0x080018e2   0x00000002   PAD
    0x080018e4   0x080018e4   0x00000132   Code   RO          620    .text.prvAddNewTaskToReadyList  tasks_1.o
    0x08001a16   0x08001a16   0x00000002   PAD
    0x08001a18   0x08001a18   0x00000082   Code   RO          654    .text.prvIdleTask   tasks_1.o
    0x08001a9a   0x08001a9a   0x00000002   PAD
    0x08001a9c   0x08001a9c   0x00000020   Code   RO          500    .text.prvPortStartFirstTask  port_1.o
    0x08001abc   0x08001abc   0x00000082   Code   RO          796    .text.prvProcessExpiredTimer  timers.o
    0x08001b3e   0x08001b3e   0x00000002   PAD
    0x08001b40   0x08001b40   0x00000022   Code   RO          492    .text.prvTaskExitError  port_1.o
    0x08001b62   0x08001b62   0x00000002   PAD
    0x08001b64   0x08001b64   0x00000232   Code   RO          758    .text.prvTimerTask  timers.o
    0x08001d96   0x08001d96   0x00000002   PAD
    0x08001d98   0x08001d98   0x00000074   Code   RO          576    .text.prvUnlockQueue  queue.o
    0x08001e0c   0x08001e0c   0x00000174   Code   RO          521    .text.pvPortMalloc  heap_4.o
    0x08001f80   0x08001f80   0x00000018   Code   RO          710    .text.pvTaskIncrementMutexHeldCount  tasks_1.o
    0x08001f98   0x08001f98   0x00000020   Code   RO          490    .text.pxPortInitialiseStack  port_1.o
    0x08001fb8   0x08001fb8   0x0000001a   Code   RO           72    .text.sendbyte      usart.o
    0x08001fd2   0x08001fd2   0x00000002   PAD
    0x08001fd4   0x08001fd4   0x00000082   Code   RO           66    .text.serial_open   usart.o
    0x08002056   0x08002056   0x00000002   PAD
    0x08002058   0x08002058   0x00000038   Code   RO           47    .text.setCursorPosition  cli.o
    0x08002090   0x08002090   0x00000028   Code   RO          130    .text.setTextColor  staticstructure.o
    0x080020b8   0x080020b8   0x00000050   Code   RO           10    .text.status        main.o
    0x08002108   0x08002108   0x0000005c   Code   RO            6    .text.timeElapsed   main.o
    0x08002164   0x08002164   0x0000003c   Code   RO          116    .text.updateTimer   timer.o
    0x080021a0   0x080021a0   0x00000024   Code   RO          480    .text.uxListRemove  list.o
    0x080021c4   0x080021c4   0x0000001a   Code   RO          368    .text.vApplicationGetIdleTaskMemory  cmsis_os2.o
    0x080021de   0x080021de   0x00000002   PAD
    0x080021e0   0x080021e0   0x0000001a   Code   RO          370    .text.vApplicationGetTimerTaskMemory  cmsis_os2.o
    0x080021fa   0x080021fa   0x00000002   PAD
    0x080021fc   0x080021fc   0x00000002   Code   RO          366    .text.vApplicationStackOverflowHook  cmsis_os2.o
    0x080021fe   0x080021fe   0x00000002   PAD
    0x08002200   0x08002200   0x00000016   Code   RO          472    .text.vListInitialise  list.o
    0x08002216   0x08002216   0x00000002   PAD
    0x08002218   0x08002218   0x00000006   Code   RO          474    .text.vListInitialiseItem  list.o
    0x0800221e   0x0800221e   0x00000002   PAD
    0x08002220   0x08002220   0x0000003a   Code   RO          478    .text.vListInsert   list.o
    0x0800225a   0x0800225a   0x00000002   PAD
    0x0800225c   0x0800225c   0x00000020   Code   RO          504    .text.vPortEnterCritical  port_1.o
    0x0800227c   0x0800227c   0x0000001a   Code   RO          506    .text.vPortExitCritical  port_1.o
    0x08002296   0x08002296   0x00000002   PAD
    0x08002298   0x08002298   0x0000009e   Code   RO          523    .text.vPortFree     heap_4.o
    0x08002336   0x08002336   0x00000002   PAD
    0x08002338   0x08002338   0x00000034   Code   RO          498    .text.vPortSetupTimerInterrupt  port_1.o
    0x0800236c   0x0800236c   0x0000000e   Code   RO          596    .text.vQueueDelete  queue.o
    0x0800237a   0x0800237a   0x00000002   PAD
    0x0800237c   0x0800237c   0x00000046   Code   RO          608    .text.vQueueWaitForMessageRestricted  queue.o
    0x080023c2   0x080023c2   0x00000002   PAD
    0x080023c4   0x080023c4   0x0000008e   Code   RO          634    .text.vTaskDelay    tasks_1.o
    0x08002452   0x08002452   0x00000002   PAD
    0x08002454   0x08002454   0x0000001a   Code   RO          684    .text.vTaskInternalSetTimeOutState  tasks_1.o
    0x0800246e   0x0800246e   0x00000002   PAD
    0x08002470   0x08002470   0x0000000e   Code   RO          688    .text.vTaskMissedYield  tasks_1.o
    0x0800247e   0x0800247e   0x00000002   PAD
    0x08002480   0x08002480   0x00000020   Code   RO          672    .text.vTaskPlaceOnEventList  tasks_1.o
    0x080024a0   0x080024a0   0x0000005a   Code   RO          676    .text.vTaskPlaceOnEventListRestricted  tasks_1.o
    0x080024fa   0x080024fa   0x00000002   PAD
    0x080024fc   0x080024fc   0x00000080   Code   RO          706    .text.vTaskPriorityDisinheritAfterTimeout  tasks_1.o
    0x0800257c   0x0800257c   0x00000094   Code   RO          652    .text.vTaskStartScheduler  tasks_1.o
    0x08002610   0x08002610   0x00000010   Code   RO          628    .text.vTaskSuspendAll  tasks_1.o
    0x08002620   0x08002620   0x000000ac   Code   RO          646    .text.vTaskSwitchContext  tasks_1.o
    0x080026cc   0x080026cc   0x00000054   Code   RO          496    .text.xPortStartScheduler  port_1.o
    0x08002720   0x08002720   0x0000002e   Code   RO          510    .text.xPortSysTickHandler  port_1.o
    0x0800274e   0x0800274e   0x00000002   PAD
    0x08002750   0x08002750   0x00000028   Code   RO          556    .text.xQueueCreateMutex  queue.o
    0x08002778   0x08002778   0x00000078   Code   RO          558    .text.xQueueCreateMutexStatic  queue.o
    0x080027f0   0x080027f0   0x00000086   Code   RO          554    .text.xQueueGenericCreate  queue.o
    0x08002876   0x08002876   0x00000002   PAD
    0x08002878   0x08002878   0x00000080   Code   RO          552    .text.xQueueGenericCreateStatic  queue.o
    0x080028f8   0x080028f8   0x000001a2   Code   RO          566    .text.xQueueGenericSend  queue.o
    0x08002a9a   0x08002a9a   0x00000002   PAD
    0x08002a9c   0x08002a9c   0x0000014c   Code   RO          582    .text.xQueueReceive  queue.o
    0x08002be8   0x08002be8   0x0000017e   Code   RO          570    .text.xQueueSemaphoreTake  queue.o
    0x08002d66   0x08002d66   0x00000002   PAD
    0x08002d68   0x08002d68   0x00000068   Code   RO          686    .text.xTaskCheckForTimeOut  tasks_1.o
    0x08002dd0   0x08002dd0   0x000000d2   Code   RO          622    .text.xTaskCreate   tasks_1.o
    0x08002ea2   0x08002ea2   0x00000002   PAD
    0x08002ea4   0x08002ea4   0x000000a8   Code   RO          618    .text.xTaskCreateStatic  tasks_1.o
    0x08002f4c   0x08002f4c   0x00000026   Code   RO          700    .text.xTaskGetSchedulerState  tasks_1.o
    0x08002f72   0x08002f72   0x00000002   PAD
    0x08002f74   0x08002f74   0x0000000c   Code   RO          660    .text.xTaskGetTickCount  tasks_1.o
    0x08002f80   0x08002f80   0x00000196   Code   RO          658    .text.xTaskIncrementTick  tasks_1.o
    0x08003116   0x08003116   0x00000002   PAD
    0x08003118   0x08003118   0x00000070   Code   RO          704    .text.xTaskPriorityDisinherit  tasks_1.o
    0x08003188   0x08003188   0x000000a6   Code   RO          702    .text.xTaskPriorityInherit  tasks_1.o
    0x0800322e   0x0800322e   0x00000002   PAD
    0x08003230   0x08003230   0x000000d8   Code   RO          678    .text.xTaskRemoveFromEventList  tasks_1.o
    0x08003308   0x08003308   0x00000170   Code   RO          632    .text.xTaskResumeAll  tasks_1.o
    0x08003478   0x08003478   0x000000b8   Code   RO          756    .text.xTimerCreateTimerTask  timers.o
    0x08003530   0x08003530   0x0000001d   Data   RO           22    .rodata.str1.1      main.o
    0x0800354d   0x0800354d   0x00000009   Data   RO           57    .rodata.str1.1      cli.o
    0x08003556   0x08003556   0x00000193   Data   RO          156    .rodata.str1.1      staticstructure.o
    0x080036e9   0x080036e9   0x00000003   PAD
    0x080036ec   0x080036ec   0x00000004   Data   RO          727    .rodata.uxTopUsedPriority  tasks_1.o
    0x080036f0   0x080036f0   0x00000020   Data   RO         1039    Region$$Table       anon$$obj.o


    Execution Region ER_RW (Exec base: 0x20000000, Load base: 0x08003710, Size: 0x00000014, Max: 0xffffffff, ABSOLUTE)

    Exec Addr    Load Addr    Size         Type   Attr      Idx    E Section Name        Object

    0x20000000   0x08003710   0x00000004   Data   RW          425    .data.SystemCoreClock  system_stm32f10x.o
    0x20000004   0x08003714   0x00000001   Data   RW           20    .data.currentRow    main.o
    0x20000005   0x08003715   0x00000003   PAD
    0x20000008   0x08003718   0x00000004   Data   RW           16    .data.floorNumber   main.o
    0x2000000c   0x0800371c   0x00000004   Data   RW           23    .data.statusMessage  main.o
    0x20000010   0x08003720   0x00000004   Data   RW          512    .data.uxCriticalNesting  port_1.o


    Execution Region ER_ZI (Exec base: 0x20000018, Load base: 0x08003724, Size: 0x00003290, Max: 0xffffffff, ABSOLUTE)

    Exec Addr    Load Addr    Size         Type   Attr      Idx    E Section Name        Object

    0x20000018        -       0x00000060   Zero   RW          904    .bss                c_w.l(libspace.o)
    0x20000078        -       0x00000004   Zero   RW           27    .bss.characterFlag  main.o
    0x2000007c        -       0x00000001   Zero   RW           28    .bss.characterReceived  main.o
    0x2000007d   0x08003724   0x00000003   PAD
    0x20000080        -       0x00000190   Zero   RW          181    .bss.clib_mutex_cb  clib_arm.o
    0x20000210        -       0x00000014   Zero   RW          180    .bss.clib_mutex_id  clib_arm.o
    0x20000224        -       0x00000080   Zero   RW           30    .bss.cmdBuffer      main.o
    0x200002a4        -       0x00000004   Zero   RW           31    .bss.cmdIndex       main.o
    0x200002a8        -       0x00000001   Zero   RW           21    .bss.currentColumn  main.o
    0x200002a9        -       0x00000050   Zero   RW          806    .bss.prvCheckForValidListAndQueue.ucStaticTimerQueueStorage  timers.o
    0x200002f9   0x08003724   0x00000003   PAD
    0x200002fc        -       0x00000050   Zero   RW          805    .bss.prvCheckForValidListAndQueue.xStaticTimerQueue  timers.o
    0x2000034c        -       0x00000004   Zero   RW          802    .bss.prvSampleTimeNow.xLastTime  timers.o
    0x20000350        -       0x00000004   Zero   RW          726    .bss.pxCurrentTCB   tasks_1.o
    0x20000354        -       0x00000004   Zero   RW          800    .bss.pxCurrentTimerList  timers.o
    0x20000358        -       0x00000004   Zero   RW          734    .bss.pxDelayedTaskList  tasks_1.o
    0x2000035c        -       0x00000004   Zero   RW          535    .bss.pxEnd          heap_4.o
    0x20000360        -       0x00000004   Zero   RW          735    .bss.pxOverflowDelayedTaskList  tasks_1.o
    0x20000364        -       0x00000004   Zero   RW          801    .bss.pxOverflowTimerList  timers.o
    0x20000368        -       0x00000460   Zero   RW          737    .bss.pxReadyTasksLists  tasks_1.o
    0x200007c8        -       0x00000004   Zero   RW           26    .bss.timeCounter    main.o
    0x200007cc        -       0x00002000   Zero   RW          541    .bss.ucHeap         heap_4.o
    0x200027cc        -       0x00000004   Zero   RW          731    .bss.uxCurrentNumberOfTasks  tasks_1.o
    0x200027d0        -       0x00000004   Zero   RW          730    .bss.uxDeletedTasksWaitingCleanUp  tasks_1.o
    0x200027d4        -       0x00000004   Zero   RW          739    .bss.uxSchedulerSuspended  tasks_1.o
    0x200027d8        -       0x00000004   Zero   RW          728    .bss.uxTaskNumber   tasks_1.o
    0x200027dc        -       0x00000004   Zero   RW          738    .bss.uxTopReadyPriority  tasks_1.o
    0x200027e0        -       0x00000200   Zero   RW          374    .bss.vApplicationGetIdleTaskMemory.Idle_Stack  cmsis_os2.o
    0x200029e0        -       0x0000005c   Zero   RW          373    .bss.vApplicationGetIdleTaskMemory.Idle_TCB  cmsis_os2.o
    0x20002a3c        -       0x00000140   Zero   RW          376    .bss.vApplicationGetTimerTaskMemory.Timer_Stack  cmsis_os2.o
    0x20002b7c        -       0x0000005c   Zero   RW          375    .bss.vApplicationGetTimerTaskMemory.Timer_TCB  cmsis_os2.o
    0x20002bd8        -       0x00000014   Zero   RW          803    .bss.xActiveTimerList1  timers.o
    0x20002bec        -       0x00000014   Zero   RW          804    .bss.xActiveTimerList2  timers.o
    0x20002c00        -       0x00000004   Zero   RW           25    .bss.xCommandQueue  main.o
    0x20002c04        -       0x00000014   Zero   RW          746    .bss.xDelayedTaskList1  tasks_1.o
    0x20002c18        -       0x00000014   Zero   RW          747    .bss.xDelayedTaskList2  tasks_1.o
    0x20002c2c        -       0x00000004   Zero   RW          536    .bss.xFreeBytesRemaining  heap_4.o
    0x20002c30        -       0x00000004   Zero   RW          742    .bss.xIdleTaskHandle  tasks_1.o
    0x20002c34        -       0x00000004   Zero   RW          538    .bss.xMinimumEverFreeBytesRemaining  heap_4.o
    0x20002c38        -       0x00000004   Zero   RW          743    .bss.xNextTaskUnblockTime  tasks_1.o
    0x20002c3c        -       0x00000004   Zero   RW          745    .bss.xNumOfOverflows  tasks_1.o
    0x20002c40        -       0x00000004   Zero   RW          539    .bss.xNumberOfSuccessfulAllocations  heap_4.o
    0x20002c44        -       0x00000004   Zero   RW          540    .bss.xNumberOfSuccessfulFrees  heap_4.o
    0x20002c48        -       0x00000004   Zero   RW          744    .bss.xPendedTicks   tasks_1.o
    0x20002c4c        -       0x00000014   Zero   RW          741    .bss.xPendingReadyList  tasks_1.o
    0x20002c60        -       0x00000004   Zero   RW          732    .bss.xSchedulerRunning  tasks_1.o
    0x20002c64        -       0x00000008   Zero   RW          537    .bss.xStart         heap_4.o
    0x20002c6c        -       0x00000014   Zero   RW          736    .bss.xSuspendedTaskList  tasks_1.o
    0x20002c80        -       0x00000014   Zero   RW          729    .bss.xTasksWaitingTermination  tasks_1.o
    0x20002c94        -       0x00000004   Zero   RW          733    .bss.xTickCount     tasks_1.o
    0x20002c98        -       0x00000004   Zero   RW          798    .bss.xTimerQueue    timers.o
    0x20002c9c        -       0x00000004   Zero   RW          799    .bss.xTimerTaskHandle  timers.o
    0x20002ca0        -       0x00000004   Zero   RW          740    .bss.xYieldPending  tasks_1.o
    0x20002ca4   0x08003724   0x00000004   PAD
    0x20002ca8        -       0x00000200   Zero   RW          412    HEAP                startup_stm32f10x_md.o
    0x20002ea8        -       0x00000400   Zero   RW          411    STACK               startup_stm32f10x_md.o


==============================================================================

Image component sizes


      Code (inc. data)   RO Data    RW Data    ZI Data      Debug   Object Name

       236          4          9          0          0       3779   cli.o
       214          0          0          0        420       4116   clib_arm.o
        84          0          0          0       1016      59042   cmsis_os2.o
       530          0          0          0       8220       5275   heap_4.o
       122          0          0          0          0       2362   list.o
       948        120         29          9        146       3638   main.o
       458         20          0          0          0       4221   myfunctions.o
       442         12          0          4          0       2937   port_1.o
      1754          0          0          0          0      21401   queue.o
        64         26        236          0       1536        860   startup_stm32f10x_md.o
      2238        132        403          0          0       7216   staticstructure.o
       272          0          0          4          0       2812   system_stm32f10x.o
      3186          8          4          0       1280      36429   tasks_1.o
       100          0          0          0          0       3668   timer.o
       876         18          0          0        220      14290   timers.o
       216          0          0          0          0       4898   usart.o

    ----------------------------------------------------------------------
     11816        340        716         20      12848     176944   Object Totals
         0          0         32          0          0          0   (incl. Generated)
        76          0          3          3         10          0   (incl. Padding)

    ----------------------------------------------------------------------

      Code (inc. data)   RO Data    RW Data    ZI Data      Debug   Library Member Name

         8          0          0          0          0         68   __main.o
       184          0          0          0          0         84   __printf_ss.o
         0          0          0          0          0          0   __rtentry.o
        20          0          0          0          0          0   __rtentry2.o
         6          0          0          0          0          0   __rtentry4.o
        52          8          0          0          0          0   __scatter.o
        26          0          0          0          0          0   __scatter_copy.o
        28          0          0          0          0          0   __scatter_zi.o
        44          0          0          0          0        108   _printf_char.o
        48          6          0          0          0         96   _printf_char_common.o
         6          0          0          0          0          0   _printf_d.o
       120         16          0          0          0         92   _printf_dec.o
       178          0          0          0          0         88   _printf_intcommon.o
         0          0          0          0          0          0   _printf_percent.o
         4          0          0          0          0          0   _printf_percent_end.o
         6          0          0          0          0          0   _printf_s.o
        82          0          0          0          0         80   _printf_str.o
         6          0          0          0          0          0   _printf_u.o
        10          0          0          0          0         68   _sputc.o
        16          0          0          0          0         68   aeabi_memset4.o
        18          0          0          0          0         80   exit.o
         6          0          0          0          0        152   heapauxi.o
         0          0          0          0          0          0   indicate_semi.o
         2          0          0          0          0          0   libinit.o
         2          0          0          0          0          0   libinit2.o
         2          0          0          0          0          0   libshutdown.o
         2          0          0          0          0          0   libshutdown2.o
         8          4          0          0         96         68   libspace.o
        88          0          0          0          0         76   memcmp.o
        40          6          0          0          0         84   noretval__2sprintf.o
        68          0          0          0          0         68   rt_memclr.o
        78          0          0          0          0         80   rt_memclr_w.o
       138          0          0          0          0         68   rt_memcpy_v6.o
       100          0          0          0          0         80   rt_memcpy_w.o
         2          0          0          0          0          0   rtexit.o
        10          0          0          0          0          0   rtexit2.o
        62          0          0          0          0         76   strlen.o
        12          4          0          0          0         68   sys_exit.o
        74          0          0          0          0         80   sys_stackheap_outer.o
         2          0          0          0          0         68   use_no_semi.o

    ----------------------------------------------------------------------
      1564         44          0          0         96       1800   Library Totals
         6          0          0          0          0          0   (incl. Padding)

    ----------------------------------------------------------------------

      Code (inc. data)   RO Data    RW Data    ZI Data      Debug   Library Name

      1558         44          0          0         96       1800   c_w.l

    ----------------------------------------------------------------------
      1564         44          0          0         96       1800   Library Totals

    ----------------------------------------------------------------------

==============================================================================


      Code (inc. data)   RO Data    RW Data    ZI Data      Debug   

     13380        384        716         20      12944     177576   Grand Totals
     13380        384        716         20      12944     177576   ELF Image Totals
     13380        384        716         20          0          0   ROM Totals

==============================================================================

    Total RO  Size (Code + RO Data)                14096 (  13.77kB)
    Total RW  Size (RW Data + ZI Data)             12964 (  12.66kB)
    Total ROM Size (Code + RO Data + RW Data)      14116 (  13.79kB)

==============================================================================

