Component: Arm Compiler for Embedded 6.19 Tool: armlink [5e73cb00]

==============================================================================

Section Cross References

    main.o(.text.USART2_IRQHandler) refers to usart.o(.bss.characterReceived) for characterReceived
    main.o(.text.USART2_IRQHandler) refers to usart.o(.bss.characterFlag) for characterFlag
    main.o(.text.USART2_IRQHandler) refers to usart.o(.text.sendbyte) for sendbyte
    main.o(.text.USART2_IRQHandler) refers to main.o(.bss.xQueueUart) for xQueueUart
    main.o(.text.USART2_IRQHandler) refers to queue.o(.text.xQueueGenericSendFromISR) for xQueueGenericSendFromISR
    main.o(.ARM.exidx.text.USART2_IRQHandler) refers to main.o(.text.USART2_IRQHandler) for [Anonymous Symbol]
    main.o(.text.main) refers to clock.o(.text.clockInit) for clockInit
    main.o(.text.main) refers to port.o(.text.portEnable) for portEnable
    main.o(.text.main) refers to pin.o(.text.pinConfigure) for pinConfigure
    main.o(.text.main) refers to usart.o(.text.serial_open) for serial_open
    main.o(.text.main) refers to main.o(.rodata.str1.1) for .L.str
    main.o(.text.main) refers to functions.o(.text.message) for message
    main.o(.text.main) refers to queue.o(.text.xQueueGenericCreate) for xQueueGenericCreate
    main.o(.text.main) refers to main.o(.bss.xQueueUart) for xQueueUart
    main.o(.text.main) refers to main.o(.bss.xQueueCmd) for xQueueCmd
    main.o(.text.main) refers to main.o(.text.vBlinkTask) for vBlinkTask
    main.o(.text.main) refers to tasks.o(.text.xTaskCreate) for xTaskCreate
    main.o(.text.main) refers to main.o(.text.vCliTask) for vCliTask
    main.o(.text.main) refers to tasks.o(.text.vTaskStartScheduler) for vTaskStartScheduler
    main.o(.ARM.exidx.text.main) refers to main.o(.text.main) for [Anonymous Symbol]
    main.o(.text.vBlinkTask) refers to main.o(.data.speed) for speed
    main.o(.text.vBlinkTask) refers to tasks.o(.text.vTaskDelay) for vTaskDelay
    main.o(.ARM.exidx.text.vBlinkTask) refers to main.o(.text.vBlinkTask) for [Anonymous Symbol]
    main.o(.text.vCliTask) refers to usart.o(.bss.characterFlag) for characterFlag
    main.o(.text.vCliTask) refers to usart.o(.bss.characterReceived) for characterReceived
    main.o(.text.vCliTask) refers to main.o(.bss.cmdIndex) for cmdIndex
    main.o(.text.vCliTask) refers to main.o(.bss.cmdBuffer) for cmdBuffer
    main.o(.text.vCliTask) refers to functions.o(.text.message) for message
    main.o(.text.vCliTask) refers to functions.o(.text.processCommand) for processCommand
    main.o(.ARM.exidx.text.vCliTask) refers to main.o(.text.vCliTask) for [Anonymous Symbol]
    cli.o(.text.CLI_Transmit) refers to usart.o(.text.sendbyte) for sendbyte
    cli.o(.ARM.exidx.text.CLI_Transmit) refers to cli.o(.text.CLI_Transmit) for [Anonymous Symbol]
    cli.o(.text.CLI_Receive) refers to usart.o(.text.sendbyte) for sendbyte
    cli.o(.text.CLI_Receive) refers to usart.o(.text.getbyte) for getbyte
    cli.o(.ARM.exidx.text.CLI_Receive) refers to cli.o(.text.CLI_Receive) for [Anonymous Symbol]
    clock.o(.ARM.exidx.text.clockInit) refers to clock.o(.text.clockInit) for [Anonymous Symbol]
    functions.o(.ARM.exidx.text.ledTest) refers to functions.o(.text.ledTest) for [Anonymous Symbol]
    functions.o(.ARM.exidx.text.delay) refers to functions.o(.text.delay) for [Anonymous Symbol]
    functions.o(.ARM.exidx.text.userLedOn) refers to functions.o(.text.userLedOn) for [Anonymous Symbol]
    functions.o(.ARM.exidx.text.userLedOff) refers to functions.o(.text.userLedOff) for [Anonymous Symbol]
    functions.o(.text.message) refers to strlen.o(.text) for strlen
    functions.o(.text.message) refers to cli.o(.text.CLI_Transmit) for CLI_Transmit
    functions.o(.ARM.exidx.text.message) refers to functions.o(.text.message) for [Anonymous Symbol]
    functions.o(.text.processCommand) refers to strcmpv7m.o(.text) for strcmp
    functions.o(.text.processCommand) refers to cli.o(.text.CLI_Transmit) for CLI_Transmit
    functions.o(.text.processCommand) refers to main.o(.data.speed) for speed
    functions.o(.text.processCommand) refers to functions.o(.rodata.str1.1) for .L.str.16
    functions.o(.text.processCommand) refers to usart.o(.text.serial_close) for serial_close
    functions.o(.ARM.exidx.text.processCommand) refers to functions.o(.text.processCommand) for [Anonymous Symbol]
    pin.o(.ARM.exidx.text.pinConfigure) refers to pin.o(.text.pinConfigure) for [Anonymous Symbol]
    port.o(.ARM.exidx.text.portEnable) refers to port.o(.text.portEnable) for [Anonymous Symbol]
    usart.o(.ARM.exidx.text.serial_open) refers to usart.o(.text.serial_open) for [Anonymous Symbol]
    usart.o(.ARM.exidx.text.serial_close) refers to usart.o(.text.serial_close) for [Anonymous Symbol]
    usart.o(.ARM.exidx.text.sendbyte) refers to usart.o(.text.sendbyte) for [Anonymous Symbol]
    usart.o(.ARM.exidx.text.getbyte) refers to usart.o(.text.getbyte) for [Anonymous Symbol]
[...]
    Removing timers.o(.text.xTimerCreateStatic), (32 bytes).
    Removing timers.o(.ARM.exidx.text.xTimerCreateStatic), (8 bytes).
    Removing timers.o(.text.xTimerGenericCommand), (86 bytes).
    Removing timers.o(.ARM.exidx.text.xTimerGenericCommand), (8 bytes).
    Removing timers.o(.text.xTimerGetTimerDaemonTaskHandle), (12 bytes).
    Removing timers.o(.ARM.exidx.text.xTimerGetTimerDaemonTaskHandle), (8 bytes).
    Removing timers.o(.text.xTimerGetPeriod), (4 bytes).
    Removing timers.o(.ARM.exidx.text.xTimerGetPeriod), (8 bytes).
    Removing timers.o(.text.vTimerSetReloadMode), (40 bytes).
    Removing timers.o(.ARM.exidx.text.vTimerSetReloadMode), (8 bytes).
    Removing timers.o(.text.xTimerGetReloadMode), (24 bytes).
    Removing timers.o(.ARM.exidx.text.xTimerGetReloadMode), (8 bytes).
    Removing timers.o(.text.uxTimerGetReloadMode), (24 bytes).
    Removing timers.o(.ARM.exidx.text.uxTimerGetReloadMode), (8 bytes).
    Removing timers.o(.text.xTimerGetExpiryTime), (4 bytes).
    Removing timers.o(.ARM.exidx.text.xTimerGetExpiryTime), (8 bytes).
    Removing timers.o(.text.pcTimerGetName), (4 bytes).
    Removing timers.o(.ARM.exidx.text.pcTimerGetName), (8 bytes).
    Removing timers.o(.text.xTimerIsTimerActive), (24 bytes).
    Removing timers.o(.ARM.exidx.text.xTimerIsTimerActive), (8 bytes).
    Removing timers.o(.text.pvTimerGetTimerID), (18 bytes).
    Removing timers.o(.ARM.exidx.text.pvTimerGetTimerID), (8 bytes).
    Removing timers.o(.text.vTimerSetTimerID), (20 bytes).
    Removing timers.o(.ARM.exidx.text.vTimerSetTimerID), (8 bytes).
    Removing timers.o(.text.xTimerPendFunctionCallFromISR), (42 bytes).
    Removing timers.o(.ARM.exidx.text.xTimerPendFunctionCallFromISR), (8 bytes).
    Removing timers.o(.text.xTimerPendFunctionCall), (42 bytes).
    Removing timers.o(.ARM.exidx.text.xTimerPendFunctionCall), (8 bytes).
    Removing timers.o(.text.uxTimerGetTimerNumber), (4 bytes).
    Removing timers.o(.ARM.exidx.text.uxTimerGetTimerNumber), (8 bytes).
    Removing timers.o(.text.vTimerSetTimerNumber), (4 bytes).
    Removing timers.o(.ARM.exidx.text.vTimerSetTimerNumber), (8 bytes).
    Removing timers.o(.ARM.exidx.text.prvProcessExpiredTimer), (8 bytes).

479 unused section(s) (total 18279 bytes) removed from the image.

==============================================================================

Image Symbol Table

    Local Symbols

    Symbol Name                              Value     Ov Type        Size  Object(Section)

    ../clib/angel/boardlib.s                 0x00000000   Number         0  boardinit1.o ABSOLUTE
    ../clib/angel/boardlib.s                 0x00000000   Number         0  boardinit3.o ABSOLUTE
    ../clib/angel/boardlib.s                 0x00000000   Number         0  boardshut.o ABSOLUTE
    ../clib/angel/handlers.s                 0x00000000   Number         0  __scatter_copy.o ABSOLUTE
    ../clib/angel/handlers.s                 0x00000000   Number         0  __scatter_zi.o ABSOLUTE
    ../clib/angel/kernel.s                   0x00000000   Number         0  __rtentry.o ABSOLUTE
    ../clib/angel/kernel.s                   0x00000000   Number         0  __rtentry2.o ABSOLUTE
    ../clib/angel/kernel.s                   0x00000000   Number         0  __rtentry4.o ABSOLUTE
    ../clib/angel/kernel.s                   0x00000000   Number         0  rtexit.o ABSOLUTE
    ../clib/angel/kernel.s                   0x00000000   Number         0  rtexit2.o ABSOLUTE
    ../clib/angel/rt.s                       0x00000000   Number         0  rt_raise.o ABSOLUTE
    ../clib/angel/scatter.s                  0x00000000   Number         0  __scatter.o ABSOLUTE
    ../clib/angel/startup.s                  0x00000000   Number         0  __main.o ABSOLUTE
    ../clib/angel/sys.s                      0x00000000   Number         0  sys_stackheap_outer.o ABSOLUTE
    ../clib/angel/sys.s                      0x00000000   Number         0  libspace.o ABSOLUTE
    ../clib/angel/sys.s                      0x00000000   Number         0  use_no_semi.o ABSOLUTE
    ../clib/angel/sys.s                      0x00000000   Number         0  indicate_semi.o ABSOLUTE
    ../clib/angel/sysapp.c                   0x00000000   Number         0  sys_exit.o ABSOLUTE
    ../clib/angel/sysapp.c                   0x00000000   Number         0  sys_exit_hlt.o ABSOLUTE
    ../clib/angel/sysapp.c                   0x00000000   Number         0  sys_command.o ABSOLUTE
    ../clib/angel/sysapp.c                   0x00000000   Number         0  sys_command_hlt.o ABSOLUTE
    ../clib/angel/sysapp.c                   0x00000000   Number         0  sys_wrch.o ABSOLUTE
    ../clib/angel/sysapp.c                   0x00000000   Number         0  sys_wrch_hlt.o ABSOLUTE
    ../clib/armsys.c                         0x00000000   Number         0  argv_veneer.o ABSOLUTE
    ../clib/armsys.c                         0x00000000   Number         0  argv_veneer.o ABSOLUTE
    ../clib/armsys.c                         0x00000000   Number         0  _get_argv_nomalloc.o ABSOLUTE
    ../clib/armsys.c                         0x00000000   Number         0  no_argv.o ABSOLUTE
    ../clib/heapalloc.c                      0x00000000   Number         0  hrguard.o ABSOLUTE
    ../clib/heapaux.c                        0x00000000   Number         0  heapauxi.o ABSOLUTE
    ../clib/libinit.s                        0x00000000   Number         0  libinit.o ABSOLUTE
    ../clib/libinit.s                        0x00000000   Number         0  libinit2.o ABSOLUTE
    ../clib/libinit.s                        0x00000000   Number         0  libshutdown.o ABSOLUTE
    ../clib/libinit.s                        0x00000000   Number         0  libshutdown2.o ABSOLUTE
    ../clib/memcpset.s                       0x00000000   Number         0  rt_memcpy_v6.o ABSOLUTE
    ../clib/memcpset.s                       0x00000000   Number         0  aeabi_memset4.o ABSOLUTE
    ../clib/memcpset.s                       0x00000000   Number         0  rt_memclr.o ABSOLUTE
    ../clib/memcpset.s                       0x00000000   Number         0  strcmpv7m.o ABSOLUTE
    ../clib/memcpset.s                       0x00000000   Number         0  rt_memcpy_w.o ABSOLUTE
    ../clib/memcpset.s                       0x00000000   Number         0  rt_memclr_w.o ABSOLUTE
    ../clib/signal.c                         0x00000000   Number         0  defsig_rtmem_outer.o ABSOLUTE
    ../clib/signal.c                         0x00000000   Number         0  defsig_rtmem_formal.o ABSOLUTE
    ../clib/signal.c                         0x00000000   Number         0  defsig_exit.o ABSOLUTE
    ../clib/signal.c                         0x00000000   Number         0  defsig_rtmem_inner.o ABSOLUTE
    ../clib/signal.c                         0x00000000   Number         0  __raise.o ABSOLUTE
    ../clib/signal.c                         0x00000000   Number         0  defsig_general.o ABSOLUTE
    ../clib/signal.c                         0x00000000   Number         0  defsig_abrt_inner.o ABSOLUTE
    ../clib/signal.c                         0x00000000   Number         0  defsig_fpe_inner.o ABSOLUTE
    ../clib/signal.c                         0x00000000   Number         0  defsig_rtred_inner.o ABSOLUTE
    ../clib/signal.c                         0x00000000   Number         0  defsig_stak_inner.o ABSOLUTE
    ../clib/signal.c                         0x00000000   Number         0  defsig_pvfn_inner.o ABSOLUTE
    ../clib/signal.c                         0x00000000   Number         0  defsig_cppl_inner.o ABSOLUTE
    ../clib/signal.c                         0x00000000   Number         0  defsig_segv_inner.o ABSOLUTE
    ../clib/signal.c                         0x00000000   Number         0  defsig_other.o ABSOLUTE
    ../clib/signal.s                         0x00000000   Number         0  defsig.o ABSOLUTE
    ../clib/stdlib.c                         0x00000000   Number         0  exit.o ABSOLUTE
    ../clib/string.c                         0x00000000   Number         0  strlen.o ABSOLUTE
    ../fplib/fpinit.s                        0x00000000   Number         0  fpinit.o ABSOLUTE
    ../fplib/fpinit_empty.s                  0x00000000   Number         0  fpinit_empty.o ABSOLUTE
    CLI.c                                    0x00000000   Number         0  cli.o ABSOLUTE
    RTE/Device/STM32F103RB/startup_stm32f10x_md.s 0x00000000   Number         0  startup_stm32f10x_md.o ABSOLUTE
    clib_arm.c                               0x00000000   Number         0  clib_arm.o ABSOLUTE
    clock.c                                  0x00000000   Number         0  clock.o ABSOLUTE
    cmsis_os1.c                              0x00000000   Number         0  cmsis_os1.o ABSOLUTE
    cmsis_os2.c                              0x00000000   Number         0  cmsis_os2.o ABSOLUTE
    dc.s                                     0x00000000   Number         0  dc.o ABSOLUTE
    event_groups.c                           0x00000000   Number         0  event_groups.o ABSOLUTE
    freertos_evr.c                           0x00000000   Number         0  freertos_evr.o ABSOLUTE
    functions.c                              0x00000000   Number         0  functions.o ABSOLUTE
    heap_4.c                                 0x00000000   Number         0  heap_4.o ABSOLUTE
    list.c                                   0x00000000   Number         0  list.o ABSOLUTE
    main.c                                   0x00000000   Number         0  main.o ABSOLUTE
    os_systick.c                             0x00000000   Number         0  os_systick.o ABSOLUTE
    pin.c                                    0x00000000   Number         0  pin.o ABSOLUTE
    port.c                                   0x00000000   Number         0  port.o ABSOLUTE
    port.c                                   0x00000000   Number         0  port_1.o ABSOLUTE
    queue.c                                  0x00000000   Number         0  queue.o ABSOLUTE
    system_stm32f10x.c                       0x00000000   Number         0  system_stm32f10x.o ABSOLUTE
    tasks.c                                  0x00000000   Number         0  tasks.o ABSOLUTE
    timers.c                                 0x00000000   Number         0  timers.o ABSOLUTE
    usart.c                                  0x00000000   Number         0  usart.o ABSOLUTE
    RESET                                    0x08000000   Section      236  startup_stm32f10x_md.o(RESET)
    !!!main                                  0x080000ec   Section        8  __main.o(!!!main)
    !!!scatter                               0x080000f4   Section       52  __scatter.o(!!!scatter)
    !!handler_copy                           0x08000128   Section       26  __scatter_copy.o(!!handler_copy)
    !!handler_zi                             0x08000144   Section       28  __scatter_zi.o(!!handler_zi)
    .ARM.Collect$$libinit$$00000000          0x08000160   Section        2  libinit.o(.ARM.Collect$$libinit$$00000000)
    .ARM.Collect$$libinit$$00000002          0x08000162   Section        0  libinit2.o(.ARM.Collect$$libinit$$00000002)
    .ARM.Collect$$libinit$$00000004          0x08000162   Section        0  libinit2.o(.ARM.Collect$$libinit$$00000004)
    .ARM.Collect$$libinit$$00000006          0x08000162   Section        0  libinit2.o(.ARM.Collect$$libinit$$00000006)
    .ARM.Collect$$libinit$$0000000C          0x08000162   Section        0  libinit2.o(.ARM.Collect$$libinit$$0000000C)
    .ARM.Collect$$libinit$$0000000E          0x08000162   Section        0  libinit2.o(.ARM.Collect$$libinit$$0000000E)
    .ARM.Collect$$libinit$$00000010          0x08000162   Section        0  libinit2.o(.ARM.Collect$$libinit$$00000010)
    .ARM.Collect$$libinit$$00000013          0x08000162   Section        0  libinit2.o(.ARM.Collect$$libinit$$00000013)
    .ARM.Collect$$libinit$$00000015          0x08000162   Section        0  libinit2.o(.ARM.Collect$$libinit$$00000015)
    .ARM.Collect$$libinit$$00000017          0x08000162   Section        0  libinit2.o(.ARM.Collect$$libinit$$00000017)
    .ARM.Collect$$libinit$$00000019          0x08000162   Section        0  libinit2.o(.ARM.Collect$$libinit$$00000019)
    .ARM.Collect$$libinit$$0000001B          0x08000162   Section        0  libinit2.o(.ARM.Collect$$libinit$$0000001B)
    .ARM.Collect$$libinit$$0000001D          0x08000162   Section        0  libinit2.o(.ARM.Collect$$libinit$$0000001D)
    .ARM.Collect$$libinit$$0000001F          0x08000162   Section        0  libinit2.o(.ARM.Collect$$libinit$$0000001F)
    .ARM.Collect$$libinit$$00000021          0x08000162   Section        0  libinit2.o(.ARM.Collect$$libinit$$00000021)
    .ARM.Collect$$libinit$$00000023          0x08000162   Section        0  libinit2.o(.ARM.Collect$$libinit$$00000023)
    .ARM.Collect$$libinit$$00000025          0x08000162   Section        0  libinit2.o(.ARM.Collect$$libinit$$00000025)
    .ARM.Collect$$libinit$$00000027          0x08000162   Section        0  libinit2.o(.ARM.Collect$$libinit$$00000027)
    .ARM.Collect$$libinit$$0000002E          0x08000162   Section        0  libinit2.o(.ARM.Collect$$libinit$$0000002E)
    .ARM.Collect$$libinit$$00000030          0x08000162   Section        0  libinit2.o(.ARM.Collect$$libinit$$00000030)
    .ARM.Collect$$libinit$$00000032          0x08000162   Section        0  libinit2.o(.ARM.Collect$$libinit$$00000032)
    .ARM.Collect$$libinit$$00000034          0x08000162   Section        0  libinit2.o(.ARM.Collect$$libinit$$00000034)
    .ARM.Collect$$libinit$$00000035          0x08000162   Section        2  libinit2.o(.ARM.Collect$$libinit$$00000035)
    .ARM.Collect$$libshutdown$$00000000      0x08000164   Section        2  libshutdown.o(.ARM.Collect$$libshutdown$$00000000)
    .ARM.Collect$$libshutdown$$00000002      0x08000166   Section        0  libshutdown2.o(.ARM.Collect$$libshutdown$$00000002)
    .ARM.Collect$$libshutdown$$00000004      0x08000166   Section        0  libshutdown2.o(.ARM.Collect$$libshutdown$$00000004)
    .ARM.Collect$$libshutdown$$00000007      0x08000166   Section        0  libshutdown2.o(.ARM.Collect$$libshutdown$$00000007)
    .ARM.Collect$$libshutdown$$0000000A      0x08000166   Section        0  libshutdown2.o(.ARM.Collect$$libshutdown$$0000000A)
    .ARM.Collect$$libshutdown$$0000000C      0x08000166   Section        0  libshutdown2.o(.ARM.Collect$$libshutdown$$0000000C)
    .ARM.Collect$$libshutdown$$0000000F      0x08000166   Section        0  libshutdown2.o(.ARM.Collect$$libshutdown$$0000000F)
    .ARM.Collect$$libshutdown$$00000010      0x08000166   Section        2  libshutdown2.o(.ARM.Collect$$libshutdown$$00000010)
    .ARM.Collect$$rtentry$$00000000          0x08000168   Section        0  __rtentry.o(.ARM.Collect$$rtentry$$00000000)
    .ARM.Collect$$rtentry$$00000002          0x08000168   Section        0  __rtentry2.o(.ARM.Collect$$rtentry$$00000002)
    .ARM.Collect$$rtentry$$00000004          0x08000168   Section        6  __rtentry4.o(.ARM.Collect$$rtentry$$00000004)
    .ARM.Collect$$rtentry$$00000008          0x0800016e   Section        8  __rtentry2.o(.ARM.Collect$$rtentry$$00000008)
    .ARM.Collect$$rtentry$$0000000A          0x08000176   Section        4  __rtentry2.o(.ARM.Collect$$rtentry$$0000000A)
    .ARM.Collect$$rtentry$$0000000C          0x0800017a   Section        0  __rtentry2.o(.ARM.Collect$$rtentry$$0000000C)
    .ARM.Collect$$rtentry$$0000000D          0x0800017a   Section        8  __rtentry2.o(.ARM.Collect$$rtentry$$0000000D)
    .ARM.Collect$$rtexit$$00000000           0x08000182   Section        2  rtexit.o(.ARM.Collect$$rtexit$$00000000)
    .ARM.Collect$$rtexit$$00000002           0x08000184   Section        0  rtexit2.o(.ARM.Collect$$rtexit$$00000002)
    .ARM.Collect$$rtexit$$00000003           0x08000184   Section        4  rtexit2.o(.ARM.Collect$$rtexit$$00000003)
    .ARM.Collect$$rtexit$$00000004           0x08000188   Section        6  rtexit2.o(.ARM.Collect$$rtexit$$00000004)
    .text                                    0x08000190   Section       64  startup_stm32f10x_md.o(.text)
    .text                                    0x080001d0   Section        0  strlen.o(.text)
    .text                                    0x0800020e   Section      138  rt_memcpy_v6.o(.text)
    .text                                    0x08000298   Section       16  aeabi_memset4.o(.text)
    .text                                    0x080002a8   Section       68  rt_memclr.o(.text)
    .text                                    0x080002ec   Section      128  strcmpv7m.o(.text)
    .text                                    0x0800036c   Section        0  heapauxi.o(.text)
    .text                                    0x08000372   Section      100  rt_memcpy_w.o(.text)
    .text                                    0x080003d6   Section       78  rt_memclr_w.o(.text)
    .text                                    0x08000424   Section       74  sys_stackheap_outer.o(.text)
    .text                                    0x0800046e   Section        0  exit.o(.text)
    .text                                    0x08000480   Section        8  libspace.o(.text)
    .text                                    0x08000488   Section        0  sys_exit.o(.text)
    .text                                    0x08000494   Section        2  use_no_semi.o(.text)
    .text                                    0x08000496   Section        0  indicate_semi.o(.text)
    [Anonymous Symbol]                       0x08000498   Section        0  cli.o(.text.CLI_Transmit)
    [Anonymous Symbol]                       0x080004c0   Section        0  port_1.o(.text.PendSV_Handler)
    pxCurrentTCBConst                        0x08000500   Number         0  port_1.o(.text.PendSV_Handler)
    [Anonymous Symbol]                       0x08000510   Section        0  port_1.o(.text.SVC_Handler)
    pxCurrentTCBConst2                       0x08000530   Number         0  port_1.o(.text.SVC_Handler)
    [Anonymous Symbol]                       0x08000534   Section        0  cmsis_os2.o(.text.SysTick_Handler)
    [Anonymous Symbol]                       0x08000554   Section        0  system_stm32f10x.o(.text.SystemInit)
    [Anonymous Symbol]                       0x08000664   Section        0  main.o(.text.USART2_IRQHandler)
    __tagsym$$used.1                         0x080006ac   Number         0  clib_arm.o(.text._mutex_acquire)
    [Anonymous Symbol]                       0x080006ac   Section        0  clib_arm.o(.text._mutex_acquire)
    __tagsym$$used.3                         0x080006d0   Number         0  clib_arm.o(.text._mutex_free)
    [Anonymous Symbol]                       0x080006d0   Section        0  clib_arm.o(.text._mutex_free)
    __tagsym$$used.0                         0x08000700   Number         0  clib_arm.o(.text._mutex_initialize)
    [Anonymous Symbol]                       0x08000700   Section        0  clib_arm.o(.text._mutex_initialize)
    __tagsym$$used.2                         0x0800075c   Number         0  clib_arm.o(.text._mutex_release)
    [Anonymous Symbol]                       0x0800075c   Section        0  clib_arm.o(.text._mutex_release)
    [Anonymous Symbol]                       0x08000784   Section        0  clib_arm.o(.text._platform_post_stackheap_init)
    [Anonymous Symbol]                       0x08000788   Section        0  clock.o(.text.clockInit)
    [Anonymous Symbol]                       0x08000820   Section        0  main.o(.text.main)
    [Anonymous Symbol]                       0x080009a8   Section        0  functions.o(.text.message)
    [Anonymous Symbol]                       0x080009bc   Section        0  pin.o(.text.pinConfigure)
    [Anonymous Symbol]                       0x080009e8   Section        0  port.o(.text.portEnable)
    [Anonymous Symbol]                       0x080009fc   Section        0  functions.o(.text.processCommand)
    prvAddCurrentTaskToDelayedList           0x08000c79   Thumb Code   158  tasks.o(.text.prvAddCurrentTaskToDelayedList)
    [Anonymous Symbol]                       0x08000c78   Section        0  tasks.o(.text.prvAddCurrentTaskToDelayedList)
    prvAddNewTaskToReadyList                 0x08000d19   Thumb Code   306  tasks.o(.text.prvAddNewTaskToReadyList)
    [Anonymous Symbol]                       0x08000d18   Section        0  tasks.o(.text.prvAddNewTaskToReadyList)
    prvIdleTask                              0x08000e4d   Thumb Code   130  tasks.o(.text.prvIdleTask)
    [Anonymous Symbol]                       0x08000e4c   Section        0  tasks.o(.text.prvIdleTask)
    prvPortStartFirstTask                    0x08000ed1   Thumb Code    32  port_1.o(.text.prvPortStartFirstTask)
    [Anonymous Symbol]                       0x08000ed0   Section        0  port_1.o(.text.prvPortStartFirstTask)
    prvProcessExpiredTimer                   0x08000ef1   Thumb Code   130  timers.o(.text.prvProcessExpiredTimer)
    [Anonymous Symbol]                       0x08000ef0   Section        0  timers.o(.text.prvProcessExpiredTimer)
    prvTaskExitError                         0x08000f75   Thumb Code    34  port_1.o(.text.prvTaskExitError)
    [Anonymous Symbol]                       0x08000f74   Section        0  port_1.o(.text.prvTaskExitError)
    prvTimerTask                             0x08000f99   Thumb Code   562  timers.o(.text.prvTimerTask)
    [Anonymous Symbol]                       0x08000f98   Section        0  timers.o(.text.prvTimerTask)
    prvUnlockQueue                           0x080011cd   Thumb Code   116  queue.o(.text.prvUnlockQueue)
    [Anonymous Symbol]                       0x080011cc   Section        0  queue.o(.text.prvUnlockQueue)
    [Anonymous Symbol]                       0x08001240   Section        0  heap_4.o(.text.pvPortMalloc)
    [Anonymous Symbol]                       0x080013b4   Section        0  tasks.o(.text.pvTaskIncrementMutexHeldCount)
    [Anonymous Symbol]                       0x080013cc   Section        0  port_1.o(.text.pxPortInitialiseStack)
    [Anonymous Symbol]                       0x080013ec   Section        0  usart.o(.text.sendbyte)
    [Anonymous Symbol]                       0x08001408   Section        0  usart.o(.text.serial_close)
    [Anonymous Symbol]                       0x08001428   Section        0  usart.o(.text.serial_open)
    [Anonymous Symbol]                       0x080014a4   Section        0  list.o(.text.uxListRemove)
    [Anonymous Symbol]                       0x080014c8   Section        0  tasks.o(.text.uxTaskGetNumberOfTasks)
    [Anonymous Symbol]                       0x080014d4   Section        0  cmsis_os2.o(.text.vApplicationGetIdleTaskMemory)
    [Anonymous Symbol]                       0x080014f0   Section        0  cmsis_os2.o(.text.vApplicationGetTimerTaskMemory)
    [Anonymous Symbol]                       0x0800150c   Section        0  cmsis_os2.o(.text.vApplicationStackOverflowHook)
    vBlinkTask                               0x08001511   Thumb Code    46  main.o(.text.vBlinkTask)
    [Anonymous Symbol]                       0x08001510   Section        0  main.o(.text.vBlinkTask)
    vCliTask                                 0x08001541   Thumb Code   100  main.o(.text.vCliTask)
    [Anonymous Symbol]                       0x08001540   Section        0  main.o(.text.vCliTask)
    [Anonymous Symbol]                       0x080015b0   Section        0  list.o(.text.vListInitialise)
    [Anonymous Symbol]                       0x080015c8   Section        0  list.o(.text.vListInitialiseItem)
    [Anonymous Symbol]                       0x080015d0   Section        0  list.o(.text.vListInsert)
    [Anonymous Symbol]                       0x0800160c   Section        0  port_1.o(.text.vPortEnterCritical)
    [Anonymous Symbol]                       0x0800162c   Section        0  port_1.o(.text.vPortExitCritical)
    [Anonymous Symbol]                       0x08001648   Section        0  heap_4.o(.text.vPortFree)
    [Anonymous Symbol]                       0x080016e8   Section        0  port_1.o(.text.vPortSetupTimerInterrupt)
    [Anonymous Symbol]                       0x0800171c   Section        0  queue.o(.text.vQueueDelete)
    [Anonymous Symbol]                       0x0800172c   Section        0  queue.o(.text.vQueueWaitForMessageRestricted)
    [Anonymous Symbol]                       0x08001774   Section        0  tasks.o(.text.vTaskDelay)
    [Anonymous Symbol]                       0x08001804   Section        0  tasks.o(.text.vTaskInternalSetTimeOutState)
    [Anonymous Symbol]                       0x08001820   Section        0  tasks.o(.text.vTaskMissedYield)
    [Anonymous Symbol]                       0x08001830   Section        0  tasks.o(.text.vTaskPlaceOnEventList)
    [Anonymous Symbol]                       0x08001850   Section        0  tasks.o(.text.vTaskPlaceOnEventListRestricted)
    [Anonymous Symbol]                       0x080018ac   Section        0  tasks.o(.text.vTaskPriorityDisinheritAfterTimeout)
    [Anonymous Symbol]                       0x0800192c   Section        0  tasks.o(.text.vTaskStartScheduler)
    [Anonymous Symbol]                       0x080019c0   Section        0  tasks.o(.text.vTaskSuspendAll)
    __tagsym$$used.0                         0x080019d0   Number         0  tasks.o(.text.vTaskSwitchContext)
    [Anonymous Symbol]                       0x080019d0   Section        0  tasks.o(.text.vTaskSwitchContext)
    [Anonymous Symbol]                       0x08001a7c   Section        0  port_1.o(.text.xPortStartScheduler)
    [Anonymous Symbol]                       0x08001ad0   Section        0  port_1.o(.text.xPortSysTickHandler)
    [Anonymous Symbol]                       0x08001b00   Section        0  queue.o(.text.xQueueCreateMutex)
    [Anonymous Symbol]                       0x08001b28   Section        0  queue.o(.text.xQueueCreateMutexStatic)
    [Anonymous Symbol]                       0x08001ba0   Section        0  queue.o(.text.xQueueGenericCreate)
    [Anonymous Symbol]                       0x08001c28   Section        0  queue.o(.text.xQueueGenericCreateStatic)
    [Anonymous Symbol]                       0x08001ca8   Section        0  queue.o(.text.xQueueGenericSend)
    [Anonymous Symbol]                       0x08001e4c   Section        0  queue.o(.text.xQueueGenericSendFromISR)
    [Anonymous Symbol]                       0x08001f50   Section        0  queue.o(.text.xQueueReceive)
    [Anonymous Symbol]                       0x0800209c   Section        0  queue.o(.text.xQueueSemaphoreTake)
    [Anonymous Symbol]                       0x0800221c   Section        0  tasks.o(.text.xTaskCheckForTimeOut)
    [Anonymous Symbol]                       0x08002284   Section        0  tasks.o(.text.xTaskCreate)
    [Anonymous Symbol]                       0x08002358   Section        0  tasks.o(.text.xTaskCreateStatic)
    [Anonymous Symbol]                       0x08002400   Section        0  tasks.o(.text.xTaskGetSchedulerState)
    [Anonymous Symbol]                       0x08002428   Section        0  tasks.o(.text.xTaskGetTickCount)
    [Anonymous Symbol]                       0x08002434   Section        0  tasks.o(.text.xTaskIncrementTick)
    [Anonymous Symbol]                       0x080025cc   Section        0  tasks.o(.text.xTaskPriorityDisinherit)
    [Anonymous Symbol]                       0x0800263c   Section        0  tasks.o(.text.xTaskPriorityInherit)
    [Anonymous Symbol]                       0x080026e4   Section        0  tasks.o(.text.xTaskRemoveFromEventList)
    [Anonymous Symbol]                       0x080027bc   Section        0  tasks.o(.text.xTaskResumeAll)
    [Anonymous Symbol]                       0x0800292c   Section        0  timers.o(.text.xTimerCreateTimerTask)
    .L.str.4                                 0x080029e4   Data          26  main.o(.rodata.str1.1)
    [Anonymous Symbol]                       0x080029e4   Section        0  main.o(.rodata.str1.1)
    .L.str.5                                 0x080029fe   Data          19  main.o(.rodata.str1.1)
    .L.str.6                                 0x08002a11   Data          20  main.o(.rodata.str1.1)
    .L.str.2                                 0x08002a25   Data          43  main.o(.rodata.str1.1)
    .L.str.7                                 0x08002a50   Data          28  main.o(.rodata.str1.1)
    .L.str.1                                 0x08002a6c   Data          41  main.o(.rodata.str1.1)
    .L.str.3                                 0x08002a95   Data          37  main.o(.rodata.str1.1)
    .L.str                                   0x08002aba   Data          77  main.o(.rodata.str1.1)
    .L.str.16                                0x08002b07   Data         241  functions.o(.rodata.str1.1)
    [Anonymous Symbol]                       0x08002b07   Section        0  functions.o(.rodata.str1.1)
    uxCriticalNesting                        0x20000008   Data           4  port_1.o(.data.uxCriticalNesting)
    [Anonymous Symbol]                       0x20000008   Section        0  port_1.o(.data.uxCriticalNesting)
    .bss                                     0x20000010   Section       96  libspace.o(.bss)
    clib_mutex_cb                            0x20000078   Data         400  clib_arm.o(.bss.clib_mutex_cb)
    [Anonymous Symbol]                       0x20000078   Section        0  clib_arm.o(.bss.clib_mutex_cb)
    clib_mutex_id                            0x20000208   Data          20  clib_arm.o(.bss.clib_mutex_id)
    [Anonymous Symbol]                       0x20000208   Section        0  clib_arm.o(.bss.clib_mutex_id)
    prvCheckForValidListAndQueue.ucStaticTimerQueueStorage 0x20000240   Data          80  timers.o(.bss.prvCheckForValidListAndQueue.ucStaticTimerQueueStorage)
    [Anonymous Symbol]                       0x20000240   Section        0  timers.o(.bss.prvCheckForValidListAndQueue.ucStaticTimerQueueStorage)
    prvCheckForValidListAndQueue.xStaticTimerQueue 0x20000290   Data          80  timers.o(.bss.prvCheckForValidListAndQueue.xStaticTimerQueue)
    [Anonymous Symbol]                       0x20000290   Section        0  timers.o(.bss.prvCheckForValidListAndQueue.xStaticTimerQueue)
    prvSampleTimeNow.xLastTime               0x200002e0   Data           4  timers.o(.bss.prvSampleTimeNow.xLastTime)
    [Anonymous Symbol]                       0x200002e0   Section        0  timers.o(.bss.prvSampleTimeNow.xLastTime)
    __tagsym$$used.1                         0x200002e4   Number         0  tasks.o(.bss.pxCurrentTCB)
    pxCurrentTimerList                       0x200002e8   Data           4  timers.o(.bss.pxCurrentTimerList)
    [Anonymous Symbol]                       0x200002e8   Section        0  timers.o(.bss.pxCurrentTimerList)
    pxDelayedTaskList                        0x200002ec   Data           4  tasks.o(.bss.pxDelayedTaskList)
    [Anonymous Symbol]                       0x200002ec   Section        0  tasks.o(.bss.pxDelayedTaskList)
    pxEnd                                    0x200002f0   Data           4  heap_4.o(.bss.pxEnd)
    [Anonymous Symbol]                       0x200002f0   Section        0  heap_4.o(.bss.pxEnd)
    pxOverflowDelayedTaskList                0x200002f4   Data           4  tasks.o(.bss.pxOverflowDelayedTaskList)
    [Anonymous Symbol]                       0x200002f4   Section        0  tasks.o(.bss.pxOverflowDelayedTaskList)
    pxOverflowTimerList                      0x200002f8   Data           4  timers.o(.bss.pxOverflowTimerList)
    [Anonymous Symbol]                       0x200002f8   Section        0  timers.o(.bss.pxOverflowTimerList)
    pxReadyTasksLists                        0x200002fc   Data        1120  tasks.o(.bss.pxReadyTasksLists)
    [Anonymous Symbol]                       0x200002fc   Section        0  tasks.o(.bss.pxReadyTasksLists)
    ucHeap                                   0x2000075c   Data        8192  heap_4.o(.bss.ucHeap)
    [Anonymous Symbol]                       0x2000075c   Section        0  heap_4.o(.bss.ucHeap)
    uxCurrentNumberOfTasks                   0x2000275c   Data           4  tasks.o(.bss.uxCurrentNumberOfTasks)
    [Anonymous Symbol]                       0x2000275c   Section        0  tasks.o(.bss.uxCurrentNumberOfTasks)
    uxDeletedTasksWaitingCleanUp             0x20002760   Data           4  tasks.o(.bss.uxDeletedTasksWaitingCleanUp)
    [Anonymous Symbol]                       0x20002760   Section        0  tasks.o(.bss.uxDeletedTasksWaitingCleanUp)
    uxSchedulerSuspended                     0x20002764   Data           4  tasks.o(.bss.uxSchedulerSuspended)
    [Anonymous Symbol]                       0x20002764   Section        0  tasks.o(.bss.uxSchedulerSuspended)
    uxTaskNumber                             0x20002768   Data           4  tasks.o(.bss.uxTaskNumber)
    [Anonymous Symbol]                       0x20002768   Section        0  tasks.o(.bss.uxTaskNumber)
    uxTopReadyPriority                       0x2000276c   Data           4  tasks.o(.bss.uxTopReadyPriority)
    [Anonymous Symbol]                       0x2000276c   Section        0  tasks.o(.bss.uxTopReadyPriority)
    vApplicationGetIdleTaskMemory.Idle_Stack 0x20002770   Data         512  cmsis_os2.o(.bss.vApplicationGetIdleTaskMemory.Idle_Stack)
    [Anonymous Symbol]                       0x20002770   Section        0  cmsis_os2.o(.bss.vApplicationGetIdleTaskMemory.Idle_Stack)
    vApplicationGetIdleTaskMemory.Idle_TCB   0x20002970   Data          92  cmsis_os2.o(.bss.vApplicationGetIdleTaskMemory.Idle_TCB)
    [Anonymous Symbol]                       0x20002970   Section        0  cmsis_os2.o(.bss.vApplicationGetIdleTaskMemory.Idle_TCB)
    vApplicationGetTimerTaskMemory.Timer_Stack 0x200029cc   Data         320  cmsis_os2.o(.bss.vApplicationGetTimerTaskMemory.Timer_Stack)
    [Anonymous Symbol]                       0x200029cc   Section        0  cmsis_os2.o(.bss.vApplicationGetTimerTaskMemory.Timer_Stack)
    vApplicationGetTimerTaskMemory.Timer_TCB 0x20002b0c   Data          92  cmsis_os2.o(.bss.vApplicationGetTimerTaskMemory.Timer_TCB)
    [Anonymous Symbol]                       0x20002b0c   Section        0  cmsis_os2.o(.bss.vApplicationGetTimerTaskMemory.Timer_TCB)
    xActiveTimerList1                        0x20002b68   Data          20  timers.o(.bss.xActiveTimerList1)
    [Anonymous Symbol]                       0x20002b68   Section        0  timers.o(.bss.xActiveTimerList1)
    xActiveTimerList2                        0x20002b7c   Data          20  timers.o(.bss.xActiveTimerList2)
    [Anonymous Symbol]                       0x20002b7c   Section        0  timers.o(.bss.xActiveTimerList2)
    xDelayedTaskList1                        0x20002b90   Data          20  tasks.o(.bss.xDelayedTaskList1)
    [Anonymous Symbol]                       0x20002b90   Section        0  tasks.o(.bss.xDelayedTaskList1)
    xDelayedTaskList2                        0x20002ba4   Data          20  tasks.o(.bss.xDelayedTaskList2)
    [Anonymous Symbol]                       0x20002ba4   Section        0  tasks.o(.bss.xDelayedTaskList2)
    xFreeBytesRemaining                      0x20002bb8   Data           4  heap_4.o(.bss.xFreeBytesRemaining)
    [Anonymous Symbol]                       0x20002bb8   Section        0  heap_4.o(.bss.xFreeBytesRemaining)
    xIdleTaskHandle                          0x20002bbc   Data           4  tasks.o(.bss.xIdleTaskHandle)
    [Anonymous Symbol]                       0x20002bbc   Section        0  tasks.o(.bss.xIdleTaskHandle)
    xMinimumEverFreeBytesRemaining           0x20002bc0   Data           4  heap_4.o(.bss.xMinimumEverFreeBytesRemaining)
    [Anonymous Symbol]                       0x20002bc0   Section        0  heap_4.o(.bss.xMinimumEverFreeBytesRemaining)
    xNextTaskUnblockTime                     0x20002bc4   Data           4  tasks.o(.bss.xNextTaskUnblockTime)
    [Anonymous Symbol]                       0x20002bc4   Section        0  tasks.o(.bss.xNextTaskUnblockTime)
    xNumOfOverflows                          0x20002bc8   Data           4  tasks.o(.bss.xNumOfOverflows)
    [Anonymous Symbol]                       0x20002bc8   Section        0  tasks.o(.bss.xNumOfOverflows)
    xNumberOfSuccessfulAllocations           0x20002bcc   Data           4  heap_4.o(.bss.xNumberOfSuccessfulAllocations)
    [Anonymous Symbol]                       0x20002bcc   Section        0  heap_4.o(.bss.xNumberOfSuccessfulAllocations)
    xNumberOfSuccessfulFrees                 0x20002bd0   Data           4  heap_4.o(.bss.xNumberOfSuccessfulFrees)
    [Anonymous Symbol]                       0x20002bd0   Section        0  heap_4.o(.bss.xNumberOfSuccessfulFrees)
    xPendedTicks                             0x20002bd4   Data           4  tasks.o(.bss.xPendedTicks)
    [Anonymous Symbol]                       0x20002bd4   Section        0  tasks.o(.bss.xPendedTicks)
    xPendingReadyList                        0x20002bd8   Data          20  tasks.o(.bss.xPendingReadyList)
    [Anonymous Symbol]                       0x20002bd8   Section        0  tasks.o(.bss.xPendingReadyList)
    xSchedulerRunning                        0x20002bf4   Data           4  tasks.o(.bss.xSchedulerRunning)
    [Anonymous Symbol]                       0x20002bf4   Section        0  tasks.o(.bss.xSchedulerRunning)
    xStart                                   0x20002bf8   Data           8  heap_4.o(.bss.xStart)
    [Anonymous Symbol]                       0x20002bf8   Section        0  heap_4.o(.bss.xStart)
    xSuspendedTaskList                       0x20002c00   Data          20  tasks.o(.bss.xSuspendedTaskList)
    [Anonymous Symbol]                       0x20002c00   Section        0  tasks.o(.bss.xSuspendedTaskList)
    xTasksWaitingTermination                 0x20002c14   Data          20  tasks.o(.bss.xTasksWaitingTermination)
    [Anonymous Symbol]                       0x20002c14   Section        0  tasks.o(.bss.xTasksWaitingTermination)
    xTickCount                               0x20002c28   Data           4  tasks.o(.bss.xTickCount)
    [Anonymous Symbol]                       0x20002c28   Section        0  tasks.o(.bss.xTickCount)
    xTimerQueue                              0x20002c2c   Data           4  timers.o(.bss.xTimerQueue)
    [Anonymous Symbol]                       0x20002c2c   Section        0  timers.o(.bss.xTimerQueue)
    xTimerTaskHandle                         0x20002c30   Data           4  timers.o(.bss.xTimerTaskHandle)
    [Anonymous Symbol]                       0x20002c30   Section        0  timers.o(.bss.xTimerTaskHandle)
    xYieldPending                            0x20002c34   Data           4  tasks.o(.bss.xYieldPending)
    [Anonymous Symbol]                       0x20002c34   Section        0  tasks.o(.bss.xYieldPending)
    Heap_Mem                                 0x20002c38   Data         512  startup_stm32f10x_md.o(HEAP)
    HEAP                                     0x20002c38   Section      512  startup_stm32f10x_md.o(HEAP)
    Stack_Mem                                0x20002e38   Data        1024  startup_stm32f10x_md.o(STACK)
    STACK                                    0x20002e38   Section     1024  startup_stm32f10x_md.o(STACK)
    __initial_sp                             0x20003238   Data           0  startup_stm32f10x_md.o(STACK)

    Global Symbols

    Symbol Name                              Value     Ov Type        Size  Object(Section)

    BuildAttributes$$THM_ISAv4$P$D$K$B$S$PE$A:L22UL41UL21$X:L11$S22US41US21$IEEE1$IW$~IW$USESV6$~STKCKD$USESV7$~SHL$OTIME$ROPI$EBA8$UX$STANDARDLIB$REQ8$PRES8$EABIv2 0x00000000   Number         0  anon$$obj.o ABSOLUTE
    __fp_init_empty                          0x00000000   Number         0  fpinit_empty.o ABSOLUTE
    __ARM_exceptions_init                     - Undefined Weak Reference
    __alloca_initialize                       - Undefined Weak Reference
    __arm_preinit_                            - Undefined Weak Reference
    __arm_relocate_pie_                       - Undefined Weak Reference
    __cpp_initialize__aeabi_                  - Undefined Weak Reference
    __cxa_finalize                            - Undefined Weak Reference
    __rt_locale                               - Undefined Weak Reference
    __sigvec_lookup                           - Undefined Weak Reference
    _atexit_init                              - Undefined Weak Reference
    _call_atexit_fns                          - Undefined Weak Reference
    _clock_init                               - Undefined Weak Reference
    _fp_trap_init                             - Undefined Weak Reference
    _fp_trap_shutdown                         - Undefined Weak Reference
    _get_lc_collate                           - Undefined Weak Reference
    _get_lc_ctype                             - Undefined Weak Reference
    _get_lc_monetary                          - Undefined Weak Reference
    _get_lc_numeric                           - Undefined Weak Reference
    _get_lc_time                              - Undefined Weak Reference
    _getenv_init                              - Undefined Weak Reference
    _handle_redirection                       - Undefined Weak Reference
    _init_alloc                               - Undefined Weak Reference
    _init_user_alloc                          - Undefined Weak Reference
    _initio                                   - Undefined Weak Reference
    _rand_init                                - Undefined Weak Reference
    _signal_finish                            - Undefined Weak Reference
    _signal_init                              - Undefined Weak Reference
    _terminate_alloc                          - Undefined Weak Reference
    _terminate_user_alloc                     - Undefined Weak Reference
    _terminateio                              - Undefined Weak Reference
    __Vectors_Size                           0x000000ec   Number         0  startup_stm32f10x_md.o ABSOLUTE
    __Vectors                                0x08000000   Data           4  startup_stm32f10x_md.o(RESET)
    __Vectors_End                            0x080000ec   Data           0  startup_stm32f10x_md.o(RESET)
    __main                                   0x080000ed   Thumb Code     8  __main.o(!!!main)
    __scatterload                            0x080000f5   Thumb Code     0  __scatter.o(!!!scatter)
    __scatterload_rt2                        0x080000f5   Thumb Code    44  __scatter.o(!!!scatter)
    __scatterload_rt2_thumb_only             0x080000f5   Thumb Code     0  __scatter.o(!!!scatter)
    __scatterload_null                       0x08000103   Thumb Code     0  __scatter.o(!!!scatter)
    __scatterload_copy                       0x08000129   Thumb Code    26  __scatter_copy.o(!!handler_copy)
    __scatterload_zeroinit                   0x08000145   Thumb Code    28  __scatter_zi.o(!!handler_zi)
    __rt_lib_init                            0x08000161   Thumb Code     0  libinit.o(.ARM.Collect$$libinit$$00000000)
    __rt_lib_init_alloca_1                   0x08000163   Thumb Code     0  libinit2.o(.ARM.Collect$$libinit$$00000030)
    __rt_lib_init_argv_1                     0x08000163   Thumb Code     0  libinit2.o(.ARM.Collect$$libinit$$0000002E)
    __rt_lib_init_atexit_1                   0x08000163   Thumb Code     0  libinit2.o(.ARM.Collect$$libinit$$0000001D)
    __rt_lib_init_clock_1                    0x08000163   Thumb Code     0  libinit2.o(.ARM.Collect$$libinit$$00000023)
    __rt_lib_init_cpp_1                      0x08000163   Thumb Code     0  libinit2.o(.ARM.Collect$$libinit$$00000034)
    __rt_lib_init_exceptions_1               0x08000163   Thumb Code     0  libinit2.o(.ARM.Collect$$libinit$$00000032)
    __rt_lib_init_fp_1                       0x08000163   Thumb Code     0  libinit2.o(.ARM.Collect$$libinit$$00000002)
    __rt_lib_init_fp_trap_1                  0x08000163   Thumb Code     0  libinit2.o(.ARM.Collect$$libinit$$00000021)
    __rt_lib_init_getenv_1                   0x08000163   Thumb Code     0  libinit2.o(.ARM.Collect$$libinit$$00000025)
    __rt_lib_init_heap_1                     0x08000163   Thumb Code     0  libinit2.o(.ARM.Collect$$libinit$$0000000C)
    __rt_lib_init_lc_collate_1               0x08000163   Thumb Code     0  libinit2.o(.ARM.Collect$$libinit$$00000013)
    __rt_lib_init_lc_ctype_1                 0x08000163   Thumb Code     0  libinit2.o(.ARM.Collect$$libinit$$00000015)
    __rt_lib_init_lc_monetary_1              0x08000163   Thumb Code     0  libinit2.o(.ARM.Collect$$libinit$$00000017)
    __rt_lib_init_lc_numeric_1               0x08000163   Thumb Code     0  libinit2.o(.ARM.Collect$$libinit$$00000019)
    __rt_lib_init_lc_time_1                  0x08000163   Thumb Code     0  libinit2.o(.ARM.Collect$$libinit$$0000001B)
    __rt_lib_init_preinit_1                  0x08000163   Thumb Code     0  libinit2.o(.ARM.Collect$$libinit$$00000006)
    __rt_lib_init_rand_1                     0x08000163   Thumb Code     0  libinit2.o(.ARM.Collect$$libinit$$00000010)
    __rt_lib_init_relocate_pie_1             0x08000163   Thumb Code     0  libinit2.o(.ARM.Collect$$libinit$$00000004)
    __rt_lib_init_return                     0x08000163   Thumb Code     0  libinit2.o(.ARM.Collect$$libinit$$00000035)
    __rt_lib_init_signal_1                   0x08000163   Thumb Code     0  libinit2.o(.ARM.Collect$$libinit$$0000001F)
    __rt_lib_init_stdio_1                    0x08000163   Thumb Code     0  libinit2.o(.ARM.Collect$$libinit$$00000027)
    __rt_lib_init_user_alloc_1               0x08000163   Thumb Code     0  libinit2.o(.ARM.Collect$$libinit$$0000000E)
    __rt_lib_shutdown                        0x08000165   Thumb Code     0  libshutdown.o(.ARM.Collect$$libshutdown$$00000000)
    __rt_lib_shutdown_cpp_1                  0x08000167   Thumb Code     0  libshutdown2.o(.ARM.Collect$$libshutdown$$00000002)
    __rt_lib_shutdown_fp_trap_1              0x08000167   Thumb Code     0  libshutdown2.o(.ARM.Collect$$libshutdown$$00000007)
    __rt_lib_shutdown_heap_1                 0x08000167   Thumb Code     0  libshutdown2.o(.ARM.Collect$$libshutdown$$0000000F)
    __rt_lib_shutdown_return                 0x08000167   Thumb Code     0  libshutdown2.o(.ARM.Collect$$libshutdown$$00000010)
    __rt_lib_shutdown_signal_1               0x08000167   Thumb Code     0  libshutdown2.o(.ARM.Collect$$libshutdown$$0000000A)
    __rt_lib_shutdown_stdio_1                0x08000167   Thumb Code     0  libshutdown2.o(.ARM.Collect$$libshutdown$$00000004)
    __rt_lib_shutdown_user_alloc_1           0x08000167   Thumb Code     0  libshutdown2.o(.ARM.Collect$$libshutdown$$0000000C)
    __rt_entry                               0x08000169   Thumb Code     0  __rtentry.o(.ARM.Collect$$rtentry$$00000000)
    __rt_entry_presh_1                       0x08000169   Thumb Code     0  __rtentry2.o(.ARM.Collect$$rtentry$$00000002)
    __rt_entry_sh                            0x08000169   Thumb Code     0  __rtentry4.o(.ARM.Collect$$rtentry$$00000004)
    __rt_entry_postsh_1                      0x0800016f   Thumb Code     0  __rtentry2.o(.ARM.Collect$$rtentry$$00000008)
    __rt_entry_li                            0x08000177   Thumb Code     0  __rtentry2.o(.ARM.Collect$$rtentry$$0000000A)
    __rt_entry_main                          0x0800017b   Thumb Code     0  __rtentry2.o(.ARM.Collect$$rtentry$$0000000D)
    __rt_entry_postli_1                      0x0800017b   Thumb Code     0  __rtentry2.o(.ARM.Collect$$rtentry$$0000000C)
    __rt_exit                                0x08000183   Thumb Code     0  rtexit.o(.ARM.Collect$$rtexit$$00000000)
    __rt_exit_ls                             0x08000185   Thumb Code     0  rtexit2.o(.ARM.Collect$$rtexit$$00000003)
    __rt_exit_prels_1                        0x08000185   Thumb Code     0  rtexit2.o(.ARM.Collect$$rtexit$$00000002)
    __rt_exit_exit                           0x08000189   Thumb Code     0  rtexit2.o(.ARM.Collect$$rtexit$$00000004)
    Reset_Handler                            0x08000191   Thumb Code     8  startup_stm32f10x_md.o(.text)
    NMI_Handler                              0x08000199   Thumb Code     2  startup_stm32f10x_md.o(.text)
    HardFault_Handler                        0x0800019b   Thumb Code     2  startup_stm32f10x_md.o(.text)
    MemManage_Handler                        0x0800019d   Thumb Code     2  startup_stm32f10x_md.o(.text)
    BusFault_Handler                         0x0800019f   Thumb Code     2  startup_stm32f10x_md.o(.text)
    UsageFault_Handler                       0x080001a1   Thumb Code     2  startup_stm32f10x_md.o(.text)
    DebugMon_Handler                         0x080001a5   Thumb Code     2  startup_stm32f10x_md.o(.text)
    ADC1_2_IRQHandler                        0x080001ab   Thumb Code     0  startup_stm32f10x_md.o(.text)
    CAN1_RX1_IRQHandler                      0x080001ab   Thumb Code     0  startup_stm32f10x_md.o(.text)
    CAN1_SCE_IRQHandler                      0x080001ab   Thumb Code     0  startup_stm32f10x_md.o(.text)
    DMA1_Channel1_IRQHandler                 0x080001ab   Thumb Code     0  startup_stm32f10x_md.o(.text)
    DMA1_Channel2_IRQHandler                 0x080001ab   Thumb Code     0  startup_stm32f10x_md.o(.text)
    DMA1_Channel3_IRQHandler                 0x080001ab   Thumb Code     0  startup_stm32f10x_md.o(.text)
    DMA1_Channel4_IRQHandler                 0x080001ab   Thumb Code     0  startup_stm32f10x_md.o(.text)
    DMA1_Channel5_IRQHandler                 0x080001ab   Thumb Code     0  startup_stm32f10x_md.o(.text)
    DMA1_Channel6_IRQHandler                 0x080001ab   Thumb Code     0  startup_stm32f10x_md.o(.text)
    DMA1_Channel7_IRQHandler                 0x080001ab   Thumb Code     0  startup_stm32f10x_md.o(.text)
    EXTI0_IRQHandler                         0x080001ab   Thumb Code     0  startup_stm32f10x_md.o(.text)
    EXTI15_10_IRQHandler                     0x080001ab   Thumb Code     0  startup_stm32f10x_md.o(.text)
    EXTI1_IRQHandler                         0x080001ab   Thumb Code     0  startup_stm32f10x_md.o(.text)
    EXTI2_IRQHandler                         0x080001ab   Thumb Code     0  startup_stm32f10x_md.o(.text)
    EXTI3_IRQHandler                         0x080001ab   Thumb Code     0  startup_stm32f10x_md.o(.text)
    EXTI4_IRQHandler                         0x080001ab   Thumb Code     0  startup_stm32f10x_md.o(.text)
    EXTI9_5_IRQHandler                       0x080001ab   Thumb Code     0  startup_stm32f10x_md.o(.text)
    FLASH_IRQHandler                         0x080001ab   Thumb Code     0  startup_stm32f10x_md.o(.text)
    I2C1_ER_IRQHandler                       0x080001ab   Thumb Code     0  startup_stm32f10x_md.o(.text)
    I2C1_EV_IRQHandler                       0x080001ab   Thumb Code     0  startup_stm32f10x_md.o(.text)
    I2C2_ER_IRQHandler                       0x080001ab   Thumb Code     0  startup_stm32f10x_md.o(.text)
    I2C2_EV_IRQHandler                       0x080001ab   Thumb Code     0  startup_stm32f10x_md.o(.text)
    PVD_IRQHandler                           0x080001ab   Thumb Code     0  startup_stm32f10x_md.o(.text)
    RCC_IRQHandler                           0x080001ab   Thumb Code     0  startup_stm32f10x_md.o(.text)
    RTCAlarm_IRQHandler                      0x080001ab   Thumb Code     0  startup_stm32f10x_md.o(.text)
    RTC_IRQHandler                           0x080001ab   Thumb Code     0  startup_stm32f10x_md.o(.text)
    SPI1_IRQHandler                          0x080001ab   Thumb Code     0  startup_stm32f10x_md.o(.text)
    SPI2_IRQHandler                          0x080001ab   Thumb Code     0  startup_stm32f10x_md.o(.text)
    TAMPER_IRQHandler                        0x080001ab   Thumb Code     0  startup_stm32f10x_md.o(.text)
    TIM1_BRK_IRQHandler                      0x080001ab   Thumb Code     0  startup_stm32f10x_md.o(.text)
    TIM1_CC_IRQHandler                       0x080001ab   Thumb Code     0  startup_stm32f10x_md.o(.text)
    TIM1_TRG_COM_IRQHandler                  0x080001ab   Thumb Code     0  startup_stm32f10x_md.o(.text)
    TIM1_UP_IRQHandler                       0x080001ab   Thumb Code     0  startup_stm32f10x_md.o(.text)
    TIM2_IRQHandler                          0x080001ab   Thumb Code     0  startup_stm32f10x_md.o(.text)
    TIM3_IRQHandler                          0x080001ab   Thumb Code     0  startup_stm32f10x_md.o(.text)
    TIM4_IRQHandler                          0x080001ab   Thumb Code     0  startup_stm32f10x_md.o(.text)
    USART1_IRQHandler                        0x080001ab   Thumb Code     0  startup_stm32f10x_md.o(.text)
    USART3_IRQHandler                        0x080001ab   Thumb Code     0  startup_stm32f10x_md.o(.text)
    USBWakeUp_IRQHandler                     0x080001ab   Thumb Code     0  startup_stm32f10x_md.o(.text)
    USB_HP_CAN1_TX_IRQHandler                0x080001ab   Thumb Code     0  startup_stm32f10x_md.o(.text)
    USB_LP_CAN1_RX0_IRQHandler               0x080001ab   Thumb Code     0  startup_stm32f10x_md.o(.text)
    WWDG_IRQHandler                          0x080001ab   Thumb Code     0  startup_stm32f10x_md.o(.text)
    __user_initial_stackheap                 0x080001ad   Thumb Code     0  startup_stm32f10x_md.o(.text)
    strlen                                   0x080001d1   Thumb Code    62  strlen.o(.text)
    __aeabi_memcpy                           0x0800020f   Thumb Code     0  rt_memcpy_v6.o(.text)
    __rt_memcpy                              0x0800020f   Thumb Code   138  rt_memcpy_v6.o(.text)
    _memcpy_lastbytes                        0x08000275   Thumb Code     0  rt_memcpy_v6.o(.text)
    __aeabi_memset4                          0x08000299   Thumb Code    16  aeabi_memset4.o(.text)
    __aeabi_memset8                          0x08000299   Thumb Code     0  aeabi_memset4.o(.text)
    __aeabi_memclr                           0x080002a9   Thumb Code     0  rt_memclr.o(.text)
    __rt_memclr                              0x080002a9   Thumb Code     0  rt_memclr.o(.text)
    _memset                                  0x080002ad   Thumb Code    64  rt_memclr.o(.text)
    strcmp                                   0x080002ed   Thumb Code   128  strcmpv7m.o(.text)
    __use_two_region_memory                  0x0800036d   Thumb Code     2  heapauxi.o(.text)
    __rt_heap_escrow$2region                 0x0800036f   Thumb Code     2  heapauxi.o(.text)
    __rt_heap_expand$2region                 0x08000371   Thumb Code     2  heapauxi.o(.text)
    __aeabi_memcpy4                          0x08000373   Thumb Code     0  rt_memcpy_w.o(.text)
    __aeabi_memcpy8                          0x08000373   Thumb Code     0  rt_memcpy_w.o(.text)
    __rt_memcpy_w                            0x08000373   Thumb Code   100  rt_memcpy_w.o(.text)
    _memcpy_lastbytes_aligned                0x080003bb   Thumb Code     0  rt_memcpy_w.o(.text)
    __aeabi_memclr4                          0x080003d7   Thumb Code     0  rt_memclr_w.o(.text)
    __aeabi_memclr8                          0x080003d7   Thumb Code     0  rt_memclr_w.o(.text)
    __rt_memclr_w                            0x080003d7   Thumb Code     0  rt_memclr_w.o(.text)
    _memset_w                                0x080003db   Thumb Code    74  rt_memclr_w.o(.text)
    __user_setup_stackheap                   0x08000425   Thumb Code    74  sys_stackheap_outer.o(.text)
    exit                                     0x0800046f   Thumb Code    18  exit.o(.text)
    __user_libspace                          0x08000481   Thumb Code     8  libspace.o(.text)
    __user_perproc_libspace                  0x08000481   Thumb Code     0  libspace.o(.text)
    _sys_exit                                0x08000489   Thumb Code     8  sys_exit.o(.text)
    __I$use$semihosting                      0x08000495   Thumb Code     0  use_no_semi.o(.text)
    __use_no_semihosting_swi                 0x08000495   Thumb Code     2  use_no_semi.o(.text)
    __semihosting_library_function           0x08000497   Thumb Code     0  indicate_semi.o(.text)
    CLI_Transmit                             0x08000499   Thumb Code    26  cli.o(.text.CLI_Transmit)
    PendSV_Handler                           0x080004c1   Thumb Code    68  port_1.o(.text.PendSV_Handler)
    SVC_Handler                              0x08000511   Thumb Code    36  port_1.o(.text.SVC_Handler)
    SysTick_Handler                          0x08000535   Thumb Code    30  cmsis_os2.o(.text.SysTick_Handler)
    SystemInit                               0x08000555   Thumb Code   272  system_stm32f10x.o(.text.SystemInit)
    USART2_IRQHandler                        0x08000665   Thumb Code    72  main.o(.text.USART2_IRQHandler)
    _mutex_acquire                           0x080006ad   Thumb Code    36  clib_arm.o(.text._mutex_acquire)
    _mutex_free                              0x080006d1   Thumb Code    48  clib_arm.o(.text._mutex_free)
    _mutex_initialize                        0x08000701   Thumb Code    90  clib_arm.o(.text._mutex_initialize)
    _mutex_release                           0x0800075d   Thumb Code    38  clib_arm.o(.text._mutex_release)
    _platform_post_stackheap_init            0x08000785   Thumb Code     2  clib_arm.o(.text._platform_post_stackheap_init)
    clockInit                                0x08000789   Thumb Code   152  clock.o(.text.clockInit)
    main                                     0x08000821   Thumb Code   244  main.o(.text.main)
    message                                  0x080009a9   Thumb Code    20  functions.o(.text.message)
    pinConfigure                             0x080009bd   Thumb Code    42  pin.o(.text.pinConfigure)
    portEnable                               0x080009e9   Thumb Code    18  port.o(.text.portEnable)
    processCommand                           0x080009fd   Thumb Code   412  functions.o(.text.processCommand)
    pvPortMalloc                             0x08001241   Thumb Code   372  heap_4.o(.text.pvPortMalloc)
    pvTaskIncrementMutexHeldCount            0x080013b5   Thumb Code    24  tasks.o(.text.pvTaskIncrementMutexHeldCount)
    pxPortInitialiseStack                    0x080013cd   Thumb Code    32  port_1.o(.text.pxPortInitialiseStack)
    sendbyte                                 0x080013ed   Thumb Code    26  usart.o(.text.sendbyte)
    serial_close                             0x08001409   Thumb Code    32  usart.o(.text.serial_close)
    serial_open                              0x08001429   Thumb Code   124  usart.o(.text.serial_open)
    uxListRemove                             0x080014a5   Thumb Code    36  list.o(.text.uxListRemove)
    uxTaskGetNumberOfTasks                   0x080014c9   Thumb Code    12  tasks.o(.text.uxTaskGetNumberOfTasks)
    vApplicationGetIdleTaskMemory            0x080014d5   Thumb Code    26  cmsis_os2.o(.text.vApplicationGetIdleTaskMemory)
    vApplicationGetTimerTaskMemory           0x080014f1   Thumb Code    26  cmsis_os2.o(.text.vApplicationGetTimerTaskMemory)
    vApplicationStackOverflowHook            0x0800150d   Thumb Code     2  cmsis_os2.o(.text.vApplicationStackOverflowHook)
    vListInitialise                          0x080015b1   Thumb Code    22  list.o(.text.vListInitialise)
    vListInitialiseItem                      0x080015c9   Thumb Code     6  list.o(.text.vListInitialiseItem)
    vListInsert                              0x080015d1   Thumb Code    58  list.o(.text.vListInsert)
    vPortEnterCritical                       0x0800160d   Thumb Code    32  port_1.o(.text.vPortEnterCritical)
    vPortExitCritical                        0x0800162d   Thumb Code    26  port_1.o(.text.vPortExitCritical)
    vPortFree                                0x08001649   Thumb Code   158  heap_4.o(.text.vPortFree)
    vPortSetupTimerInterrupt                 0x080016e9   Thumb Code    52  port_1.o(.text.vPortSetupTimerInterrupt)
    vQueueDelete                             0x0800171d   Thumb Code    14  queue.o(.text.vQueueDelete)
    vQueueWaitForMessageRestricted           0x0800172d   Thumb Code    70  queue.o(.text.vQueueWaitForMessageRestricted)
    vTaskDelay                               0x08001775   Thumb Code   142  tasks.o(.text.vTaskDelay)
    vTaskInternalSetTimeOutState             0x08001805   Thumb Code    26  tasks.o(.text.vTaskInternalSetTimeOutState)
    vTaskMissedYield                         0x08001821   Thumb Code    14  tasks.o(.text.vTaskMissedYield)
    vTaskPlaceOnEventList                    0x08001831   Thumb Code    32  tasks.o(.text.vTaskPlaceOnEventList)
    vTaskPlaceOnEventListRestricted          0x08001851   Thumb Code    90  tasks.o(.text.vTaskPlaceOnEventListRestricted)
    vTaskPriorityDisinheritAfterTimeout      0x080018ad   Thumb Code   128  tasks.o(.text.vTaskPriorityDisinheritAfterTimeout)
    vTaskStartScheduler                      0x0800192d   Thumb Code   140  tasks.o(.text.vTaskStartScheduler)
    vTaskSuspendAll                          0x080019c1   Thumb Code    16  tasks.o(.text.vTaskSuspendAll)
    vTaskSwitchContext                       0x080019d1   Thumb Code   172  tasks.o(.text.vTaskSwitchContext)
    xPortStartScheduler                      0x08001a7d   Thumb Code    84  port_1.o(.text.xPortStartScheduler)
    xPortSysTickHandler                      0x08001ad1   Thumb Code    46  port_1.o(.text.xPortSysTickHandler)
    xQueueCreateMutex                        0x08001b01   Thumb Code    40  queue.o(.text.xQueueCreateMutex)
    xQueueCreateMutexStatic                  0x08001b29   Thumb Code   120  queue.o(.text.xQueueCreateMutexStatic)
    xQueueGenericCreate                      0x08001ba1   Thumb Code   134  queue.o(.text.xQueueGenericCreate)
    xQueueGenericCreateStatic                0x08001c29   Thumb Code   128  queue.o(.text.xQueueGenericCreateStatic)
    xQueueGenericSend                        0x08001ca9   Thumb Code   418  queue.o(.text.xQueueGenericSend)
    xQueueGenericSendFromISR                 0x08001e4d   Thumb Code   260  queue.o(.text.xQueueGenericSendFromISR)
    xQueueReceive                            0x08001f51   Thumb Code   332  queue.o(.text.xQueueReceive)
    xQueueSemaphoreTake                      0x0800209d   Thumb Code   382  queue.o(.text.xQueueSemaphoreTake)
    xTaskCheckForTimeOut                     0x0800221d   Thumb Code   104  tasks.o(.text.xTaskCheckForTimeOut)
    xTaskCreate                              0x08002285   Thumb Code   210  tasks.o(.text.xTaskCreate)
    xTaskCreateStatic                        0x08002359   Thumb Code   168  tasks.o(.text.xTaskCreateStatic)
    xTaskGetSchedulerState                   0x08002401   Thumb Code    38  tasks.o(.text.xTaskGetSchedulerState)
    xTaskGetTickCount                        0x08002429   Thumb Code    12  tasks.o(.text.xTaskGetTickCount)
    xTaskIncrementTick                       0x08002435   Thumb Code   406  tasks.o(.text.xTaskIncrementTick)
    xTaskPriorityDisinherit                  0x080025cd   Thumb Code   112  tasks.o(.text.xTaskPriorityDisinherit)
    xTaskPriorityInherit                     0x0800263d   Thumb Code   166  tasks.o(.text.xTaskPriorityInherit)
    xTaskRemoveFromEventList                 0x080026e5   Thumb Code   216  tasks.o(.text.xTaskRemoveFromEventList)
    xTaskResumeAll                           0x080027bd   Thumb Code   368  tasks.o(.text.xTaskResumeAll)
    xTimerCreateTimerTask                    0x0800292d   Thumb Code   176  timers.o(.text.xTimerCreateTimerTask)
    uxTopUsedPriority                        0x08002bf8   Data           4  tasks.o(.rodata.uxTopUsedPriority)
    Region$$Table$$Base                      0x08002bfc   Number         0  anon$$obj.o(Region$$Table)
    Region$$Table$$Limit                     0x08002c1c   Number         0  anon$$obj.o(Region$$Table)
    SystemCoreClock                          0x20000000   Data           4  system_stm32f10x.o(.data.SystemCoreClock)
    speed                                    0x20000004   Data           1  main.o(.data.speed)
    __libspace_start                         0x20000010   Data          96  libspace.o(.bss)
    __temporary_stack_top$libspace           0x20000070   Data           0  libspace.o(.bss)
    characterFlag                            0x20000070   Data           4  usart.o(.bss.characterFlag)
    characterReceived                        0x20000074   Data           1  usart.o(.bss.characterReceived)
    cmdBuffer                                0x2000021c   Data          32  main.o(.bss.cmdBuffer)
    cmdIndex                                 0x2000023c   Data           4  main.o(.bss.cmdIndex)
    pxCurrentTCB                             0x200002e4   Data           4  tasks.o(.bss.pxCurrentTCB)
    xQueueCmd                                0x20002bec   Data           4  main.o(.bss.xQueueCmd)
    xQueueUart                               0x20002bf0   Data           4  main.o(.bss.xQueueUart)



==============================================================================

Memory Map of the image

  Image Entry point : 0x08000191

  Load Region LR_1 (Base: 0x08000000, Size: 0x00002c28, Max: 0xffffffff, ABSOLUTE)

    Execution Region ER_RO (Exec base: 0x08000000, Load base: 0x08000000, Size: 0x00002c1c, Max: 0xffffffff, ABSOLUTE)

    Exec Addr    Load Addr    Size         Type   Attr      Idx    E Section Name        Object

    0x08000000   0x08000000   0x000000ec   Data   RO          347    RESET               startup_stm32f10x_md.o
    0x080000ec   0x080000ec   0x00000008   Code   RO          762  * !!!main             c_w.l(__main.o)
    0x080000f4   0x080000f4   0x00000034   Code   RO          929    !!!scatter          c_w.l(__scatter.o)
    0x08000128   0x08000128   0x0000001a   Code   RO          931    !!handler_copy      c_w.l(__scatter_copy.o)
    0x08000142   0x08000142   0x00000002   PAD
    0x08000144   0x08000144   0x0000001c   Code   RO          933    !!handler_zi        c_w.l(__scatter_zi.o)
    0x08000160   0x08000160   0x00000002   Code   RO          791    .ARM.Collect$$libinit$$00000000  c_w.l(libinit.o)
    0x08000162   0x08000162   0x00000000   Code   RO          798    .ARM.Collect$$libinit$$00000002  c_w.l(libinit2.o)
    0x08000162   0x08000162   0x00000000   Code   RO          800    .ARM.Collect$$libinit$$00000004  c_w.l(libinit2.o)
    0x08000162   0x08000162   0x00000000   Code   RO          802    .ARM.Collect$$libinit$$00000006  c_w.l(libinit2.o)
    0x08000162   0x08000162   0x00000000   Code   RO          805    .ARM.Collect$$libinit$$0000000C  c_w.l(libinit2.o)
    0x08000162   0x08000162   0x00000000   Code   RO          807    .ARM.Collect$$libinit$$0000000E  c_w.l(libinit2.o)
    0x08000162   0x08000162   0x00000000   Code   RO          809    .ARM.Collect$$libinit$$00000010  c_w.l(libinit2.o)
    0x08000162   0x08000162   0x00000000   Code   RO          812    .ARM.Collect$$libinit$$00000013  c_w.l(libinit2.o)
    0x08000162   0x08000162   0x00000000   Code   RO          814    .ARM.Collect$$libinit$$00000015  c_w.l(libinit2.o)
    0x08000162   0x08000162   0x00000000   Code   RO          816    .ARM.Collect$$libinit$$00000017  c_w.l(libinit2.o)
    0x08000162   0x08000162   0x00000000   Code   RO          818    .ARM.Collect$$libinit$$00000019  c_w.l(libinit2.o)
    0x08000162   0x08000162   0x00000000   Code   RO          820    .ARM.Collect$$libinit$$0000001B  c_w.l(libinit2.o)
    0x08000162   0x08000162   0x00000000   Code   RO          822    .ARM.Collect$$libinit$$0000001D  c_w.l(libinit2.o)
    0x08000162   0x08000162   0x00000000   Code   RO          824    .ARM.Collect$$libinit$$0000001F  c_w.l(libinit2.o)
    0x08000162   0x08000162   0x00000000   Code   RO          826    .ARM.Collect$$libinit$$00000021  c_w.l(libinit2.o)
    0x08000162   0x08000162   0x00000000   Code   RO          828    .ARM.Collect$$libinit$$00000023  c_w.l(libinit2.o)
    0x08000162   0x08000162   0x00000000   Code   RO          830    .ARM.Collect$$libinit$$00000025  c_w.l(libinit2.o)
    0x08000162   0x08000162   0x00000000   Code   RO          832    .ARM.Collect$$libinit$$00000027  c_w.l(libinit2.o)
    0x08000162   0x08000162   0x00000000   Code   RO          836    .ARM.Collect$$libinit$$0000002E  c_w.l(libinit2.o)
    0x08000162   0x08000162   0x00000000   Code   RO          838    .ARM.Collect$$libinit$$00000030  c_w.l(libinit2.o)
    0x08000162   0x08000162   0x00000000   Code   RO          840    .ARM.Collect$$libinit$$00000032  c_w.l(libinit2.o)
    0x08000162   0x08000162   0x00000000   Code   RO          842    .ARM.Collect$$libinit$$00000034  c_w.l(libinit2.o)
    0x08000162   0x08000162   0x00000002   Code   RO          843    .ARM.Collect$$libinit$$00000035  c_w.l(libinit2.o)
    0x08000164   0x08000164   0x00000002   Code   RO          865    .ARM.Collect$$libshutdown$$00000000  c_w.l(libshutdown.o)
    0x08000166   0x08000166   0x00000000   Code   RO          880    .ARM.Collect$$libshutdown$$00000002  c_w.l(libshutdown2.o)
    0x08000166   0x08000166   0x00000000   Code   RO          882    .ARM.Collect$$libshutdown$$00000004  c_w.l(libshutdown2.o)
    0x08000166   0x08000166   0x00000000   Code   RO          885    .ARM.Collect$$libshutdown$$00000007  c_w.l(libshutdown2.o)
    0x08000166   0x08000166   0x00000000   Code   RO          888    .ARM.Collect$$libshutdown$$0000000A  c_w.l(libshutdown2.o)
    0x08000166   0x08000166   0x00000000   Code   RO          890    .ARM.Collect$$libshutdown$$0000000C  c_w.l(libshutdown2.o)
    0x08000166   0x08000166   0x00000000   Code   RO          893    .ARM.Collect$$libshutdown$$0000000F  c_w.l(libshutdown2.o)
    0x08000166   0x08000166   0x00000002   Code   RO          894    .ARM.Collect$$libshutdown$$00000010  c_w.l(libshutdown2.o)
    0x08000168   0x08000168   0x00000000   Code   RO          764    .ARM.Collect$$rtentry$$00000000  c_w.l(__rtentry.o)
    0x08000168   0x08000168   0x00000000   Code   RO          770    .ARM.Collect$$rtentry$$00000002  c_w.l(__rtentry2.o)
    0x08000168   0x08000168   0x00000006   Code   RO          782    .ARM.Collect$$rtentry$$00000004  c_w.l(__rtentry4.o)
    0x0800016e   0x0800016e   0x00000008   Code   RO          771    .ARM.Collect$$rtentry$$00000008  c_w.l(__rtentry2.o)
    0x08000176   0x08000176   0x00000004   Code   RO          773    .ARM.Collect$$rtentry$$0000000A  c_w.l(__rtentry2.o)
    0x0800017a   0x0800017a   0x00000000   Code   RO          775    .ARM.Collect$$rtentry$$0000000C  c_w.l(__rtentry2.o)
    0x0800017a   0x0800017a   0x00000008   Code   RO          776    .ARM.Collect$$rtentry$$0000000D  c_w.l(__rtentry2.o)
    0x08000182   0x08000182   0x00000002   Code   RO          795    .ARM.Collect$$rtexit$$00000000  c_w.l(rtexit.o)
    0x08000184   0x08000184   0x00000000   Code   RO          845    .ARM.Collect$$rtexit$$00000002  c_w.l(rtexit2.o)
    0x08000184   0x08000184   0x00000004   Code   RO          846    .ARM.Collect$$rtexit$$00000003  c_w.l(rtexit2.o)
    0x08000188   0x08000188   0x00000006   Code   RO          847    .ARM.Collect$$rtexit$$00000004  c_w.l(rtexit2.o)
    0x0800018e   0x0800018e   0x00000002   PAD
    0x08000190   0x08000190   0x00000040   Code   RO          348  * .text               startup_stm32f10x_md.o
    0x080001d0   0x080001d0   0x0000003e   Code   RO          750    .text               c_w.l(strlen.o)
    0x0800020e   0x0800020e   0x0000008a   Code   RO          752    .text               c_w.l(rt_memcpy_v6.o)
    0x08000298   0x08000298   0x00000010   Code   RO          754    .text               c_w.l(aeabi_memset4.o)
    0x080002a8   0x080002a8   0x00000044   Code   RO          756    .text               c_w.l(rt_memclr.o)
    0x080002ec   0x080002ec   0x00000080   Code   RO          758    .text               c_w.l(strcmpv7m.o)
    0x0800036c   0x0800036c   0x00000006   Code   RO          760    .text               c_w.l(heapauxi.o)
    0x08000372   0x08000372   0x00000064   Code   RO          765    .text               c_w.l(rt_memcpy_w.o)
    0x080003d6   0x080003d6   0x0000004e   Code   RO          767    .text               c_w.l(rt_memclr_w.o)
    0x08000424   0x08000424   0x0000004a   Code   RO          784    .text               c_w.l(sys_stackheap_outer.o)
    0x0800046e   0x0800046e   0x00000012   Code   RO          786    .text               c_w.l(exit.o)
    0x08000480   0x08000480   0x00000008   Code   RO          792    .text               c_w.l(libspace.o)
    0x08000488   0x08000488   0x0000000c   Code   RO          855    .text               c_w.l(sys_exit.o)
    0x08000494   0x08000494   0x00000002   Code   RO          870    .text               c_w.l(use_no_semi.o)
    0x08000496   0x08000496   0x00000000   Code   RO          872    .text               c_w.l(indicate_semi.o)
    0x08000496   0x08000496   0x00000002   PAD
    0x08000498   0x08000498   0x0000001a   Code   RO           25    .text.CLI_Transmit  cli.o
    0x080004b2   0x080004b2   0x0000000e   PAD
    0x080004c0   0x080004c0   0x00000044   Code   RO          442    .text.PendSV_Handler  port_1.o
    0x08000504   0x08000504   0x0000000c   PAD
    0x08000510   0x08000510   0x00000024   Code   RO          428    .text.SVC_Handler   port_1.o
    0x08000534   0x08000534   0x0000001e   Code   RO          154    .text.SysTick_Handler  cmsis_os2.o
    0x08000552   0x08000552   0x00000002   PAD
    0x08000554   0x08000554   0x00000110   Code   RO          355    .text.SystemInit    system_stm32f10x.o
    0x08000664   0x08000664   0x00000048   Code   RO            2    .text.USART2_IRQHandler  main.o
    0x080006ac   0x080006ac   0x00000024   Code   RO          106    .text._mutex_acquire  clib_arm.o
    0x080006d0   0x080006d0   0x00000030   Code   RO          110    .text._mutex_free   clib_arm.o
    0x08000700   0x08000700   0x0000005a   Code   RO          104    .text._mutex_initialize  clib_arm.o
    0x0800075a   0x0800075a   0x00000002   PAD
    0x0800075c   0x0800075c   0x00000026   Code   RO          108    .text._mutex_release  clib_arm.o
    0x08000782   0x08000782   0x00000002   PAD
    0x08000784   0x08000784   0x00000002   Code   RO          100    .text._platform_post_stackheap_init  clib_arm.o
    0x08000786   0x08000786   0x00000002   PAD
    0x08000788   0x08000788   0x00000098   Code   RO           37    .text.clockInit     clock.o
    0x08000820   0x08000820   0x00000188   Code   RO            4    .text.main          main.o
    0x080009a8   0x080009a8   0x00000014   Code   RO           53    .text.message       functions.o
    0x080009bc   0x080009bc   0x0000002a   Code   RO           66    .text.pinConfigure  pin.o
    0x080009e6   0x080009e6   0x00000002   PAD
    0x080009e8   0x080009e8   0x00000012   Code   RO           74    .text.portEnable    port.o
    0x080009fa   0x080009fa   0x00000002   PAD
    0x080009fc   0x080009fc   0x0000027c   Code   RO           55    .text.processCommand  functions.o
    0x08000c78   0x08000c78   0x0000009e   Code   RO          564    .text.prvAddCurrentTaskToDelayedList  tasks.o
    0x08000d16   0x08000d16   0x00000002   PAD
    0x08000d18   0x08000d18   0x00000132   Code   RO          554    .text.prvAddNewTaskToReadyList  tasks.o
    0x08000e4a   0x08000e4a   0x00000002   PAD
    0x08000e4c   0x08000e4c   0x00000082   Code   RO          588    .text.prvIdleTask   tasks.o
    0x08000ece   0x08000ece   0x00000002   PAD
    0x08000ed0   0x08000ed0   0x00000020   Code   RO          434    .text.prvPortStartFirstTask  port_1.o
    0x08000ef0   0x08000ef0   0x00000082   Code   RO          730    .text.prvProcessExpiredTimer  timers.o
    0x08000f72   0x08000f72   0x00000002   PAD
    0x08000f74   0x08000f74   0x00000022   Code   RO          426    .text.prvTaskExitError  port_1.o
    0x08000f96   0x08000f96   0x00000002   PAD
    0x08000f98   0x08000f98   0x00000232   Code   RO          692    .text.prvTimerTask  timers.o
    0x080011ca   0x080011ca   0x00000002   PAD
    0x080011cc   0x080011cc   0x00000074   Code   RO          510    .text.prvUnlockQueue  queue.o
    0x08001240   0x08001240   0x00000174   Code   RO          455    .text.pvPortMalloc  heap_4.o
    0x080013b4   0x080013b4   0x00000018   Code   RO          644    .text.pvTaskIncrementMutexHeldCount  tasks.o
    0x080013cc   0x080013cc   0x00000020   Code   RO          424    .text.pxPortInitialiseStack  port_1.o
    0x080013ec   0x080013ec   0x0000001a   Code   RO           86    .text.sendbyte      usart.o
    0x08001406   0x08001406   0x00000002   PAD
    0x08001408   0x08001408   0x00000020   Code   RO           84    .text.serial_close  usart.o
    0x08001428   0x08001428   0x0000007c   Code   RO           82    .text.serial_open   usart.o
    0x080014a4   0x080014a4   0x00000024   Code   RO          414    .text.uxListRemove  list.o
    0x080014c8   0x080014c8   0x0000000c   Code   RO          598    .text.uxTaskGetNumberOfTasks  tasks.o
    0x080014d4   0x080014d4   0x0000001a   Code   RO          302    .text.vApplicationGetIdleTaskMemory  cmsis_os2.o
    0x080014ee   0x080014ee   0x00000002   PAD
    0x080014f0   0x080014f0   0x0000001a   Code   RO          304    .text.vApplicationGetTimerTaskMemory  cmsis_os2.o
    0x0800150a   0x0800150a   0x00000002   PAD
    0x0800150c   0x0800150c   0x00000002   Code   RO          300    .text.vApplicationStackOverflowHook  cmsis_os2.o
    0x0800150e   0x0800150e   0x00000002   PAD
    0x08001510   0x08001510   0x0000002e   Code   RO            6    .text.vBlinkTask    main.o
    0x0800153e   0x0800153e   0x00000002   PAD
    0x08001540   0x08001540   0x00000070   Code   RO            8    .text.vCliTask      main.o
    0x080015b0   0x080015b0   0x00000016   Code   RO          406    .text.vListInitialise  list.o
    0x080015c6   0x080015c6   0x00000002   PAD
    0x080015c8   0x080015c8   0x00000006   Code   RO          408    .text.vListInitialiseItem  list.o
    0x080015ce   0x080015ce   0x00000002   PAD
    0x080015d0   0x080015d0   0x0000003a   Code   RO          412    .text.vListInsert   list.o
    0x0800160a   0x0800160a   0x00000002   PAD
    0x0800160c   0x0800160c   0x00000020   Code   RO          438    .text.vPortEnterCritical  port_1.o
    0x0800162c   0x0800162c   0x0000001a   Code   RO          440    .text.vPortExitCritical  port_1.o
    0x08001646   0x08001646   0x00000002   PAD
    0x08001648   0x08001648   0x0000009e   Code   RO          457    .text.vPortFree     heap_4.o
    0x080016e6   0x080016e6   0x00000002   PAD
    0x080016e8   0x080016e8   0x00000034   Code   RO          432    .text.vPortSetupTimerInterrupt  port_1.o
    0x0800171c   0x0800171c   0x0000000e   Code   RO          530    .text.vQueueDelete  queue.o
    0x0800172a   0x0800172a   0x00000002   PAD
    0x0800172c   0x0800172c   0x00000046   Code   RO          542    .text.vQueueWaitForMessageRestricted  queue.o
    0x08001772   0x08001772   0x00000002   PAD
    0x08001774   0x08001774   0x0000008e   Code   RO          568    .text.vTaskDelay    tasks.o
    0x08001802   0x08001802   0x00000002   PAD
    0x08001804   0x08001804   0x0000001a   Code   RO          618    .text.vTaskInternalSetTimeOutState  tasks.o
    0x0800181e   0x0800181e   0x00000002   PAD
    0x08001820   0x08001820   0x0000000e   Code   RO          622    .text.vTaskMissedYield  tasks.o
    0x0800182e   0x0800182e   0x00000002   PAD
    0x08001830   0x08001830   0x00000020   Code   RO          606    .text.vTaskPlaceOnEventList  tasks.o
    0x08001850   0x08001850   0x0000005a   Code   RO          610    .text.vTaskPlaceOnEventListRestricted  tasks.o
    0x080018aa   0x080018aa   0x00000002   PAD
    0x080018ac   0x080018ac   0x00000080   Code   RO          640    .text.vTaskPriorityDisinheritAfterTimeout  tasks.o
    0x0800192c   0x0800192c   0x00000094   Code   RO          586    .text.vTaskStartScheduler  tasks.o
    0x080019c0   0x080019c0   0x00000010   Code   RO          562    .text.vTaskSuspendAll  tasks.o
    0x080019d0   0x080019d0   0x000000ac   Code   RO          580    .text.vTaskSwitchContext  tasks.o
    0x08001a7c   0x08001a7c   0x00000054   Code   RO          430    .text.xPortStartScheduler  port_1.o
    0x08001ad0   0x08001ad0   0x0000002e   Code   RO          444    .text.xPortSysTickHandler  port_1.o
    0x08001afe   0x08001afe   0x00000002   PAD
    0x08001b00   0x08001b00   0x00000028   Code   RO          490    .text.xQueueCreateMutex  queue.o
    0x08001b28   0x08001b28   0x00000078   Code   RO          492    .text.xQueueCreateMutexStatic  queue.o
    0x08001ba0   0x08001ba0   0x00000086   Code   RO          488    .text.xQueueGenericCreate  queue.o
    0x08001c26   0x08001c26   0x00000002   PAD
    0x08001c28   0x08001c28   0x00000080   Code   RO          486    .text.xQueueGenericCreateStatic  queue.o
    0x08001ca8   0x08001ca8   0x000001a2   Code   RO          500    .text.xQueueGenericSend  queue.o
    0x08001e4a   0x08001e4a   0x00000002   PAD
    0x08001e4c   0x08001e4c   0x00000104   Code   RO          512    .text.xQueueGenericSendFromISR  queue.o
    0x08001f50   0x08001f50   0x0000014c   Code   RO          516    .text.xQueueReceive  queue.o
    0x0800209c   0x0800209c   0x0000017e   Code   RO          504    .text.xQueueSemaphoreTake  queue.o
    0x0800221a   0x0800221a   0x00000002   PAD
    0x0800221c   0x0800221c   0x00000068   Code   RO          620    .text.xTaskCheckForTimeOut  tasks.o
    0x08002284   0x08002284   0x000000d2   Code   RO          556    .text.xTaskCreate   tasks.o
    0x08002356   0x08002356   0x00000002   PAD
    0x08002358   0x08002358   0x000000a8   Code   RO          552    .text.xTaskCreateStatic  tasks.o
    0x08002400   0x08002400   0x00000026   Code   RO          634    .text.xTaskGetSchedulerState  tasks.o
    0x08002426   0x08002426   0x00000002   PAD
    0x08002428   0x08002428   0x0000000c   Code   RO          594    .text.xTaskGetTickCount  tasks.o
    0x08002434   0x08002434   0x00000196   Code   RO          592    .text.xTaskIncrementTick  tasks.o
    0x080025ca   0x080025ca   0x00000002   PAD
    0x080025cc   0x080025cc   0x00000070   Code   RO          638    .text.xTaskPriorityDisinherit  tasks.o
    0x0800263c   0x0800263c   0x000000a6   Code   RO          636    .text.xTaskPriorityInherit  tasks.o
    0x080026e2   0x080026e2   0x00000002   PAD
    0x080026e4   0x080026e4   0x000000d8   Code   RO          612    .text.xTaskRemoveFromEventList  tasks.o
    0x080027bc   0x080027bc   0x00000170   Code   RO          566    .text.xTaskResumeAll  tasks.o
    0x0800292c   0x0800292c   0x000000b8   Code   RO          690    .text.xTimerCreateTimerTask  timers.o
    0x080029e4   0x080029e4   0x00000123   Data   RO           13    .rodata.str1.1      main.o
    0x08002b07   0x08002b07   0x000000f1   Data   RO           57    .rodata.str1.1      functions.o
    0x08002bf8   0x08002bf8   0x00000004   Data   RO          661    .rodata.uxTopUsedPriority  tasks.o
    0x08002bfc   0x08002bfc   0x00000020   Data   RO          928    Region$$Table       anon$$obj.o


    Execution Region ER_RW (Exec base: 0x20000000, Load base: 0x08002c1c, Size: 0x0000000c, Max: 0xffffffff, ABSOLUTE)

    Exec Addr    Load Addr    Size         Type   Attr      Idx    E Section Name        Object

    0x20000000   0x08002c1c   0x00000004   Data   RW          359    .data.SystemCoreClock  system_stm32f10x.o
    0x20000004   0x08002c20   0x00000001   Data   RW           10    .data.speed         main.o
    0x20000005   0x08002c21   0x00000003   PAD
    0x20000008   0x08002c24   0x00000004   Data   RW          446    .data.uxCriticalNesting  port_1.o


    Execution Region ER_ZI (Exec base: 0x20000010, Load base: 0x08002c28, Size: 0x00003228, Max: 0xffffffff, ABSOLUTE)

    Exec Addr    Load Addr    Size         Type   Attr      Idx    E Section Name        Object

    0x20000010        -       0x00000060   Zero   RW          793    .bss                c_w.l(libspace.o)
    0x20000070        -       0x00000004   Zero   RW           90    .bss.characterFlag  usart.o
    0x20000074        -       0x00000001   Zero   RW           91    .bss.characterReceived  usart.o
    0x20000075   0x08002c28   0x00000003   PAD
    0x20000078        -       0x00000190   Zero   RW          115    .bss.clib_mutex_cb  clib_arm.o
    0x20000208        -       0x00000014   Zero   RW          114    .bss.clib_mutex_id  clib_arm.o
    0x2000021c        -       0x00000020   Zero   RW           15    .bss.cmdBuffer      main.o
    0x2000023c        -       0x00000004   Zero   RW           11    .bss.cmdIndex       main.o
    0x20000240        -       0x00000050   Zero   RW          740    .bss.prvCheckForValidListAndQueue.ucStaticTimerQueueStorage  timers.o
    0x20000290        -       0x00000050   Zero   RW          739    .bss.prvCheckForValidListAndQueue.xStaticTimerQueue  timers.o
    0x200002e0        -       0x00000004   Zero   RW          736    .bss.prvSampleTimeNow.xLastTime  timers.o
    0x200002e4        -       0x00000004   Zero   RW          660    .bss.pxCurrentTCB   tasks.o
    0x200002e8        -       0x00000004   Zero   RW          734    .bss.pxCurrentTimerList  timers.o
    0x200002ec        -       0x00000004   Zero   RW          668    .bss.pxDelayedTaskList  tasks.o
    0x200002f0        -       0x00000004   Zero   RW          469    .bss.pxEnd          heap_4.o
    0x200002f4        -       0x00000004   Zero   RW          669    .bss.pxOverflowDelayedTaskList  tasks.o
    0x200002f8        -       0x00000004   Zero   RW          735    .bss.pxOverflowTimerList  timers.o
    0x200002fc        -       0x00000460   Zero   RW          671    .bss.pxReadyTasksLists  tasks.o
    0x2000075c        -       0x00002000   Zero   RW          475    .bss.ucHeap         heap_4.o
    0x2000275c        -       0x00000004   Zero   RW          665    .bss.uxCurrentNumberOfTasks  tasks.o
    0x20002760        -       0x00000004   Zero   RW          664    .bss.uxDeletedTasksWaitingCleanUp  tasks.o
    0x20002764        -       0x00000004   Zero   RW          673    .bss.uxSchedulerSuspended  tasks.o
    0x20002768        -       0x00000004   Zero   RW          662    .bss.uxTaskNumber   tasks.o
    0x2000276c        -       0x00000004   Zero   RW          672    .bss.uxTopReadyPriority  tasks.o
    0x20002770        -       0x00000200   Zero   RW          308    .bss.vApplicationGetIdleTaskMemory.Idle_Stack  cmsis_os2.o
    0x20002970        -       0x0000005c   Zero   RW          307    .bss.vApplicationGetIdleTaskMemory.Idle_TCB  cmsis_os2.o
    0x200029cc        -       0x00000140   Zero   RW          310    .bss.vApplicationGetTimerTaskMemory.Timer_Stack  cmsis_os2.o
    0x20002b0c        -       0x0000005c   Zero   RW          309    .bss.vApplicationGetTimerTaskMemory.Timer_TCB  cmsis_os2.o
    0x20002b68        -       0x00000014   Zero   RW          737    .bss.xActiveTimerList1  timers.o
    0x20002b7c        -       0x00000014   Zero   RW          738    .bss.xActiveTimerList2  timers.o
    0x20002b90        -       0x00000014   Zero   RW          680    .bss.xDelayedTaskList1  tasks.o
    0x20002ba4        -       0x00000014   Zero   RW          681    .bss.xDelayedTaskList2  tasks.o
    0x20002bb8        -       0x00000004   Zero   RW          470    .bss.xFreeBytesRemaining  heap_4.o
    0x20002bbc        -       0x00000004   Zero   RW          676    .bss.xIdleTaskHandle  tasks.o
    0x20002bc0        -       0x00000004   Zero   RW          472    .bss.xMinimumEverFreeBytesRemaining  heap_4.o
    0x20002bc4        -       0x00000004   Zero   RW          677    .bss.xNextTaskUnblockTime  tasks.o
    0x20002bc8        -       0x00000004   Zero   RW          679    .bss.xNumOfOverflows  tasks.o
    0x20002bcc        -       0x00000004   Zero   RW          473    .bss.xNumberOfSuccessfulAllocations  heap_4.o
    0x20002bd0        -       0x00000004   Zero   RW          474    .bss.xNumberOfSuccessfulFrees  heap_4.o
    0x20002bd4        -       0x00000004   Zero   RW          678    .bss.xPendedTicks   tasks.o
    0x20002bd8        -       0x00000014   Zero   RW          675    .bss.xPendingReadyList  tasks.o
    0x20002bec        -       0x00000004   Zero   RW           14    .bss.xQueueCmd      main.o
    0x20002bf0        -       0x00000004   Zero   RW           12    .bss.xQueueUart     main.o
    0x20002bf4        -       0x00000004   Zero   RW          666    .bss.xSchedulerRunning  tasks.o
    0x20002bf8        -       0x00000008   Zero   RW          471    .bss.xStart         heap_4.o
    0x20002c00        -       0x00000014   Zero   RW          670    .bss.xSuspendedTaskList  tasks.o
    0x20002c14        -       0x00000014   Zero   RW          663    .bss.xTasksWaitingTermination  tasks.o
    0x20002c28        -       0x00000004   Zero   RW          667    .bss.xTickCount     tasks.o
    0x20002c2c        -       0x00000004   Zero   RW          732    .bss.xTimerQueue    timers.o
    0x20002c30        -       0x00000004   Zero   RW          733    .bss.xTimerTaskHandle  timers.o
    0x20002c34        -       0x00000004   Zero   RW          674    .bss.xYieldPending  tasks.o
    0x20002c38        -       0x00000200   Zero   RW          346    HEAP                startup_stm32f10x_md.o
    0x20002e38        -       0x00000400   Zero   RW          345    STACK               startup_stm32f10x_md.o


==============================================================================

Image component sizes


      Code (inc. data)   RO Data    RW Data    ZI Data      Debug   Object Name

        26          0          0          0          0       1172   cli.o
       214          0          0          0        420       4118   clib_arm.o
       152          0          0          0          0        939   clock.o
        84          0          0          0       1016      59044   cmsis_os2.o
       656        224        241          0          0       3884   functions.o
       530          0          0          0       8220       5277   heap_4.o
       122          0          0          0          0       2364   list.o
       622        160        291          1         44       2929   main.o
        42          0          0          0          0        791   pin.o
        18          0          0          0          0        853   port.o
       442         12          0          4          0       2939   port_1.o
      2014          0          0          0          0      21403   queue.o
        64         26        236          0       1536        864   startup_stm32f10x_md.o
       272          0          0          4          0       2814   system_stm32f10x.o
      3198          8          4          0       1280      36431   tasks.o
       876         18          0          0        220      14292   timers.o
       182          0          0          0          5       4314   usart.o

    ----------------------------------------------------------------------
      9612        460        804         12      12744     164428   Object Totals
         0          0         32          0          0          0   (incl. Generated)
        98         12          0          3          3          0   (incl. Padding)

    ----------------------------------------------------------------------

      Code (inc. data)   RO Data    RW Data    ZI Data      Debug   Library Member Name

         8          0          0          0          0         68   __main.o
         0          0          0          0          0          0   __rtentry.o
        20          0          0          0          0          0   __rtentry2.o
         6          0          0          0          0          0   __rtentry4.o
        52          8          0          0          0          0   __scatter.o
        26          0          0          0          0          0   __scatter_copy.o
        28          0          0          0          0          0   __scatter_zi.o
        16          0          0          0          0         68   aeabi_memset4.o
        18          0          0          0          0         80   exit.o
         6          0          0          0          0        152   heapauxi.o
         0          0          0          0          0          0   indicate_semi.o
         2          0          0          0          0          0   libinit.o
         2          0          0          0          0          0   libinit2.o
         2          0          0          0          0          0   libshutdown.o
         2          0          0          0          0          0   libshutdown2.o
         8          4          0          0         96         68   libspace.o
        68          0          0          0          0         68   rt_memclr.o
        78          0          0          0          0         80   rt_memclr_w.o
       138          0          0          0          0         68   rt_memcpy_v6.o
       100          0          0          0          0         80   rt_memcpy_w.o
         2          0          0          0          0          0   rtexit.o
        10          0          0          0          0          0   rtexit2.o
       128          0          0          0          0         68   strcmpv7m.o
        62          0          0          0          0         76   strlen.o
        12          4          0          0          0         68   sys_exit.o
        74          0          0          0          0         80   sys_stackheap_outer.o
         2          0          0          0          0         68   use_no_semi.o

    ----------------------------------------------------------------------
       876         16          0          0         96       1092   Library Totals
         6          0          0          0          0          0   (incl. Padding)

    ----------------------------------------------------------------------

      Code (inc. data)   RO Data    RW Data    ZI Data      Debug   Library Name

       870         16          0          0         96       1092   c_w.l

    ----------------------------------------------------------------------
       876         16          0          0         96       1092   Library Totals

    ----------------------------------------------------------------------

==============================================================================


      Code (inc. data)   RO Data    RW Data    ZI Data      Debug   

     10488        476        804         12      12840     164748   Grand Totals
     10488        476        804         12      12840     164748   ELF Image Totals
     10488        476        804         12          0          0   ROM Totals

==============================================================================

    Total RO  Size (Code + RO Data)                11292 (  11.03kB)
    Total RW  Size (RW Data + ZI Data)             12852 (  12.55kB)
    Total ROM Size (Code + RO Data + RW Data)      11304 (  11.04kB)

==============================================================================

